<html>
<body>
<pre>
<h1>礦ision Build Log</h1>
<h2>Tool Versions:</h2>
IDE-Version: μVision V5.35.0.0
Copyright (C) 2021 ARM Ltd and ARM Germany GmbH. All rights reserved.
License Information: 志伟 黄, 浙江大学, LIC=03C6R-KGT3A-UH48H-W7W6K-JVCYM-SU19P
 
Tool Versions:
Toolchain:       MDK-ARM Plus  Version: 5.35.0.2
Toolchain Path:  D:\Software\Keil\ARM\ARMCC\Bin
C Compiler:      Armcc.exe V5.06 update 7 (build 960)
Assembler:       Armasm.exe V5.06 update 7 (build 960)
Linker/Locator:  ArmLink.exe V5.06 update 7 (build 960)
Library Manager: ArmAr.exe V5.06 update 7 (build 960)
Hex Converter:   FromElf.exe V5.06 update 7 (build 960)
CPU DLL:         SARMCM3.DLL V5.35.0.2
Dialog DLL:      DCM.DLL V1.17.3.0
Target DLL:      STLink\ST-LINKIII-KEIL_SWO.dll V3.0.9.0
Dialog DLL:      TCM.DLL V1.53.0.0
 
<h2>Project:</h2>
D:\Unicorn\ZJU Files\SRTP\LPS_share\node2\MDK-ARM\LPS.uvprojx
Project File Date:  10/30/2021

<h2>Output:</h2>
*** Using Compiler 'V5.06 update 7 (build 960)', folder: 'D:\Software\Keil\ARM\ARMCC\Bin'
Build target 'LPS'
compiling main.c...
../Core/Inc/route.h(49): warning:  #1295-D: Deprecated declaration init_Route - give arg types
  void init_Route();
../Core/Inc/route.h(64): warning:  #1-D: last line of file ends without a newline
  #endif /* __MAIN_H */
../Core/Src/main.c(111): warning:  #181-D: argument is incompatible with corresponding format string conversion
    printf("Send success!:%s-end\n", p);
../Core/Src/main.c: 3 warnings, 0 errors
compiling route.c...
..\Core\Inc\route.h(49): warning:  #1295-D: Deprecated declaration init_Route - give arg types
  void init_Route();
..\Core\Inc\route.h(64): warning:  #1-D: last line of file ends without a newline
  #endif /* __MAIN_H */
..\Core\Src\route.c(193): warning:  #940-D: missing return statement at end of non-void function "Mesh_Reply_Join" 
  }
..\Core\Src\route.c(265): warning:  #940-D: missing return statement at end of non-void function "Mesh_Handle_Broadcast" 
  }
..\Core\Src\route.c(281): warning:  #940-D: missing return statement at end of non-void function "Mesh_Reply" 
  }
..\Core\Src\route.c(297): warning:  #940-D: missing return statement at end of non-void function "Mesh_transmit" 
  }
..\Core\Src\route.c: 6 warnings, 0 errors
linking...
Program Size: Code=24788 RO-data=25484 RW-data=272 ZI-data=13160  
FromELF: creating hex file...
".\LPS\LPS.axf" - 0 Error(s), 9 Warning(s).

<h2>Software Packages used:</h2>

Package Vendor: ARM
                http://www.keil.com/pack/ARM.CMSIS.5.8.0.pack
                ARM.CMSIS.5.8.0
                CMSIS (Common Microcontroller Software Interface Standard)
   * Component: CORE Version: 5.5.0

Package Vendor: Keil
                http://www.keil.com/pack/Keil.STM32L4xx_DFP.2.6.0.pack
                Keil.STM32L4xx_DFP.2.6.0
                STMicroelectronics STM32L4 Series Device Support, Drivers and Examples

<h2>Collection of Component include folders:</h2>
  .\RTE\_LPS
  D:\Software\Packs\ARM\CMSIS\5.8.0\CMSIS\Core\Include
  D:\Software\Packs\Keil\STM32L4xx_DFP\2.6.0\Drivers\CMSIS\Device\ST\STM32L4xx\Include

<h2>Collection of Component Files used:</h2>

   * Component: ARM::CMSIS:CORE:5.5.0
      Include file:  CMSIS\Core\Include\tz_context.h
Build Time Elapsed:  00:00:04
</pre>
</body>
</html>
