Component: ARM Compiler 5.06 update 6 (build 750) Tool: armlink [4d35ed]

==============================================================================

Section Cross References

    startup_stm32l476xx.o(RESET) refers to startup_stm32l476xx.o(STACK) for __initial_sp
    startup_stm32l476xx.o(RESET) refers to startup_stm32l476xx.o(.text) for Reset_Handler
    startup_stm32l476xx.o(RESET) refers to stm32l4xx_it.o(i.NMI_Handler) for NMI_Handler
    startup_stm32l476xx.o(RESET) refers to stm32l4xx_it.o(i.HardFault_Handler) for HardFault_Handler
    startup_stm32l476xx.o(RESET) refers to stm32l4xx_it.o(i.MemManage_Handler) for MemManage_Handler
    startup_stm32l476xx.o(RESET) refers to stm32l4xx_it.o(i.BusFault_Handler) for BusFault_Handler
    startup_stm32l476xx.o(RESET) refers to stm32l4xx_it.o(i.UsageFault_Handler) for UsageFault_Handler
    startup_stm32l476xx.o(RESET) refers to stm32l4xx_it.o(i.SVC_Handler) for SVC_Handler
    startup_stm32l476xx.o(RESET) refers to stm32l4xx_it.o(i.DebugMon_Handler) for DebugMon_Handler
    startup_stm32l476xx.o(RESET) refers to stm32l4xx_it.o(i.PendSV_Handler) for PendSV_Handler
    startup_stm32l476xx.o(RESET) refers to stm32l4xx_it.o(i.SysTick_Handler) for SysTick_Handler
    startup_stm32l476xx.o(RESET) refers to stm32l4xx_it.o(i.EXTI4_IRQHandler) for EXTI4_IRQHandler
    startup_stm32l476xx.o(RESET) refers to stm32l4xx_it.o(i.EXTI15_10_IRQHandler) for EXTI15_10_IRQHandler
    startup_stm32l476xx.o(.text) refers to system_stm32l4xx.o(i.SystemInit) for SystemInit
    startup_stm32l476xx.o(.text) refers to entry.o(.ARM.Collect$$$$00000000) for __main
    main.o(i.HAL_GPIO_EXTI_Callback) refers to sx1280.o(i.SX1280GetPacketStatus) for SX1280GetPacketStatus
    main.o(i.HAL_GPIO_EXTI_Callback) refers to sx1280.o(i.SX1280GetIrqStatus) for SX1280GetIrqStatus
    main.o(i.HAL_GPIO_EXTI_Callback) refers to sx1280.o(i.SX1280GetRssiInst) for SX1280GetRssiInst
    main.o(i.HAL_GPIO_EXTI_Callback) refers to dflti.o(.text) for __aeabi_i2d
    main.o(i.HAL_GPIO_EXTI_Callback) refers to ddiv.o(.text) for __aeabi_ddiv
    main.o(i.HAL_GPIO_EXTI_Callback) refers to printfa.o(i.__0printf) for __2printf
    main.o(i.SystemClock_Config) refers to memseta.o(.text) for __aeabi_memclr4
    main.o(i.SystemClock_Config) refers to stm32l4xx_hal_rcc.o(i.HAL_RCC_OscConfig) for HAL_RCC_OscConfig
    main.o(i.SystemClock_Config) refers to main.o(i.Error_Handler) for Error_Handler
    main.o(i.SystemClock_Config) refers to stm32l4xx_hal_rcc.o(i.HAL_RCC_ClockConfig) for HAL_RCC_ClockConfig
    main.o(i.SystemClock_Config) refers to stm32l4xx_hal_rcc_ex.o(i.HAL_RCCEx_PeriphCLKConfig) for HAL_RCCEx_PeriphCLKConfig
    main.o(i.SystemClock_Config) refers to stm32l4xx_hal_pwr_ex.o(i.HAL_PWREx_ControlVoltageScaling) for HAL_PWREx_ControlVoltageScaling
    main.o(i.main) refers to stm32l4xx_hal.o(i.HAL_Init) for HAL_Init
    main.o(i.main) refers to main.o(i.SystemClock_Config) for SystemClock_Config
    main.o(i.main) refers to gpio.o(i.MX_GPIO_Init) for MX_GPIO_Init
    main.o(i.main) refers to spi.o(i.MX_SPI1_Init) for MX_SPI1_Init
    main.o(i.main) refers to usart.o(i.MX_USART2_UART_Init) for MX_USART2_UART_Init
    main.o(i.main) refers to segger_rtt.o(i.SEGGER_RTT_ConfigUpBuffer) for SEGGER_RTT_ConfigUpBuffer
    main.o(i.main) refers to printfa.o(i.__0printf) for __2printf
    main.o(i.main) refers to ranging.o(i.RangingSetParams) for RangingSetParams
    main.o(i.main) refers to ranging.o(i.RangingInitRadio) for RangingInitRadio
    main.o(i.main) refers to sx1280.o(i.SX1280GetFirmwareVersion) for SX1280GetFirmwareVersion
    main.o(i.main) refers to ranging.o(i.RangingInit) for RangingInit
    main.o(i.main) refers to stm32l4xx_hal_gpio.o(i.HAL_GPIO_WritePin) for HAL_GPIO_WritePin
    main.o(i.main) refers to stm32l4xx_hal_gpio.o(i.HAL_GPIO_ReadPin) for HAL_GPIO_ReadPin
    main.o(i.main) refers to ranging.o(i.RangingStart) for RangingStart
    main.o(i.main) refers to main.o(.bss) for RTT_UpBuffer
    main.o(i.main) refers to main.o(.data) for RangingDemoAddress
    gpio.o(i.MX_GPIO_Init) refers to memseta.o(.text) for __aeabi_memclr4
    gpio.o(i.MX_GPIO_Init) refers to stm32l4xx_hal_gpio.o(i.HAL_GPIO_WritePin) for HAL_GPIO_WritePin
    gpio.o(i.MX_GPIO_Init) refers to stm32l4xx_hal_gpio.o(i.HAL_GPIO_Init) for HAL_GPIO_Init
    gpio.o(i.MX_GPIO_Init) refers to stm32l4xx_hal_cortex.o(i.HAL_NVIC_SetPriority) for HAL_NVIC_SetPriority
    gpio.o(i.MX_GPIO_Init) refers to stm32l4xx_hal_cortex.o(i.HAL_NVIC_EnableIRQ) for HAL_NVIC_EnableIRQ
    spi.o(i.HAL_SPI_MspDeInit) refers to stm32l4xx_hal_gpio.o(i.HAL_GPIO_DeInit) for HAL_GPIO_DeInit
    spi.o(i.HAL_SPI_MspInit) refers to memseta.o(.text) for __aeabi_memclr4
    spi.o(i.HAL_SPI_MspInit) refers to stm32l4xx_hal_gpio.o(i.HAL_GPIO_Init) for HAL_GPIO_Init
    spi.o(i.MX_SPI1_Init) refers to stm32l4xx_hal_spi.o(i.HAL_SPI_Init) for HAL_SPI_Init
[...]
    ../clib/microlib/printf/printf.c         0x00000000   Number         0  printf2.o ABSOLUTE
    ../clib/microlib/printf/printf.c         0x00000000   Number         0  printf0.o ABSOLUTE
    ../clib/microlib/printf/printf.c         0x00000000   Number         0  printf1.o ABSOLUTE
    ../clib/microlib/printf/printf.c         0x00000000   Number         0  printf8.o ABSOLUTE
    ../clib/microlib/printf/printf.c         0x00000000   Number         0  printfa.o ABSOLUTE
    ../clib/microlib/printf/printf.c         0x00000000   Number         0  printfb.o ABSOLUTE
    ../clib/microlib/printf/stubs.s          0x00000000   Number         0  stubs.o ABSOLUTE
    ../clib/microlib/stdio/streams.c         0x00000000   Number         0  stdout.o ABSOLUTE
    ../clib/microlib/string/memcpy.c         0x00000000   Number         0  memcpyb.o ABSOLUTE
    ../clib/microlib/string/memcpy.c         0x00000000   Number         0  memcpya.o ABSOLUTE
    ../clib/microlib/string/memset.c         0x00000000   Number         0  memseta.o ABSOLUTE
    ../clib/microlib/string/strlen.c         0x00000000   Number         0  strlen.o ABSOLUTE
    ../clib/microlib/stubs.s                 0x00000000   Number         0  iusefp.o ABSOLUTE
    ../clib/scanf.c                          0x00000000   Number         0  scanf_char.o ABSOLUTE
    ../clib/scanf.c                          0x00000000   Number         0  _chval.o ABSOLUTE
    ../clib/scanf.c                          0x00000000   Number         0  _sgetc.o ABSOLUTE
    ../clib/scanf.c                          0x00000000   Number         0  _scanf.o ABSOLUTE
    ../clib/scanf.c                          0x00000000   Number         0  __0sscanf.o ABSOLUTE
    ../clib/scanf.c                          0x00000000   Number         0  _scanf_int.o ABSOLUTE
    ../fplib/microlib/fpadd.c                0x00000000   Number         0  dadd.o ABSOLUTE
    ../fplib/microlib/fpdiv.c                0x00000000   Number         0  ddiv.o ABSOLUTE
    ../fplib/microlib/fpepilogue.c           0x00000000   Number         0  depilogue.o ABSOLUTE
    ../fplib/microlib/fpfix.c                0x00000000   Number         0  dfixui.o ABSOLUTE
    ../fplib/microlib/fpfix.c                0x00000000   Number         0  dfixul.o ABSOLUTE
    ../fplib/microlib/fpflt.c                0x00000000   Number         0  dflti.o ABSOLUTE
    ../fplib/microlib/fpflt.c                0x00000000   Number         0  dfltui.o ABSOLUTE
    ../fplib/microlib/fpmul.c                0x00000000   Number         0  dmul.o ABSOLUTE
    ../fplib/microlib/fpneg.c                0x00000000   Number         0  dneg.o ABSOLUTE
    ../fplib/microlib/fpscalb.c              0x00000000   Number         0  dscalb.o ABSOLUTE
    ../fplib/microlib/fpsqrt.c               0x00000000   Number         0  dsqrt.o ABSOLUTE
    ../mathlib/dunder.c                      0x00000000   Number         0  dunder.o ABSOLUTE
    ../mathlib/fabs.c                        0x00000000   Number         0  fabs.o ABSOLUTE
    ../mathlib/fpclassify.c                  0x00000000   Number         0  fpclassify.o ABSOLUTE
    ../mathlib/poly.c                        0x00000000   Number         0  poly.o ABSOLUTE
    ../mathlib/pow.c                         0x00000000   Number         0  pow_x.o ABSOLUTE
    ../mathlib/pow.c                         0x00000000   Number         0  pow.o ABSOLUTE
    ../mathlib/qnan.c                        0x00000000   Number         0  qnan.o ABSOLUTE
    ../mathlib/sqrt.c                        0x00000000   Number         0  sqrt.o ABSOLUTE
    ../mathlib/sqrt.c                        0x00000000   Number         0  sqrt_x.o ABSOLUTE
    ..\Core\Src\SEGGER_RTT.c                 0x00000000   Number         0  segger_rtt.o ABSOLUTE
    ..\Core\Src\SEGGER_RTT_printf.c          0x00000000   Number         0  segger_rtt_printf.o ABSOLUTE
    ..\Core\Src\gpio.c                       0x00000000   Number         0  gpio.o ABSOLUTE
    ..\Core\Src\main.c                       0x00000000   Number         0  main.o ABSOLUTE
    ..\Core\Src\spi.c                        0x00000000   Number         0  spi.o ABSOLUTE
    ..\Core\Src\stm32l4xx_hal_msp.c          0x00000000   Number         0  stm32l4xx_hal_msp.o ABSOLUTE
    ..\Core\Src\stm32l4xx_it.c               0x00000000   Number         0  stm32l4xx_it.o ABSOLUTE
    ..\Core\Src\system_stm32l4xx.c           0x00000000   Number         0  system_stm32l4xx.o ABSOLUTE
    ..\Core\Src\usart.c                      0x00000000   Number         0  usart.o ABSOLUTE
    ..\Drivers\STM32L4xx_HAL_Driver\Src\stm32l4xx_hal.c 0x00000000   Number         0  stm32l4xx_hal.o ABSOLUTE
    ..\Drivers\STM32L4xx_HAL_Driver\Src\stm32l4xx_hal_cortex.c 0x00000000   Number         0  stm32l4xx_hal_cortex.o ABSOLUTE
    ..\Drivers\STM32L4xx_HAL_Driver\Src\stm32l4xx_hal_dma.c 0x00000000   Number         0  stm32l4xx_hal_dma.o ABSOLUTE
    ..\Drivers\STM32L4xx_HAL_Driver\Src\stm32l4xx_hal_dma_ex.c 0x00000000   Number         0  stm32l4xx_hal_dma_ex.o ABSOLUTE
    ..\Drivers\STM32L4xx_HAL_Driver\Src\stm32l4xx_hal_exti.c 0x00000000   Number         0  stm32l4xx_hal_exti.o ABSOLUTE
    ..\Drivers\STM32L4xx_HAL_Driver\Src\stm32l4xx_hal_flash.c 0x00000000   Number         0  stm32l4xx_hal_flash.o ABSOLUTE
    ..\Drivers\STM32L4xx_HAL_Driver\Src\stm32l4xx_hal_flash_ex.c 0x00000000   Number         0  stm32l4xx_hal_flash_ex.o ABSOLUTE
    ..\Drivers\STM32L4xx_HAL_Driver\Src\stm32l4xx_hal_flash_ramfunc.c 0x00000000   Number         0  stm32l4xx_hal_flash_ramfunc.o ABSOLUTE
    ..\Drivers\STM32L4xx_HAL_Driver\Src\stm32l4xx_hal_gpio.c 0x00000000   Number         0  stm32l4xx_hal_gpio.o ABSOLUTE
    ..\Drivers\STM32L4xx_HAL_Driver\Src\stm32l4xx_hal_i2c.c 0x00000000   Number         0  stm32l4xx_hal_i2c.o ABSOLUTE
    ..\Drivers\STM32L4xx_HAL_Driver\Src\stm32l4xx_hal_i2c_ex.c 0x00000000   Number         0  stm32l4xx_hal_i2c_ex.o ABSOLUTE
    ..\Drivers\STM32L4xx_HAL_Driver\Src\stm32l4xx_hal_pwr.c 0x00000000   Number         0  stm32l4xx_hal_pwr.o ABSOLUTE
    ..\Drivers\STM32L4xx_HAL_Driver\Src\stm32l4xx_hal_pwr_ex.c 0x00000000   Number         0  stm32l4xx_hal_pwr_ex.o ABSOLUTE
    ..\Drivers\STM32L4xx_HAL_Driver\Src\stm32l4xx_hal_rcc.c 0x00000000   Number         0  stm32l4xx_hal_rcc.o ABSOLUTE
    ..\Drivers\STM32L4xx_HAL_Driver\Src\stm32l4xx_hal_rcc_ex.c 0x00000000   Number         0  stm32l4xx_hal_rcc_ex.o ABSOLUTE
    ..\Drivers\STM32L4xx_HAL_Driver\Src\stm32l4xx_hal_spi.c 0x00000000   Number         0  stm32l4xx_hal_spi.o ABSOLUTE
    ..\Drivers\STM32L4xx_HAL_Driver\Src\stm32l4xx_hal_spi_ex.c 0x00000000   Number         0  stm32l4xx_hal_spi_ex.o ABSOLUTE
    ..\Drivers\STM32L4xx_HAL_Driver\Src\stm32l4xx_hal_tim.c 0x00000000   Number         0  stm32l4xx_hal_tim.o ABSOLUTE
    ..\Drivers\STM32L4xx_HAL_Driver\Src\stm32l4xx_hal_tim_ex.c 0x00000000   Number         0  stm32l4xx_hal_tim_ex.o ABSOLUTE
    ..\Drivers\STM32L4xx_HAL_Driver\Src\stm32l4xx_hal_uart.c 0x00000000   Number         0  stm32l4xx_hal_uart.o ABSOLUTE
    ..\Drivers\STM32L4xx_HAL_Driver\Src\stm32l4xx_hal_uart_ex.c 0x00000000   Number         0  stm32l4xx_hal_uart_ex.o ABSOLUTE
    ..\LoRa\Src\ranging.c                    0x00000000   Number         0  ranging.o ABSOLUTE
    ..\LoRa\Src\sx1280-hal.c                 0x00000000   Number         0  sx1280-hal.o ABSOLUTE
    ..\LoRa\Src\sx1280.c                     0x00000000   Number         0  sx1280.o ABSOLUTE
    ..\\LoRa\\Src\\ranging.c                 0x00000000   Number         0  ranging.o ABSOLUTE
    ..\\LoRa\\Src\\sx1280-hal.c              0x00000000   Number         0  sx1280-hal.o ABSOLUTE
    ..\\LoRa\\Src\\sx1280.c                  0x00000000   Number         0  sx1280.o ABSOLUTE
    cdcmple.s                                0x00000000   Number         0  cdcmple.o ABSOLUTE
    cdrcmple.s                               0x00000000   Number         0  cdrcmple.o ABSOLUTE
    dc.s                                     0x00000000   Number         0  dc.o ABSOLUTE
    handlers.s                               0x00000000   Number         0  handlers.o ABSOLUTE
    init.s                                   0x00000000   Number         0  init.o ABSOLUTE
    startup_stm32l476xx.s                    0x00000000   Number         0  startup_stm32l476xx.o ABSOLUTE
    RESET                                    0x08000000   Section      392  startup_stm32l476xx.o(RESET)
    .ARM.Collect$$$$00000000                 0x08000188   Section        0  entry.o(.ARM.Collect$$$$00000000)
    .ARM.Collect$$$$00000001                 0x08000188   Section        4  entry2.o(.ARM.Collect$$$$00000001)
    .ARM.Collect$$$$00000004                 0x0800018c   Section        4  entry5.o(.ARM.Collect$$$$00000004)
    .ARM.Collect$$$$00000008                 0x08000190   Section        0  entry7b.o(.ARM.Collect$$$$00000008)
    .ARM.Collect$$$$0000000A                 0x08000190   Section        0  entry8b.o(.ARM.Collect$$$$0000000A)
    .ARM.Collect$$$$0000000B                 0x08000190   Section        8  entry9a.o(.ARM.Collect$$$$0000000B)
    .ARM.Collect$$$$0000000D                 0x08000198   Section        0  entry10a.o(.ARM.Collect$$$$0000000D)
    .ARM.Collect$$$$0000000F                 0x08000198   Section        0  entry11a.o(.ARM.Collect$$$$0000000F)
    .ARM.Collect$$$$00002712                 0x08000198   Section        4  entry2.o(.ARM.Collect$$$$00002712)
    __lit__00000000                          0x08000198   Data           4  entry2.o(.ARM.Collect$$$$00002712)
    .text                                    0x0800019c   Section       36  startup_stm32l476xx.o(.text)
    $v0                                      0x0800019c   Number         0  startup_stm32l476xx.o(.text)
    .text                                    0x080001c0   Section        0  uldiv.o(.text)
    .text                                    0x08000228   Section        0  memcpya.o(.text)
    .text                                    0x0800024c   Section        0  memseta.o(.text)
    .text                                    0x08000270   Section        0  dadd.o(.text)
    .text                                    0x080003ce   Section        0  dmul.o(.text)
    .text                                    0x080004b8   Section        0  ddiv.o(.text)
    .text                                    0x08000596   Section        0  dflti.o(.text)
    .text                                    0x080005b8   Section        0  dfltui.o(.text)
    .text                                    0x080005d2   Section        0  dfixui.o(.text)
    .text                                    0x08000604   Section        0  uidiv.o(.text)
    .text                                    0x08000630   Section        0  llshl.o(.text)
    .text                                    0x0800064e   Section        0  llushr.o(.text)
    .text                                    0x0800066e   Section        0  llsshr.o(.text)
    .text                                    0x08000692   Section        0  depilogue.o(.text)
    .text                                    0x08000692   Section        0  iusefp.o(.text)
    .text                                    0x0800074c   Section        0  dscalb.o(.text)
    .text                                    0x0800077a   Section        0  dfixul.o(.text)
    .text                                    0x080007ac   Section       48  cdrcmple.o(.text)
    .text                                    0x080007dc   Section       36  init.o(.text)
    .text                                    0x08000800   Section        0  dsqrt.o(.text)
    i.BusFault_Handler                       0x080008a2   Section        0  stm32l4xx_it.o(i.BusFault_Handler)
    i.DebugMon_Handler                       0x080008a6   Section        0  stm32l4xx_it.o(i.DebugMon_Handler)
    i.EXTI15_10_IRQHandler                   0x080008a8   Section        0  stm32l4xx_it.o(i.EXTI15_10_IRQHandler)
    i.EXTI4_IRQHandler                       0x080008b4   Section        0  stm32l4xx_it.o(i.EXTI4_IRQHandler)
    i.Error_Handler                          0x080008be   Section        0  main.o(i.Error_Handler)
    i.HAL_Delay                              0x080008c4   Section        0  stm32l4xx_hal.o(i.HAL_Delay)
    i.HAL_GPIO_EXTI_Callback                 0x080008ec   Section        0  main.o(i.HAL_GPIO_EXTI_Callback)
    i.HAL_GPIO_EXTI_IRQHandler               0x08000970   Section        0  stm32l4xx_hal_gpio.o(i.HAL_GPIO_EXTI_IRQHandler)
    i.HAL_GPIO_Init                          0x0800098c   Section        0  stm32l4xx_hal_gpio.o(i.HAL_GPIO_Init)
    i.HAL_GPIO_ReadPin                       0x08000b90   Section        0  stm32l4xx_hal_gpio.o(i.HAL_GPIO_ReadPin)
    i.HAL_GPIO_WritePin                      0x08000ba0   Section        0  stm32l4xx_hal_gpio.o(i.HAL_GPIO_WritePin)
    i.HAL_GetTick                            0x08000bac   Section        0  stm32l4xx_hal.o(i.HAL_GetTick)
    i.HAL_IncTick                            0x08000bb8   Section        0  stm32l4xx_hal.o(i.HAL_IncTick)
    i.HAL_Init                               0x08000bd0   Section        0  stm32l4xx_hal.o(i.HAL_Init)
    i.HAL_InitTick                           0x08000bf0   Section        0  stm32l4xx_hal.o(i.HAL_InitTick)
    i.HAL_MspInit                            0x08000c48   Section        0  stm32l4xx_hal_msp.o(i.HAL_MspInit)
    i.HAL_NVIC_EnableIRQ                     0x08000c88   Section        0  stm32l4xx_hal_cortex.o(i.HAL_NVIC_EnableIRQ)
    i.HAL_NVIC_SetPriority                   0x08000cb0   Section        0  stm32l4xx_hal_cortex.o(i.HAL_NVIC_SetPriority)
    i.HAL_NVIC_SetPriorityGrouping           0x08000d34   Section        0  stm32l4xx_hal_cortex.o(i.HAL_NVIC_SetPriorityGrouping)
    i.HAL_PWREx_ControlVoltageScaling        0x08000d5c   Section        0  stm32l4xx_hal_pwr_ex.o(i.HAL_PWREx_ControlVoltageScaling)
    i.HAL_PWREx_GetVoltageRange              0x08000de8   Section        0  stm32l4xx_hal_pwr_ex.o(i.HAL_PWREx_GetVoltageRange)
    i.HAL_RCCEx_PeriphCLKConfig              0x08000df8   Section        0  stm32l4xx_hal_rcc_ex.o(i.HAL_RCCEx_PeriphCLKConfig)
    i.HAL_RCC_ClockConfig                    0x080012cc   Section        0  stm32l4xx_hal_rcc.o(i.HAL_RCC_ClockConfig)
    i.HAL_RCC_GetHCLKFreq                    0x08001448   Section        0  stm32l4xx_hal_rcc.o(i.HAL_RCC_GetHCLKFreq)
    i.HAL_RCC_GetPCLK1Freq                   0x08001454   Section        0  stm32l4xx_hal_rcc.o(i.HAL_RCC_GetPCLK1Freq)
    i.HAL_RCC_GetPCLK2Freq                   0x08001478   Section        0  stm32l4xx_hal_rcc.o(i.HAL_RCC_GetPCLK2Freq)
    i.HAL_RCC_GetSysClockFreq                0x0800149c   Section        0  stm32l4xx_hal_rcc.o(i.HAL_RCC_GetSysClockFreq)
    i.HAL_RCC_OscConfig                      0x08001588   Section        0  stm32l4xx_hal_rcc.o(i.HAL_RCC_OscConfig)
    i.HAL_SPI_Init                           0x08001c84   Section        0  stm32l4xx_hal_spi.o(i.HAL_SPI_Init)
    i.HAL_SPI_MspInit                        0x08001d74   Section        0  spi.o(i.HAL_SPI_MspInit)
    i.HAL_SPI_Transmit                       0x08001dec   Section        0  stm32l4xx_hal_spi.o(i.HAL_SPI_Transmit)
    i.HAL_SPI_TransmitReceive                0x08001fdc   Section        0  stm32l4xx_hal_spi.o(i.HAL_SPI_TransmitReceive)
    i.HAL_SYSTICK_Config                     0x0800229e   Section        0  stm32l4xx_hal_cortex.o(i.HAL_SYSTICK_Config)
    i.HAL_UART_GetState                      0x080022d2   Section        0  stm32l4xx_hal_uart.o(i.HAL_UART_GetState)
    i.HAL_UART_Init                          0x080022de   Section        0  stm32l4xx_hal_uart.o(i.HAL_UART_Init)
    i.HAL_UART_MspInit                       0x08002354   Section        0  usart.o(i.HAL_UART_MspInit)
    i.HAL_UART_Transmit                      0x080023cc   Section        0  stm32l4xx_hal_uart.o(i.HAL_UART_Transmit)
    i.HardFault_Handler                      0x080024a4   Section        0  stm32l4xx_it.o(i.HardFault_Handler)
    i.MX_GPIO_Init                           0x080024a8   Section        0  gpio.o(i.MX_GPIO_Init)
    i.MX_SPI1_Init                           0x080025a0   Section        0  spi.o(i.MX_SPI1_Init)
    i.MX_USART2_UART_Init                    0x080025f0   Section        0  usart.o(i.MX_USART2_UART_Init)
    i.MemManage_Handler                      0x08002630   Section        0  stm32l4xx_it.o(i.MemManage_Handler)
    i.NMI_Handler                            0x08002634   Section        0  stm32l4xx_it.o(i.NMI_Handler)
    i.PendSV_Handler                         0x08002638   Section        0  stm32l4xx_it.o(i.PendSV_Handler)
    i.RCCEx_PLLSAI1_Config                   0x0800263c   Section        0  stm32l4xx_hal_rcc_ex.o(i.RCCEx_PLLSAI1_Config)
    RCCEx_PLLSAI1_Config                     0x0800263d   Thumb Code   378  stm32l4xx_hal_rcc_ex.o(i.RCCEx_PLLSAI1_Config)
    i.RCCEx_PLLSAI2_Config                   0x080027c8   Section        0  stm32l4xx_hal_rcc_ex.o(i.RCCEx_PLLSAI2_Config)
    RCCEx_PLLSAI2_Config                     0x080027c9   Thumb Code   342  stm32l4xx_hal_rcc_ex.o(i.RCCEx_PLLSAI2_Config)
    i.RCC_SetFlashLatencyFromMSIRange        0x0800292c   Section        0  stm32l4xx_hal_rcc.o(i.RCC_SetFlashLatencyFromMSIRange)
    RCC_SetFlashLatencyFromMSIRange          0x0800292d   Thumb Code   148  stm32l4xx_hal_rcc.o(i.RCC_SetFlashLatencyFromMSIRange)
    i.RangingInit                            0x080029c8   Section        0  ranging.o(i.RangingInit)
    i.RangingInitRadio                       0x08002aec   Section        0  ranging.o(i.RangingInitRadio)
    i.RangingSetParams                       0x08002b38   Section        0  ranging.o(i.RangingSetParams)
    i.RangingStart                           0x08002b7c   Section        0  ranging.o(i.RangingStart)
    i.SEGGER_RTT_ConfigUpBuffer              0x08002c8c   Section        0  segger_rtt.o(i.SEGGER_RTT_ConfigUpBuffer)
    i.SPI_EndRxTxTransaction                 0x08002d06   Section        0  stm32l4xx_hal_spi.o(i.SPI_EndRxTxTransaction)
    SPI_EndRxTxTransaction                   0x08002d07   Thumb Code   100  stm32l4xx_hal_spi.o(i.SPI_EndRxTxTransaction)
    i.SPI_WaitFifoStateUntilTimeout          0x08002d6c   Section        0  stm32l4xx_hal_spi.o(i.SPI_WaitFifoStateUntilTimeout)
    SPI_WaitFifoStateUntilTimeout            0x08002d6d   Thumb Code   222  stm32l4xx_hal_spi.o(i.SPI_WaitFifoStateUntilTimeout)
    i.SPI_WaitFlagStateUntilTimeout          0x08002e58   Section        0  stm32l4xx_hal_spi.o(i.SPI_WaitFlagStateUntilTimeout)
    SPI_WaitFlagStateUntilTimeout            0x08002e59   Thumb Code   210  stm32l4xx_hal_spi.o(i.SPI_WaitFlagStateUntilTimeout)
    i.SVC_Handler                            0x08002f36   Section        0  stm32l4xx_it.o(i.SVC_Handler)
    i.SX1280ClearIrqStatus                   0x08002f38   Section        0  sx1280.o(i.SX1280ClearIrqStatus)
    i.SX1280GetFirmwareVersion               0x08002f54   Section        0  sx1280.o(i.SX1280GetFirmwareVersion)
    i.SX1280GetIrqStatus                     0x08002f6e   Section        0  sx1280.o(i.SX1280GetIrqStatus)
    i.SX1280GetPacketStatus                  0x08002f88   Section        0  sx1280.o(i.SX1280GetPacketStatus)
    i.SX1280GetPacketType                    0x08003290   Section        0  sx1280.o(i.SX1280GetPacketType)
    i.SX1280GetRssiInst                      0x0800329c   Section        0  sx1280.o(i.SX1280GetRssiInst)
    i.SX1280HalReadCommand                   0x080032b4   Section        0  sx1280-hal.o(i.SX1280HalReadCommand)
    i.SX1280HalReadRegister                  0x08003324   Section        0  sx1280-hal.o(i.SX1280HalReadRegister)
    i.SX1280HalReadRegisters                 0x08003338   Section        0  sx1280-hal.o(i.SX1280HalReadRegisters)
    i.SX1280HalReset                         0x080033b0   Section        0  sx1280-hal.o(i.SX1280HalReset)
    i.SX1280HalWaitOnBusy                    0x080033e0   Section        0  sx1280-hal.o(i.SX1280HalWaitOnBusy)
    i.SX1280HalWriteCommand                  0x0800341c   Section        0  sx1280-hal.o(i.SX1280HalWriteCommand)
    i.SX1280HalWriteRegister                 0x08003470   Section        0  sx1280-hal.o(i.SX1280HalWriteRegister)
    i.SX1280HalWriteRegisters                0x08003480   Section        0  sx1280-hal.o(i.SX1280HalWriteRegisters)
    i.SX1280SetBufferBaseAddresses           0x080034d8   Section        0  sx1280.o(i.SX1280SetBufferBaseAddresses)
    i.SX1280SetDeviceRangingAddress          0x080034f2   Section        0  sx1280.o(i.SX1280SetDeviceRangingAddress)
    i.SX1280SetDioIrqParams                  0x0800352a   Section        0  sx1280.o(i.SX1280SetDioIrqParams)
    i.SX1280SetModulationParams              0x08003574   Section        0  sx1280.o(i.SX1280SetModulationParams)
    i.SX1280SetPacketParams                  0x08003624   Section        0  sx1280.o(i.SX1280SetPacketParams)
    i.SX1280SetPacketType                    0x08003734   Section        0  sx1280.o(i.SX1280SetPacketType)
    i.SX1280SetRangingCalibration            0x08003750   Section        0  sx1280.o(i.SX1280SetRangingCalibration)
    i.SX1280SetRangingRequestAddress         0x08003778   Section        0  sx1280.o(i.SX1280SetRangingRequestAddress)
    i.SX1280SetRangingRole                   0x080037b0   Section        0  sx1280.o(i.SX1280SetRangingRole)
    i.SX1280SetRegulatorMode                 0x080037c2   Section        0  sx1280.o(i.SX1280SetRegulatorMode)
    i.SX1280SetRfFrequency                   0x080037d0   Section        0  sx1280.o(i.SX1280SetRfFrequency)
    i.SX1280SetRx                            0x0800385c   Section        0  sx1280.o(i.SX1280SetRx)
    i.SX1280SetStandby                       0x080038a8   Section        0  sx1280.o(i.SX1280SetStandby)
    i.SX1280SetTx                            0x080038d0   Section        0  sx1280.o(i.SX1280SetTx)
    i.SX1280SetTxParams                      0x0800391c   Section        0  sx1280.o(i.SX1280SetTxParams)
    i.SpiIn                                  0x0800393c   Section        0  sx1280-hal.o(i.SpiIn)
    i.SpiInOut                               0x08003958   Section        0  sx1280-hal.o(i.SpiInOut)
    i.SysTick_Handler                        0x08003978   Section        0  stm32l4xx_it.o(i.SysTick_Handler)
    i.SystemClock_Config                     0x08003980   Section        0  main.o(i.SystemClock_Config)
    i.SystemInit                             0x08003a14   Section        0  system_stm32l4xx.o(i.SystemInit)
    i.UART_AdvFeatureConfig                  0x08003a64   Section        0  stm32l4xx_hal_uart.o(i.UART_AdvFeatureConfig)
    i.UART_CheckIdleState                    0x08003b5c   Section        0  stm32l4xx_hal_uart.o(i.UART_CheckIdleState)
    i.UART_SetConfig                         0x08003bcc   Section        0  stm32l4xx_hal_uart.o(i.UART_SetConfig)
    i.UART_WaitOnFlagUntilTimeout            0x08003f4a   Section        0  stm32l4xx_hal_uart.o(i.UART_WaitOnFlagUntilTimeout)
    i.UsageFault_Handler                     0x08003ffe   Section        0  stm32l4xx_it.o(i.UsageFault_Handler)
    i._DoInit                                0x08004004   Section        0  segger_rtt.o(i._DoInit)
    _DoInit                                  0x08004005   Thumb Code    72  segger_rtt.o(i._DoInit)
    i.__0printf                              0x08004068   Section        0  printfa.o(i.__0printf)
    i.__ARM_fpclassify                       0x08004088   Section        0  fpclassify.o(i.__ARM_fpclassify)
    i.__NVIC_GetPriorityGrouping             0x080040b8   Section        0  stm32l4xx_hal_cortex.o(i.__NVIC_GetPriorityGrouping)
    __NVIC_GetPriorityGrouping               0x080040b9   Thumb Code    10  stm32l4xx_hal_cortex.o(i.__NVIC_GetPriorityGrouping)
    i.__NVIC_SetPriority                     0x080040c8   Section        0  stm32l4xx_hal_cortex.o(i.__NVIC_SetPriority)
    __NVIC_SetPriority                       0x080040c9   Thumb Code    32  stm32l4xx_hal_cortex.o(i.__NVIC_SetPriority)
    i.__hardfp_pow                           0x080040f0   Section        0  pow.o(i.__hardfp_pow)
    i.__kernel_poly                          0x08004d70   Section        0  poly.o(i.__kernel_poly)
    i.__mathlib_dbl_divzero                  0x08004e68   Section        0  dunder.o(i.__mathlib_dbl_divzero)
    i.__mathlib_dbl_infnan2                  0x08004e98   Section        0  dunder.o(i.__mathlib_dbl_infnan2)
    i.__mathlib_dbl_invalid                  0x08004eb0   Section        0  dunder.o(i.__mathlib_dbl_invalid)
    i.__mathlib_dbl_overflow                 0x08004ed0   Section        0  dunder.o(i.__mathlib_dbl_overflow)
    i.__mathlib_dbl_underflow                0x08004ef0   Section        0  dunder.o(i.__mathlib_dbl_underflow)
    i.__scatterload_copy                     0x08004f10   Section       14  handlers.o(i.__scatterload_copy)
    i.__scatterload_null                     0x08004f1e   Section        2  handlers.o(i.__scatterload_null)
    i.__scatterload_zeroinit                 0x08004f20   Section       14  handlers.o(i.__scatterload_zeroinit)
    i.__set_errno                            0x08004f30   Section        0  errno.o(i.__set_errno)
    i._fp_digits                             0x08004f3c   Section        0  printfa.o(i._fp_digits)
    _fp_digits                               0x08004f3d   Thumb Code   366  printfa.o(i._fp_digits)
    i._printf_core                           0x080050c8   Section        0  printfa.o(i._printf_core)
    _printf_core                             0x080050c9   Thumb Code  1744  printfa.o(i._printf_core)
    i._printf_post_padding                   0x080057aa   Section        0  printfa.o(i._printf_post_padding)
    _printf_post_padding                     0x080057ab   Thumb Code    36  printfa.o(i._printf_post_padding)
    i._printf_pre_padding                    0x080057ce   Section        0  printfa.o(i._printf_pre_padding)
    _printf_pre_padding                      0x080057cf   Thumb Code    46  printfa.o(i._printf_pre_padding)
    i.fabs                                   0x080057fc   Section        0  fabs.o(i.fabs)
    i.fputc                                  0x08005814   Section        0  usart.o(i.fputc)
    i.main                                   0x08005840   Section        0  main.o(i.main)
    i.sqrt                                   0x08005908   Section        0  sqrt.o(i.sqrt)
    .constdata                               0x08005976   Section       17  segger_rtt.o(.constdata)
    _aInitStr                                0x08005976   Data          17  segger_rtt.o(.constdata)
    .constdata                               0x08005988   Section       72  system_stm32l4xx.o(.constdata)
    .constdata                               0x080059d0   Section      208  ranging.o(.constdata)
    .constdata                               0x08005aa0   Section    24628  sx1280.o(.constdata)
    .constdata                               0x0800bad8   Section      136  pow.o(.constdata)
    bp                                       0x0800bad8   Data          16  pow.o(.constdata)
    dp_h                                     0x0800bae8   Data          16  pow.o(.constdata)
    dp_l                                     0x0800baf8   Data          16  pow.o(.constdata)
    L                                        0x0800bb08   Data          48  pow.o(.constdata)
    P                                        0x0800bb38   Data          40  pow.o(.constdata)
    .constdata                               0x0800bb60   Section        8  qnan.o(.constdata)
    .data                                    0x20000000   Section       16  main.o(.data)
    .data                                    0x20000010   Section        9  stm32l4xx_hal.o(.data)
    .data                                    0x2000001c   Section        4  system_stm32l4xx.o(.data)
    .data                                    0x20000020   Section       16  ranging.o(.data)
    .data                                    0x20000030   Section      149  sx1280.o(.data)
    PacketType                               0x200000c1   Data           1  sx1280.o(.data)
    LoRaBandwidth                            0x200000c2   Data           1  sx1280.o(.data)
    PollingMode                              0x200000c3   Data           1  sx1280.o(.data)
    IrqState                                 0x200000c4   Data           1  sx1280.o(.data)
    .data                                    0x200000c8   Section        4  stdout.o(.data)
    .data                                    0x200000cc   Section        4  errno.o(.data)
    _errno                                   0x200000cc   Data           4  errno.o(.data)
    .bss                                     0x200000d0   Section     4096  main.o(.bss)
    .bss                                     0x200010d0   Section      100  spi.o(.bss)
    .bss                                     0x20001134   Section      128  usart.o(.bss)
    .bss                                     0x200011b4   Section     1208  segger_rtt.o(.bss)
    _acUpBuffer                              0x2000125c   Data        1024  segger_rtt.o(.bss)
    _acDownBuffer                            0x2000165c   Data          16  segger_rtt.o(.bss)
    .bss                                     0x2000166c   Section       57  ranging.o(.bss)
    .bss                                     0x200016a5   Section      510  sx1280-hal.o(.bss)
    halTxBuffer                              0x200016a5   Data         255  sx1280-hal.o(.bss)
    halRxBuffer                              0x200017a4   Data         255  sx1280-hal.o(.bss)
    STACK                                    0x200018a8   Section     4096  startup_stm32l476xx.o(STACK)

    Global Symbols

    Symbol Name                              Value     Ov Type        Size  Object(Section)

    BuildAttributes$$THM_ISAv4$E$P$D$K$B$S$7EM$VFPi3$EXTD16$VFPS$VFMA$PE$A:L22UL41UL21$X:L11$S22US41US21$IEEE1$IW$USESV6$~STKCKD$USESV7$~SHL$OTIME$ROPI$IEEEX$EBA8$MICROLIB$REQ8$PRES8$EABIv2 0x00000000   Number         0  anon$$obj.o ABSOLUTE
    __ARM_use_no_argv                        0x00000000   Number         0  main.o ABSOLUTE
    _printf_a                                0x00000000   Number         0  stubs.o ABSOLUTE
    _printf_c                                0x00000000   Number         0  stubs.o ABSOLUTE
    _printf_charcount                        0x00000000   Number         0  stubs.o ABSOLUTE
    _printf_d                                0x00000000   Number         0  stubs.o ABSOLUTE
    _printf_e                                0x00000000   Number         0  stubs.o ABSOLUTE
    _printf_f                                0x00000000   Number         0  stubs.o ABSOLUTE
    _printf_flags                            0x00000000   Number         0  stubs.o ABSOLUTE
    _printf_fp_dec                           0x00000000   Number         0  stubs.o ABSOLUTE
    _printf_fp_hex                           0x00000000   Number         0  stubs.o ABSOLUTE
    _printf_g                                0x00000000   Number         0  stubs.o ABSOLUTE
    _printf_i                                0x00000000   Number         0  stubs.o ABSOLUTE
    _printf_int_dec                          0x00000000   Number         0  stubs.o ABSOLUTE
    _printf_l                                0x00000000   Number         0  stubs.o ABSOLUTE
    _printf_lc                               0x00000000   Number         0  stubs.o ABSOLUTE
    _printf_ll                               0x00000000   Number         0  stubs.o ABSOLUTE
    _printf_lld                              0x00000000   Number         0  stubs.o ABSOLUTE
    _printf_lli                              0x00000000   Number         0  stubs.o ABSOLUTE
    _printf_llo                              0x00000000   Number         0  stubs.o ABSOLUTE
    _printf_llu                              0x00000000   Number         0  stubs.o ABSOLUTE
    _printf_llx                              0x00000000   Number         0  stubs.o ABSOLUTE
    _printf_longlong_dec                     0x00000000   Number         0  stubs.o ABSOLUTE
    _printf_longlong_hex                     0x00000000   Number         0  stubs.o ABSOLUTE
    _printf_longlong_oct                     0x00000000   Number         0  stubs.o ABSOLUTE
    _printf_ls                               0x00000000   Number         0  stubs.o ABSOLUTE
    _printf_mbtowc                           0x00000000   Number         0  stubs.o ABSOLUTE
    _printf_n                                0x00000000   Number         0  stubs.o ABSOLUTE
    _printf_o                                0x00000000   Number         0  stubs.o ABSOLUTE
    _printf_p                                0x00000000   Number         0  stubs.o ABSOLUTE
    _printf_percent                          0x00000000   Number         0  stubs.o ABSOLUTE
    _printf_pre_padding                      0x00000000   Number         0  stubs.o ABSOLUTE
    _printf_return_value                     0x00000000   Number         0  stubs.o ABSOLUTE
    _printf_s                                0x00000000   Number         0  stubs.o ABSOLUTE
    _printf_sizespec                         0x00000000   Number         0  stubs.o ABSOLUTE
    _printf_str                              0x00000000   Number         0  stubs.o ABSOLUTE
    _printf_truncate_signed                  0x00000000   Number         0  stubs.o ABSOLUTE
    _printf_truncate_unsigned                0x00000000   Number         0  stubs.o ABSOLUTE
    _printf_u                                0x00000000   Number         0  stubs.o ABSOLUTE
    _printf_wc                               0x00000000   Number         0  stubs.o ABSOLUTE
    _printf_wctomb                           0x00000000   Number         0  stubs.o ABSOLUTE
    _printf_widthprec                        0x00000000   Number         0  stubs.o ABSOLUTE
    _printf_x                                0x00000000   Number         0  stubs.o ABSOLUTE
    __cpp_initialize__aeabi_                  - Undefined Weak Reference
    __cxa_finalize                            - Undefined Weak Reference
    __decompress                              - Undefined Weak Reference
    _clock_init                               - Undefined Weak Reference
    _microlib_exit                            - Undefined Weak Reference
    _scanf_longlong                           - Undefined Weak Reference
    _scanf_real                               - Undefined Weak Reference
    _scanf_string                             - Undefined Weak Reference
    __Vectors_Size                           0x00000188   Number         0  startup_stm32l476xx.o ABSOLUTE
    __Vectors                                0x08000000   Data           4  startup_stm32l476xx.o(RESET)
    __Vectors_End                            0x08000188   Data           0  startup_stm32l476xx.o(RESET)
    __main                                   0x08000189   Thumb Code     0  entry.o(.ARM.Collect$$$$00000000)
    _main_stk                                0x08000189   Thumb Code     0  entry2.o(.ARM.Collect$$$$00000001)
    _main_scatterload                        0x0800018d   Thumb Code     0  entry5.o(.ARM.Collect$$$$00000004)
    __main_after_scatterload                 0x08000191   Thumb Code     0  entry5.o(.ARM.Collect$$$$00000004)
    _main_clock                              0x08000191   Thumb Code     0  entry7b.o(.ARM.Collect$$$$00000008)
    _main_cpp_init                           0x08000191   Thumb Code     0  entry8b.o(.ARM.Collect$$$$0000000A)
    _main_init                               0x08000191   Thumb Code     0  entry9a.o(.ARM.Collect$$$$0000000B)
    __rt_final_cpp                           0x08000199   Thumb Code     0  entry10a.o(.ARM.Collect$$$$0000000D)
    __rt_final_exit                          0x08000199   Thumb Code     0  entry11a.o(.ARM.Collect$$$$0000000F)
    Reset_Handler                            0x0800019d   Thumb Code     8  startup_stm32l476xx.o(.text)
    ADC1_2_IRQHandler                        0x080001b7   Thumb Code     0  startup_stm32l476xx.o(.text)
    ADC3_IRQHandler                          0x080001b7   Thumb Code     0  startup_stm32l476xx.o(.text)
    CAN1_RX0_IRQHandler                      0x080001b7   Thumb Code     0  startup_stm32l476xx.o(.text)
    CAN1_RX1_IRQHandler                      0x080001b7   Thumb Code     0  startup_stm32l476xx.o(.text)
    CAN1_SCE_IRQHandler                      0x080001b7   Thumb Code     0  startup_stm32l476xx.o(.text)
    CAN1_TX_IRQHandler                       0x080001b7   Thumb Code     0  startup_stm32l476xx.o(.text)
    COMP_IRQHandler                          0x080001b7   Thumb Code     0  startup_stm32l476xx.o(.text)
    DFSDM1_FLT0_IRQHandler                   0x080001b7   Thumb Code     0  startup_stm32l476xx.o(.text)
    DFSDM1_FLT1_IRQHandler                   0x080001b7   Thumb Code     0  startup_stm32l476xx.o(.text)
    DFSDM1_FLT2_IRQHandler                   0x080001b7   Thumb Code     0  startup_stm32l476xx.o(.text)
    DFSDM1_FLT3_IRQHandler                   0x080001b7   Thumb Code     0  startup_stm32l476xx.o(.text)
    DMA1_Channel1_IRQHandler                 0x080001b7   Thumb Code     0  startup_stm32l476xx.o(.text)
    DMA1_Channel2_IRQHandler                 0x080001b7   Thumb Code     0  startup_stm32l476xx.o(.text)
    DMA1_Channel3_IRQHandler                 0x080001b7   Thumb Code     0  startup_stm32l476xx.o(.text)
    DMA1_Channel4_IRQHandler                 0x080001b7   Thumb Code     0  startup_stm32l476xx.o(.text)
    DMA1_Channel5_IRQHandler                 0x080001b7   Thumb Code     0  startup_stm32l476xx.o(.text)
    DMA1_Channel6_IRQHandler                 0x080001b7   Thumb Code     0  startup_stm32l476xx.o(.text)
    DMA1_Channel7_IRQHandler                 0x080001b7   Thumb Code     0  startup_stm32l476xx.o(.text)
    DMA2_Channel1_IRQHandler                 0x080001b7   Thumb Code     0  startup_stm32l476xx.o(.text)
    DMA2_Channel2_IRQHandler                 0x080001b7   Thumb Code     0  startup_stm32l476xx.o(.text)
    DMA2_Channel3_IRQHandler                 0x080001b7   Thumb Code     0  startup_stm32l476xx.o(.text)
    DMA2_Channel4_IRQHandler                 0x080001b7   Thumb Code     0  startup_stm32l476xx.o(.text)
    DMA2_Channel5_IRQHandler                 0x080001b7   Thumb Code     0  startup_stm32l476xx.o(.text)
    DMA2_Channel6_IRQHandler                 0x080001b7   Thumb Code     0  startup_stm32l476xx.o(.text)
    DMA2_Channel7_IRQHandler                 0x080001b7   Thumb Code     0  startup_stm32l476xx.o(.text)
    EXTI0_IRQHandler                         0x080001b7   Thumb Code     0  startup_stm32l476xx.o(.text)
    EXTI1_IRQHandler                         0x080001b7   Thumb Code     0  startup_stm32l476xx.o(.text)
    EXTI2_IRQHandler                         0x080001b7   Thumb Code     0  startup_stm32l476xx.o(.text)
    EXTI3_IRQHandler                         0x080001b7   Thumb Code     0  startup_stm32l476xx.o(.text)
    EXTI9_5_IRQHandler                       0x080001b7   Thumb Code     0  startup_stm32l476xx.o(.text)
    FLASH_IRQHandler                         0x080001b7   Thumb Code     0  startup_stm32l476xx.o(.text)
    FMC_IRQHandler                           0x080001b7   Thumb Code     0  startup_stm32l476xx.o(.text)
    FPU_IRQHandler                           0x080001b7   Thumb Code     0  startup_stm32l476xx.o(.text)
    I2C1_ER_IRQHandler                       0x080001b7   Thumb Code     0  startup_stm32l476xx.o(.text)
    I2C1_EV_IRQHandler                       0x080001b7   Thumb Code     0  startup_stm32l476xx.o(.text)
    I2C2_ER_IRQHandler                       0x080001b7   Thumb Code     0  startup_stm32l476xx.o(.text)
    I2C2_EV_IRQHandler                       0x080001b7   Thumb Code     0  startup_stm32l476xx.o(.text)
    I2C3_ER_IRQHandler                       0x080001b7   Thumb Code     0  startup_stm32l476xx.o(.text)
    I2C3_EV_IRQHandler                       0x080001b7   Thumb Code     0  startup_stm32l476xx.o(.text)
    LCD_IRQHandler                           0x080001b7   Thumb Code     0  startup_stm32l476xx.o(.text)
    LPTIM1_IRQHandler                        0x080001b7   Thumb Code     0  startup_stm32l476xx.o(.text)
    LPTIM2_IRQHandler                        0x080001b7   Thumb Code     0  startup_stm32l476xx.o(.text)
    LPUART1_IRQHandler                       0x080001b7   Thumb Code     0  startup_stm32l476xx.o(.text)
    OTG_FS_IRQHandler                        0x080001b7   Thumb Code     0  startup_stm32l476xx.o(.text)
    PVD_PVM_IRQHandler                       0x080001b7   Thumb Code     0  startup_stm32l476xx.o(.text)
    QUADSPI_IRQHandler                       0x080001b7   Thumb Code     0  startup_stm32l476xx.o(.text)
    RCC_IRQHandler                           0x080001b7   Thumb Code     0  startup_stm32l476xx.o(.text)
    RNG_IRQHandler                           0x080001b7   Thumb Code     0  startup_stm32l476xx.o(.text)
    RTC_Alarm_IRQHandler                     0x080001b7   Thumb Code     0  startup_stm32l476xx.o(.text)
    RTC_WKUP_IRQHandler                      0x080001b7   Thumb Code     0  startup_stm32l476xx.o(.text)
    SAI1_IRQHandler                          0x080001b7   Thumb Code     0  startup_stm32l476xx.o(.text)
    SAI2_IRQHandler                          0x080001b7   Thumb Code     0  startup_stm32l476xx.o(.text)
    SDMMC1_IRQHandler                        0x080001b7   Thumb Code     0  startup_stm32l476xx.o(.text)
    SPI1_IRQHandler                          0x080001b7   Thumb Code     0  startup_stm32l476xx.o(.text)
    SPI2_IRQHandler                          0x080001b7   Thumb Code     0  startup_stm32l476xx.o(.text)
    SPI3_IRQHandler                          0x080001b7   Thumb Code     0  startup_stm32l476xx.o(.text)
    SWPMI1_IRQHandler                        0x080001b7   Thumb Code     0  startup_stm32l476xx.o(.text)
    TAMP_STAMP_IRQHandler                    0x080001b7   Thumb Code     0  startup_stm32l476xx.o(.text)
    TIM1_BRK_TIM15_IRQHandler                0x080001b7   Thumb Code     0  startup_stm32l476xx.o(.text)
    TIM1_CC_IRQHandler                       0x080001b7   Thumb Code     0  startup_stm32l476xx.o(.text)
    TIM1_TRG_COM_TIM17_IRQHandler            0x080001b7   Thumb Code     0  startup_stm32l476xx.o(.text)
    TIM1_UP_TIM16_IRQHandler                 0x080001b7   Thumb Code     0  startup_stm32l476xx.o(.text)
    TIM2_IRQHandler                          0x080001b7   Thumb Code     0  startup_stm32l476xx.o(.text)
    TIM3_IRQHandler                          0x080001b7   Thumb Code     0  startup_stm32l476xx.o(.text)
    TIM4_IRQHandler                          0x080001b7   Thumb Code     0  startup_stm32l476xx.o(.text)
    TIM5_IRQHandler                          0x080001b7   Thumb Code     0  startup_stm32l476xx.o(.text)
    TIM6_DAC_IRQHandler                      0x080001b7   Thumb Code     0  startup_stm32l476xx.o(.text)
    TIM7_IRQHandler                          0x080001b7   Thumb Code     0  startup_stm32l476xx.o(.text)
    TIM8_BRK_IRQHandler                      0x080001b7   Thumb Code     0  startup_stm32l476xx.o(.text)
    TIM8_CC_IRQHandler                       0x080001b7   Thumb Code     0  startup_stm32l476xx.o(.text)
    TIM8_TRG_COM_IRQHandler                  0x080001b7   Thumb Code     0  startup_stm32l476xx.o(.text)
    TIM8_UP_IRQHandler                       0x080001b7   Thumb Code     0  startup_stm32l476xx.o(.text)
    TSC_IRQHandler                           0x080001b7   Thumb Code     0  startup_stm32l476xx.o(.text)
    UART4_IRQHandler                         0x080001b7   Thumb Code     0  startup_stm32l476xx.o(.text)
    UART5_IRQHandler                         0x080001b7   Thumb Code     0  startup_stm32l476xx.o(.text)
    USART1_IRQHandler                        0x080001b7   Thumb Code     0  startup_stm32l476xx.o(.text)
    USART2_IRQHandler                        0x080001b7   Thumb Code     0  startup_stm32l476xx.o(.text)
    USART3_IRQHandler                        0x080001b7   Thumb Code     0  startup_stm32l476xx.o(.text)
    WWDG_IRQHandler                          0x080001b7   Thumb Code     0  startup_stm32l476xx.o(.text)
    __aeabi_uldivmod                         0x080001c1   Thumb Code    98  uldiv.o(.text)
    __aeabi_memcpy                           0x08000229   Thumb Code    36  memcpya.o(.text)
    __aeabi_memcpy4                          0x08000229   Thumb Code     0  memcpya.o(.text)
    __aeabi_memcpy8                          0x08000229   Thumb Code     0  memcpya.o(.text)
    __aeabi_memset                           0x0800024d   Thumb Code    14  memseta.o(.text)
    __aeabi_memset4                          0x0800024d   Thumb Code     0  memseta.o(.text)
    __aeabi_memset8                          0x0800024d   Thumb Code     0  memseta.o(.text)
    __aeabi_memclr                           0x0800025b   Thumb Code     4  memseta.o(.text)
    __aeabi_memclr4                          0x0800025b   Thumb Code     0  memseta.o(.text)
    __aeabi_memclr8                          0x0800025b   Thumb Code     0  memseta.o(.text)
    _memset$wrapper                          0x0800025f   Thumb Code    18  memseta.o(.text)
    __aeabi_dadd                             0x08000271   Thumb Code   322  dadd.o(.text)
    __aeabi_dsub                             0x080003b3   Thumb Code     6  dadd.o(.text)
    __aeabi_drsub                            0x080003b9   Thumb Code     6  dadd.o(.text)
    __aeabi_dmul                             0x080003cf   Thumb Code   228  dmul.o(.text)
    __aeabi_ddiv                             0x080004b9   Thumb Code   222  ddiv.o(.text)
    __aeabi_i2d                              0x08000597   Thumb Code    34  dflti.o(.text)
    __aeabi_ui2d                             0x080005b9   Thumb Code    26  dfltui.o(.text)
    __aeabi_d2uiz                            0x080005d3   Thumb Code    50  dfixui.o(.text)
    __aeabi_uidiv                            0x08000605   Thumb Code     0  uidiv.o(.text)
    __aeabi_uidivmod                         0x08000605   Thumb Code    44  uidiv.o(.text)
    __aeabi_llsl                             0x08000631   Thumb Code    30  llshl.o(.text)
    _ll_shift_l                              0x08000631   Thumb Code     0  llshl.o(.text)
    __aeabi_llsr                             0x0800064f   Thumb Code    32  llushr.o(.text)
    _ll_ushift_r                             0x0800064f   Thumb Code     0  llushr.o(.text)
    __aeabi_lasr                             0x0800066f   Thumb Code    36  llsshr.o(.text)
    _ll_sshift_r                             0x0800066f   Thumb Code     0  llsshr.o(.text)
    __I$use$fp                               0x08000693   Thumb Code     0  iusefp.o(.text)
    _double_round                            0x08000693   Thumb Code    30  depilogue.o(.text)
    _double_epilogue                         0x080006b1   Thumb Code   156  depilogue.o(.text)
    __ARM_scalbn                             0x0800074d   Thumb Code    46  dscalb.o(.text)
    scalbn                                   0x0800074d   Thumb Code     0  dscalb.o(.text)
    __aeabi_d2ulz                            0x0800077b   Thumb Code    48  dfixul.o(.text)
    __aeabi_cdrcmple                         0x080007ad   Thumb Code    48  cdrcmple.o(.text)
    __scatterload                            0x080007dd   Thumb Code    28  init.o(.text)
    __scatterload_rt2                        0x080007dd   Thumb Code     0  init.o(.text)
    _dsqrt                                   0x08000801   Thumb Code   162  dsqrt.o(.text)
    BusFault_Handler                         0x080008a3   Thumb Code     4  stm32l4xx_it.o(i.BusFault_Handler)
    DebugMon_Handler                         0x080008a7   Thumb Code     2  stm32l4xx_it.o(i.DebugMon_Handler)
    EXTI15_10_IRQHandler                     0x080008a9   Thumb Code    12  stm32l4xx_it.o(i.EXTI15_10_IRQHandler)
    EXTI4_IRQHandler                         0x080008b5   Thumb Code    10  stm32l4xx_it.o(i.EXTI4_IRQHandler)
    Error_Handler                            0x080008bf   Thumb Code     6  main.o(i.Error_Handler)
    HAL_Delay                                0x080008c5   Thumb Code    36  stm32l4xx_hal.o(i.HAL_Delay)
    HAL_GPIO_EXTI_Callback                   0x080008ed   Thumb Code    88  main.o(i.HAL_GPIO_EXTI_Callback)
    HAL_GPIO_EXTI_IRQHandler                 0x08000971   Thumb Code    24  stm32l4xx_hal_gpio.o(i.HAL_GPIO_EXTI_IRQHandler)
    HAL_GPIO_Init                            0x0800098d   Thumb Code   480  stm32l4xx_hal_gpio.o(i.HAL_GPIO_Init)
    HAL_GPIO_ReadPin                         0x08000b91   Thumb Code    16  stm32l4xx_hal_gpio.o(i.HAL_GPIO_ReadPin)
    HAL_GPIO_WritePin                        0x08000ba1   Thumb Code    10  stm32l4xx_hal_gpio.o(i.HAL_GPIO_WritePin)
    HAL_GetTick                              0x08000bad   Thumb Code     6  stm32l4xx_hal.o(i.HAL_GetTick)
    HAL_IncTick                              0x08000bb9   Thumb Code    16  stm32l4xx_hal.o(i.HAL_IncTick)
    HAL_Init                                 0x08000bd1   Thumb Code    30  stm32l4xx_hal.o(i.HAL_Init)
    HAL_InitTick                             0x08000bf1   Thumb Code    74  stm32l4xx_hal.o(i.HAL_InitTick)
    HAL_MspInit                              0x08000c49   Thumb Code    58  stm32l4xx_hal_msp.o(i.HAL_MspInit)
    HAL_NVIC_EnableIRQ                       0x08000c89   Thumb Code    40  stm32l4xx_hal_cortex.o(i.HAL_NVIC_EnableIRQ)
    HAL_NVIC_SetPriority                     0x08000cb1   Thumb Code   124  stm32l4xx_hal_cortex.o(i.HAL_NVIC_SetPriority)
    HAL_NVIC_SetPriorityGrouping             0x08000d35   Thumb Code    32  stm32l4xx_hal_cortex.o(i.HAL_NVIC_SetPriorityGrouping)
    HAL_PWREx_ControlVoltageScaling          0x08000d5d   Thumb Code   128  stm32l4xx_hal_pwr_ex.o(i.HAL_PWREx_ControlVoltageScaling)
    HAL_PWREx_GetVoltageRange                0x08000de9   Thumb Code    10  stm32l4xx_hal_pwr_ex.o(i.HAL_PWREx_GetVoltageRange)
    HAL_RCCEx_PeriphCLKConfig                0x08000df9   Thumb Code  1230  stm32l4xx_hal_rcc_ex.o(i.HAL_RCCEx_PeriphCLKConfig)
    HAL_RCC_ClockConfig                      0x080012cd   Thumb Code   360  stm32l4xx_hal_rcc.o(i.HAL_RCC_ClockConfig)
    HAL_RCC_GetHCLKFreq                      0x08001449   Thumb Code     6  stm32l4xx_hal_rcc.o(i.HAL_RCC_GetHCLKFreq)
    HAL_RCC_GetPCLK1Freq                     0x08001455   Thumb Code    26  stm32l4xx_hal_rcc.o(i.HAL_RCC_GetPCLK1Freq)
    HAL_RCC_GetPCLK2Freq                     0x08001479   Thumb Code    26  stm32l4xx_hal_rcc.o(i.HAL_RCC_GetPCLK2Freq)
    HAL_RCC_GetSysClockFreq                  0x0800149d   Thumb Code   220  stm32l4xx_hal_rcc.o(i.HAL_RCC_GetSysClockFreq)
    HAL_RCC_OscConfig                        0x08001589   Thumb Code  1772  stm32l4xx_hal_rcc.o(i.HAL_RCC_OscConfig)
    HAL_SPI_Init                             0x08001c85   Thumb Code   240  stm32l4xx_hal_spi.o(i.HAL_SPI_Init)
    HAL_SPI_MspInit                          0x08001d75   Thumb Code   110  spi.o(i.HAL_SPI_MspInit)
    HAL_SPI_Transmit                         0x08001ded   Thumb Code   490  stm32l4xx_hal_spi.o(i.HAL_SPI_Transmit)
    HAL_SPI_TransmitReceive                  0x08001fdd   Thumb Code   700  stm32l4xx_hal_spi.o(i.HAL_SPI_TransmitReceive)
    HAL_SYSTICK_Config                       0x0800229f   Thumb Code    52  stm32l4xx_hal_cortex.o(i.HAL_SYSTICK_Config)
    HAL_UART_GetState                        0x080022d3   Thumb Code    12  stm32l4xx_hal_uart.o(i.HAL_UART_GetState)
    HAL_UART_Init                            0x080022df   Thumb Code   116  stm32l4xx_hal_uart.o(i.HAL_UART_Init)
    HAL_UART_MspInit                         0x08002355   Thumb Code   110  usart.o(i.HAL_UART_MspInit)
    HAL_UART_Transmit                        0x080023cd   Thumb Code   210  stm32l4xx_hal_uart.o(i.HAL_UART_Transmit)
    HardFault_Handler                        0x080024a5   Thumb Code     4  stm32l4xx_it.o(i.HardFault_Handler)
    MX_GPIO_Init                             0x080024a9   Thumb Code   228  gpio.o(i.MX_GPIO_Init)
    MX_SPI1_Init                             0x080025a1   Thumb Code    72  spi.o(i.MX_SPI1_Init)
    MX_USART2_UART_Init                      0x080025f1   Thumb Code    56  usart.o(i.MX_USART2_UART_Init)
    MemManage_Handler                        0x08002631   Thumb Code     4  stm32l4xx_it.o(i.MemManage_Handler)
    NMI_Handler                              0x08002635   Thumb Code     4  stm32l4xx_it.o(i.NMI_Handler)
    PendSV_Handler                           0x08002639   Thumb Code     2  stm32l4xx_it.o(i.PendSV_Handler)
    RangingInit                              0x080029c9   Thumb Code   254  ranging.o(i.RangingInit)
    RangingInitRadio                         0x08002aed   Thumb Code    62  ranging.o(i.RangingInitRadio)
    RangingSetParams                         0x08002b39   Thumb Code    54  ranging.o(i.RangingSetParams)
    RangingStart                             0x08002b7d   Thumb Code   236  ranging.o(i.RangingStart)
    SEGGER_RTT_ConfigUpBuffer                0x08002c8d   Thumb Code   112  segger_rtt.o(i.SEGGER_RTT_ConfigUpBuffer)
    SVC_Handler                              0x08002f37   Thumb Code     2  stm32l4xx_it.o(i.SVC_Handler)
    SX1280ClearIrqStatus                     0x08002f39   Thumb Code    28  sx1280.o(i.SX1280ClearIrqStatus)
    SX1280GetFirmwareVersion                 0x08002f55   Thumb Code    26  sx1280.o(i.SX1280GetFirmwareVersion)
    SX1280GetIrqStatus                       0x08002f6f   Thumb Code    26  sx1280.o(i.SX1280GetIrqStatus)
    SX1280GetPacketStatus                    0x08002f89   Thumb Code   776  sx1280.o(i.SX1280GetPacketStatus)
    SX1280GetPacketType                      0x08003291   Thumb Code     6  sx1280.o(i.SX1280GetPacketType)
    SX1280GetRssiInst                        0x0800329d   Thumb Code    22  sx1280.o(i.SX1280GetRssiInst)
    SX1280HalReadCommand                     0x080032b5   Thumb Code   104  sx1280-hal.o(i.SX1280HalReadCommand)
    SX1280HalReadRegister                    0x08003325   Thumb Code    20  sx1280-hal.o(i.SX1280HalReadRegister)
    SX1280HalReadRegisters                   0x08003339   Thumb Code   110  sx1280-hal.o(i.SX1280HalReadRegisters)
    SX1280HalReset                           0x080033b1   Thumb Code    46  sx1280-hal.o(i.SX1280HalReset)
    SX1280HalWaitOnBusy                      0x080033e1   Thumb Code    54  sx1280-hal.o(i.SX1280HalWaitOnBusy)
    SX1280HalWriteCommand                    0x0800341d   Thumb Code    78  sx1280-hal.o(i.SX1280HalWriteCommand)
    SX1280HalWriteRegister                   0x08003471   Thumb Code    16  sx1280-hal.o(i.SX1280HalWriteRegister)
    SX1280HalWriteRegisters                  0x08003481   Thumb Code    84  sx1280-hal.o(i.SX1280HalWriteRegisters)
    SX1280SetBufferBaseAddresses             0x080034d9   Thumb Code    26  sx1280.o(i.SX1280SetBufferBaseAddresses)
    SX1280SetDeviceRangingAddress            0x080034f3   Thumb Code    56  sx1280.o(i.SX1280SetDeviceRangingAddress)
    SX1280SetDioIrqParams                    0x0800352b   Thumb Code    74  sx1280.o(i.SX1280SetDioIrqParams)
    SX1280SetModulationParams                0x08003575   Thumb Code   168  sx1280.o(i.SX1280SetModulationParams)
    SX1280SetPacketParams                    0x08003625   Thumb Code   268  sx1280.o(i.SX1280SetPacketParams)
    SX1280SetPacketType                      0x08003735   Thumb Code    22  sx1280.o(i.SX1280SetPacketType)
    SX1280SetRangingCalibration              0x08003751   Thumb Code    40  sx1280.o(i.SX1280SetRangingCalibration)
    SX1280SetRangingRequestAddress           0x08003779   Thumb Code    56  sx1280.o(i.SX1280SetRangingRequestAddress)
    SX1280SetRangingRole                     0x080037b1   Thumb Code    18  sx1280.o(i.SX1280SetRangingRole)
    SX1280SetRegulatorMode                   0x080037c3   Thumb Code    14  sx1280.o(i.SX1280SetRegulatorMode)
    SX1280SetRfFrequency                     0x080037d1   Thumb Code   116  sx1280.o(i.SX1280SetRfFrequency)
    SX1280SetRx                              0x0800385d   Thumb Code    72  sx1280.o(i.SX1280SetRx)
    SX1280SetStandby                         0x080038a9   Thumb Code    34  sx1280.o(i.SX1280SetStandby)
    SX1280SetTx                              0x080038d1   Thumb Code    72  sx1280.o(i.SX1280SetTx)
    SX1280SetTxParams                        0x0800391d   Thumb Code    32  sx1280.o(i.SX1280SetTxParams)
    SpiIn                                    0x0800393d   Thumb Code    22  sx1280-hal.o(i.SpiIn)
    SpiInOut                                 0x08003959   Thumb Code    28  sx1280-hal.o(i.SpiInOut)
    SysTick_Handler                          0x08003979   Thumb Code     8  stm32l4xx_it.o(i.SysTick_Handler)
    SystemClock_Config                       0x08003981   Thumb Code   148  main.o(i.SystemClock_Config)
    SystemInit                               0x08003a15   Thumb Code    68  system_stm32l4xx.o(i.SystemInit)
    UART_AdvFeatureConfig                    0x08003a65   Thumb Code   248  stm32l4xx_hal_uart.o(i.UART_AdvFeatureConfig)
    UART_CheckIdleState                      0x08003b5d   Thumb Code   110  stm32l4xx_hal_uart.o(i.UART_CheckIdleState)
    UART_SetConfig                           0x08003bcd   Thumb Code   852  stm32l4xx_hal_uart.o(i.UART_SetConfig)
    UART_WaitOnFlagUntilTimeout              0x08003f4b   Thumb Code   180  stm32l4xx_hal_uart.o(i.UART_WaitOnFlagUntilTimeout)
    UsageFault_Handler                       0x08003fff   Thumb Code     4  stm32l4xx_it.o(i.UsageFault_Handler)
    __0printf                                0x08004069   Thumb Code    22  printfa.o(i.__0printf)
    __1printf                                0x08004069   Thumb Code     0  printfa.o(i.__0printf)
    __2printf                                0x08004069   Thumb Code     0  printfa.o(i.__0printf)
    __c89printf                              0x08004069   Thumb Code     0  printfa.o(i.__0printf)
    printf                                   0x08004069   Thumb Code     0  printfa.o(i.__0printf)
    __ARM_fpclassify                         0x08004089   Thumb Code    48  fpclassify.o(i.__ARM_fpclassify)
    __hardfp_pow                             0x080040f1   Thumb Code  3072  pow.o(i.__hardfp_pow)
    __kernel_poly                            0x08004d71   Thumb Code   248  poly.o(i.__kernel_poly)
    __mathlib_dbl_divzero                    0x08004e69   Thumb Code    28  dunder.o(i.__mathlib_dbl_divzero)
    __mathlib_dbl_infnan2                    0x08004e99   Thumb Code    20  dunder.o(i.__mathlib_dbl_infnan2)
    __mathlib_dbl_invalid                    0x08004eb1   Thumb Code    24  dunder.o(i.__mathlib_dbl_invalid)
    __mathlib_dbl_overflow                   0x08004ed1   Thumb Code    24  dunder.o(i.__mathlib_dbl_overflow)
    __mathlib_dbl_underflow                  0x08004ef1   Thumb Code    24  dunder.o(i.__mathlib_dbl_underflow)
    __scatterload_copy                       0x08004f11   Thumb Code    14  handlers.o(i.__scatterload_copy)
    __scatterload_null                       0x08004f1f   Thumb Code     2  handlers.o(i.__scatterload_null)
    __scatterload_zeroinit                   0x08004f21   Thumb Code    14  handlers.o(i.__scatterload_zeroinit)
    __set_errno                              0x08004f31   Thumb Code     6  errno.o(i.__set_errno)
    fabs                                     0x080057fd   Thumb Code    24  fabs.o(i.fabs)
    fputc                                    0x08005815   Thumb Code    40  usart.o(i.fputc)
    main                                     0x08005841   Thumb Code   122  main.o(i.main)
    sqrt                                     0x08005909   Thumb Code   110  sqrt.o(i.sqrt)
    AHBPrescTable                            0x08005988   Data          16  system_stm32l4xx.o(.constdata)
    APBPrescTable                            0x08005998   Data           8  system_stm32l4xx.o(.constdata)
    MSIRangeTable                            0x080059a0   Data          48  system_stm32l4xx.o(.constdata)
    RNG_CALIB_0400                           0x080059d0   Data          12  ranging.o(.constdata)
    RNG_CALIB_0800                           0x080059dc   Data          12  ranging.o(.constdata)
    RNG_CALIB_1600                           0x080059e8   Data          12  ranging.o(.constdata)
    RNG_FGRAD_0400                           0x080059f8   Data          48  ranging.o(.constdata)
    RNG_FGRAD_0800                           0x08005a28   Data          48  ranging.o(.constdata)
    RNG_FGRAD_1600                           0x08005a58   Data          48  ranging.o(.constdata)
    RangingCorrectionSF5BW0400               0x08005aa0   Data        1280  sx1280.o(.constdata)
    correctionRangingPolynomeSF5BW0400       0x08005fa0   Data          88  sx1280.o(.constdata)
    RangingCorrectionSF6BW0400               0x08005ff8   Data        1280  sx1280.o(.constdata)
    correctionRangingPolynomeSF6BW0400       0x080064f8   Data          88  sx1280.o(.constdata)
    RangingCorrectionSF7BW0400               0x08006550   Data        1280  sx1280.o(.constdata)
    correctionRangingPolynomeSF7BW0400       0x08006a50   Data          88  sx1280.o(.constdata)
    RangingCorrectionSF8BW0400               0x08006aa8   Data        1280  sx1280.o(.constdata)
    correctionRangingPolynomeSF8BW0400       0x08006fa8   Data          88  sx1280.o(.constdata)
    RangingCorrectionSF9BW0400               0x08007000   Data        1280  sx1280.o(.constdata)
    correctionRangingPolynomeSF9BW0400       0x08007500   Data          88  sx1280.o(.constdata)
    RangingCorrectionSF10BW0400              0x08007558   Data        1280  sx1280.o(.constdata)
    correctionRangingPolynomeSF10BW0400      0x08007a58   Data          88  sx1280.o(.constdata)
    RangingCorrectionSF5BW0800               0x08007ab0   Data        1280  sx1280.o(.constdata)
    correctionRangingPolynomeSF5BW0800       0x08007fb0   Data          88  sx1280.o(.constdata)
    RangingCorrectionSF6BW0800               0x08008008   Data        1280  sx1280.o(.constdata)
    correctionRangingPolynomeSF6BW0800       0x08008508   Data          88  sx1280.o(.constdata)
    RangingCorrectionSF7BW0800               0x08008560   Data        1280  sx1280.o(.constdata)
    correctionRangingPolynomeSF7BW0800       0x08008a60   Data          88  sx1280.o(.constdata)
    RangingCorrectionSF8BW0800               0x08008ab8   Data        1280  sx1280.o(.constdata)
    correctionRangingPolynomeSF8BW0800       0x08008fb8   Data          88  sx1280.o(.constdata)
    RangingCorrectionSF9BW0800               0x08009010   Data        1280  sx1280.o(.constdata)
    correctionRangingPolynomeSF9BW0800       0x08009510   Data          88  sx1280.o(.constdata)
    RangingCorrectionSF10BW0800              0x08009568   Data        1280  sx1280.o(.constdata)
    correctionRangingPolynomeSF10BW0800      0x08009a68   Data          88  sx1280.o(.constdata)
    RangingCorrectionSF5BW1600               0x08009ac0   Data        1280  sx1280.o(.constdata)
    correctionRangingPolynomeSF5BW1600       0x08009fc0   Data          88  sx1280.o(.constdata)
    RangingCorrectionSF6BW1600               0x0800a018   Data        1280  sx1280.o(.constdata)
    correctionRangingPolynomeSF6BW1600       0x0800a518   Data          88  sx1280.o(.constdata)
    RangingCorrectionSF7BW1600               0x0800a570   Data        1280  sx1280.o(.constdata)
    correctionRangingPolynomeSF7BW1600       0x0800aa70   Data          88  sx1280.o(.constdata)
    RangingCorrectionSF8BW1600               0x0800aac8   Data        1280  sx1280.o(.constdata)
    correctionRangingPolynomeSF8BW1600       0x0800afc8   Data          88  sx1280.o(.constdata)
    RangingCorrectionSF9BW1600               0x0800b020   Data        1280  sx1280.o(.constdata)
    correctionRangingPolynomeSF9BW1600       0x0800b520   Data          88  sx1280.o(.constdata)
    RangingCorrectionSF10BW1600              0x0800b578   Data        1280  sx1280.o(.constdata)
    correctionRangingPolynomeSF10BW1600      0x0800ba78   Data          88  sx1280.o(.constdata)
    RadioRegsInit                            0x0800bad0   Data           4  sx1280.o(.constdata)
    __mathlib_zero                           0x0800bb60   Data           8  qnan.o(.constdata)
    Region$$Table$$Base                      0x0800bb68   Number         0  anon$$obj.o(Region$$Table)
    Region$$Table$$Limit                     0x0800bb88   Number         0  anon$$obj.o(Region$$Table)
    distance                                 0x20000000   Data           8  main.o(.data)
    RangingDemoAddress                       0x20000008   Data           4  main.o(.data)
    RTT_Value                                0x2000000c   Data           4  main.o(.data)
    uwTick                                   0x20000010   Data           4  stm32l4xx_hal.o(.data)
    uwTickPrio                               0x20000014   Data           4  stm32l4xx_hal.o(.data)
    uwTickFreq                               0x20000018   Data           1  stm32l4xx_hal.o(.data)
    SystemCoreClock                          0x2000001c   Data           4  system_stm32l4xx.o(.data)
    RngBufferSize                            0x20000020   Data           1  ranging.o(.data)
    RngRxIrqMask                             0x20000022   Data           2  ranging.o(.data)
    RngTxIrqMask                             0x20000024   Data           2  ranging.o(.data)
    RngSlaveIrqMask                          0x20000026   Data           2  ranging.o(.data)
    RngMasterIrqMask                         0x20000028   Data           2  ranging.o(.data)
    RngPacketStatus                          0x2000002a   Data           6  ranging.o(.data)
    RangingCorrectionPerSfBwGain             0x20000030   Data          72  sx1280.o(.data)
    RangingCorrectionPolynomesPerSfBw        0x20000078   Data          72  sx1280.o(.data)
    OperatingMode                            0x200000c0   Data           1  sx1280.o(.data)
    __stdout                                 0x200000c8   Data           4  stdout.o(.data)
    RTT_UpBuffer                             0x200000d0   Data        4096  main.o(.bss)
    hspi1                                    0x200010d0   Data         100  spi.o(.bss)
    huart2                                   0x20001134   Data         128  usart.o(.bss)
    _SEGGER_RTT                              0x200011b4   Data         168  segger_rtt.o(.bss)
    RngBuffer                                0x2000166c   Data          20  ranging.o(.bss)
    RngPacketParams                          0x20001680   Data          24  ranging.o(.bss)
    RngModulationParams                      0x20001698   Data          13  ranging.o(.bss)
    __initial_sp                             0x200028a8   Data           0  startup_stm32l476xx.o(STACK)



==============================================================================

Memory Map of the image

  Image Entry point : 0x08000189

  Load Region LR_IROM1 (Base: 0x08000000, Size: 0x0000bc58, Max: 0x00100000, ABSOLUTE)

    Execution Region ER_IROM1 (Exec base: 0x08000000, Load base: 0x08000000, Size: 0x0000bb88, Max: 0x00100000, ABSOLUTE)

    Exec Addr    Load Addr    Size         Type   Attr      Idx    E Section Name        Object

    0x08000000   0x08000000   0x00000188   Data   RO            3    RESET               startup_stm32l476xx.o
    0x08000188   0x08000188   0x00000000   Code   RO         4265  * .ARM.Collect$$$$00000000  mc_w.l(entry.o)
    0x08000188   0x08000188   0x00000004   Code   RO         4592    .ARM.Collect$$$$00000001  mc_w.l(entry2.o)
    0x0800018c   0x0800018c   0x00000004   Code   RO         4595    .ARM.Collect$$$$00000004  mc_w.l(entry5.o)
    0x08000190   0x08000190   0x00000000   Code   RO         4597    .ARM.Collect$$$$00000008  mc_w.l(entry7b.o)
    0x08000190   0x08000190   0x00000000   Code   RO         4599    .ARM.Collect$$$$0000000A  mc_w.l(entry8b.o)
    0x08000190   0x08000190   0x00000008   Code   RO         4600    .ARM.Collect$$$$0000000B  mc_w.l(entry9a.o)
    0x08000198   0x08000198   0x00000000   Code   RO         4602    .ARM.Collect$$$$0000000D  mc_w.l(entry10a.o)
    0x08000198   0x08000198   0x00000000   Code   RO         4604    .ARM.Collect$$$$0000000F  mc_w.l(entry11a.o)
    0x08000198   0x08000198   0x00000004   Code   RO         4593    .ARM.Collect$$$$00002712  mc_w.l(entry2.o)
    0x0800019c   0x0800019c   0x00000024   Code   RO            4    .text               startup_stm32l476xx.o
    0x080001c0   0x080001c0   0x00000068   Code   RO         4268    .text               mc_w.l(uldiv.o)
    0x08000228   0x08000228   0x00000024   Code   RO         4270    .text               mc_w.l(memcpya.o)
    0x0800024c   0x0800024c   0x00000024   Code   RO         4272    .text               mc_w.l(memseta.o)
    0x08000270   0x08000270   0x0000015e   Code   RO         4543    .text               mf_w.l(dadd.o)
    0x080003ce   0x080003ce   0x000000ea   Code   RO         4545    .text               mf_w.l(dmul.o)
    0x080004b8   0x080004b8   0x000000de   Code   RO         4547    .text               mf_w.l(ddiv.o)
    0x08000596   0x08000596   0x00000022   Code   RO         4549    .text               mf_w.l(dflti.o)
    0x080005b8   0x080005b8   0x0000001a   Code   RO         4551    .text               mf_w.l(dfltui.o)
    0x080005d2   0x080005d2   0x00000032   Code   RO         4553    .text               mf_w.l(dfixui.o)
    0x08000604   0x08000604   0x0000002c   Code   RO         4607    .text               mc_w.l(uidiv.o)
    0x08000630   0x08000630   0x0000001e   Code   RO         4609    .text               mc_w.l(llshl.o)
    0x0800064e   0x0800064e   0x00000020   Code   RO         4611    .text               mc_w.l(llushr.o)
    0x0800066e   0x0800066e   0x00000024   Code   RO         4613    .text               mc_w.l(llsshr.o)
    0x08000692   0x08000692   0x00000000   Code   RO         4628    .text               mc_w.l(iusefp.o)
    0x08000692   0x08000692   0x000000ba   Code   RO         4629    .text               mf_w.l(depilogue.o)
    0x0800074c   0x0800074c   0x0000002e   Code   RO         4633    .text               mf_w.l(dscalb.o)
    0x0800077a   0x0800077a   0x00000030   Code   RO         4635    .text               mf_w.l(dfixul.o)
    0x080007aa   0x080007aa   0x00000002   PAD
    0x080007ac   0x080007ac   0x00000030   Code   RO         4637    .text               mf_w.l(cdrcmple.o)
    0x080007dc   0x080007dc   0x00000024   Code   RO         4639    .text               mc_w.l(init.o)
    0x08000800   0x08000800   0x000000a2   Code   RO         4645    .text               mf_w.l(dsqrt.o)
    0x080008a2   0x080008a2   0x00000004   Code   RO          337    i.BusFault_Handler  stm32l4xx_it.o
    0x080008a6   0x080008a6   0x00000002   Code   RO          338    i.DebugMon_Handler  stm32l4xx_it.o
    0x080008a8   0x080008a8   0x0000000c   Code   RO          339    i.EXTI15_10_IRQHandler  stm32l4xx_it.o
    0x080008b4   0x080008b4   0x0000000a   Code   RO          340    i.EXTI4_IRQHandler  stm32l4xx_it.o
    0x080008be   0x080008be   0x00000006   Code   RO           13    i.Error_Handler     main.o
    0x080008c4   0x080008c4   0x00000028   Code   RO         1081    i.HAL_Delay         stm32l4xx_hal.o
    0x080008ec   0x080008ec   0x00000084   Code   RO           14    i.HAL_GPIO_EXTI_Callback  main.o
    0x08000970   0x08000970   0x0000001c   Code   RO         2306    i.HAL_GPIO_EXTI_IRQHandler  stm32l4xx_hal_gpio.o
    0x0800098c   0x0800098c   0x00000204   Code   RO         2307    i.HAL_GPIO_Init     stm32l4xx_hal_gpio.o
    0x08000b90   0x08000b90   0x00000010   Code   RO         2309    i.HAL_GPIO_ReadPin  stm32l4xx_hal_gpio.o
    0x08000ba0   0x08000ba0   0x0000000a   Code   RO         2311    i.HAL_GPIO_WritePin  stm32l4xx_hal_gpio.o
    0x08000baa   0x08000baa   0x00000002   PAD
    0x08000bac   0x08000bac   0x0000000c   Code   RO         1085    i.HAL_GetTick       stm32l4xx_hal.o
    0x08000bb8   0x08000bb8   0x00000018   Code   RO         1091    i.HAL_IncTick       stm32l4xx_hal.o
    0x08000bd0   0x08000bd0   0x0000001e   Code   RO         1092    i.HAL_Init          stm32l4xx_hal.o
    0x08000bee   0x08000bee   0x00000002   PAD
    0x08000bf0   0x08000bf0   0x00000058   Code   RO         1093    i.HAL_InitTick      stm32l4xx_hal.o
    0x08000c48   0x08000c48   0x00000040   Code   RO          424    i.HAL_MspInit       stm32l4xx_hal_msp.o
    0x08000c88   0x08000c88   0x00000028   Code   RO         2854    i.HAL_NVIC_EnableIRQ  stm32l4xx_hal_cortex.o
    0x08000cb0   0x08000cb0   0x00000082   Code   RO         2860    i.HAL_NVIC_SetPriority  stm32l4xx_hal_cortex.o
    0x08000d32   0x08000d32   0x00000002   PAD
    0x08000d34   0x08000d34   0x00000028   Code   RO         2861    i.HAL_NVIC_SetPriorityGrouping  stm32l4xx_hal_cortex.o
    0x08000d5c   0x08000d5c   0x0000008c   Code   RO         2598    i.HAL_PWREx_ControlVoltageScaling  stm32l4xx_hal_pwr_ex.o
    0x08000de8   0x08000de8   0x00000010   Code   RO         2629    i.HAL_PWREx_GetVoltageRange  stm32l4xx_hal_pwr_ex.o
    0x08000df8   0x08000df8   0x000004d4   Code   RO         1940    i.HAL_RCCEx_PeriphCLKConfig  stm32l4xx_hal_rcc_ex.o
    0x080012cc   0x080012cc   0x0000017c   Code   RO         1825    i.HAL_RCC_ClockConfig  stm32l4xx_hal_rcc.o
    0x08001448   0x08001448   0x0000000c   Code   RO         1829    i.HAL_RCC_GetHCLKFreq  stm32l4xx_hal_rcc.o
    0x08001454   0x08001454   0x00000024   Code   RO         1831    i.HAL_RCC_GetPCLK1Freq  stm32l4xx_hal_rcc.o
    0x08001478   0x08001478   0x00000024   Code   RO         1832    i.HAL_RCC_GetPCLK2Freq  stm32l4xx_hal_rcc.o
    0x0800149c   0x0800149c   0x000000ec   Code   RO         1833    i.HAL_RCC_GetSysClockFreq  stm32l4xx_hal_rcc.o
    0x08001588   0x08001588   0x000006fc   Code   RO         1836    i.HAL_RCC_OscConfig  stm32l4xx_hal_rcc.o
    0x08001c84   0x08001c84   0x000000f0   Code   RO          734    i.HAL_SPI_Init      stm32l4xx_hal_spi.o
    0x08001d74   0x08001d74   0x00000078   Code   RO          236    i.HAL_SPI_MspInit   spi.o
    0x08001dec   0x08001dec   0x000001f0   Code   RO          742    i.HAL_SPI_Transmit  stm32l4xx_hal_spi.o
    0x08001fdc   0x08001fdc   0x000002c2   Code   RO          743    i.HAL_SPI_TransmitReceive  stm32l4xx_hal_spi.o
    0x0800229e   0x0800229e   0x00000034   Code   RO         2865    i.HAL_SYSTICK_Config  stm32l4xx_hal_cortex.o
    0x080022d2   0x080022d2   0x0000000c   Code   RO         3123    i.HAL_UART_GetState  stm32l4xx_hal_uart.o
    0x080022de   0x080022de   0x00000074   Code   RO         3125    i.HAL_UART_Init     stm32l4xx_hal_uart.o
    0x08002352   0x08002352   0x00000002   PAD
    0x08002354   0x08002354   0x00000078   Code   RO          278    i.HAL_UART_MspInit  usart.o
    0x080023cc   0x080023cc   0x000000d8   Code   RO         3134    i.HAL_UART_Transmit  stm32l4xx_hal_uart.o
    0x080024a4   0x080024a4   0x00000004   Code   RO          341    i.HardFault_Handler  stm32l4xx_it.o
    0x080024a8   0x080024a8   0x000000f8   Code   RO          207    i.MX_GPIO_Init      gpio.o
    0x080025a0   0x080025a0   0x00000050   Code   RO          237    i.MX_SPI1_Init      spi.o
    0x080025f0   0x080025f0   0x00000040   Code   RO          279    i.MX_USART2_UART_Init  usart.o
    0x08002630   0x08002630   0x00000004   Code   RO          342    i.MemManage_Handler  stm32l4xx_it.o
    0x08002634   0x08002634   0x00000004   Code   RO          343    i.NMI_Handler       stm32l4xx_it.o
    0x08002638   0x08002638   0x00000002   Code   RO          344    i.PendSV_Handler    stm32l4xx_it.o
    0x0800263a   0x0800263a   0x00000002   PAD
    0x0800263c   0x0800263c   0x0000018c   Code   RO         1944    i.RCCEx_PLLSAI1_Config  stm32l4xx_hal_rcc_ex.o
    0x080027c8   0x080027c8   0x00000164   Code   RO         1945    i.RCCEx_PLLSAI2_Config  stm32l4xx_hal_rcc_ex.o
    0x0800292c   0x0800292c   0x0000009c   Code   RO         1837    i.RCC_SetFlashLatencyFromMSIRange  stm32l4xx_hal_rcc.o
    0x080029c8   0x080029c8   0x00000124   Code   RO         3587    i.RangingInit       ranging.o
    0x08002aec   0x08002aec   0x0000004c   Code   RO         3588    i.RangingInitRadio  ranging.o
    0x08002b38   0x08002b38   0x00000044   Code   RO         3589    i.RangingSetParams  ranging.o
    0x08002b7c   0x08002b7c   0x00000110   Code   RO         3590    i.RangingStart      ranging.o
    0x08002c8c   0x08002c8c   0x0000007a   Code   RO          448    i.SEGGER_RTT_ConfigUpBuffer  segger_rtt.o
    0x08002d06   0x08002d06   0x00000064   Code   RO          772    i.SPI_EndRxTxTransaction  stm32l4xx_hal_spi.o
    0x08002d6a   0x08002d6a   0x00000002   PAD
    0x08002d6c   0x08002d6c   0x000000ea   Code   RO          777    i.SPI_WaitFifoStateUntilTimeout  stm32l4xx_hal_spi.o
    0x08002e56   0x08002e56   0x00000002   PAD
    0x08002e58   0x08002e58   0x000000de   Code   RO          778    i.SPI_WaitFlagStateUntilTimeout  stm32l4xx_hal_spi.o
    0x08002f36   0x08002f36   0x00000002   Code   RO          345    i.SVC_Handler       stm32l4xx_it.o
    0x08002f38   0x08002f38   0x0000001c   Code   RO         3650    i.SX1280ClearIrqStatus  sx1280.o
    0x08002f54   0x08002f54   0x0000001a   Code   RO         3654    i.SX1280GetFirmwareVersion  sx1280.o
    0x08002f6e   0x08002f6e   0x0000001a   Code   RO         3657    i.SX1280GetIrqStatus  sx1280.o
    0x08002f88   0x08002f88   0x00000308   Code   RO         3660    i.SX1280GetPacketStatus  sx1280.o
    0x08003290   0x08003290   0x0000000c   Code   RO         3661    i.SX1280GetPacketType  sx1280.o
    0x0800329c   0x0800329c   0x00000016   Code   RO         3666    i.SX1280GetRssiInst  sx1280.o
    0x080032b2   0x080032b2   0x00000002   PAD
    0x080032b4   0x080032b4   0x00000070   Code   RO         4142    i.SX1280HalReadCommand  sx1280-hal.o
    0x08003324   0x08003324   0x00000014   Code   RO         4143    i.SX1280HalReadRegister  sx1280-hal.o
    0x08003338   0x08003338   0x00000078   Code   RO         4144    i.SX1280HalReadRegisters  sx1280-hal.o
    0x080033b0   0x080033b0   0x0000002e   Code   RO         4145    i.SX1280HalReset    sx1280-hal.o
    0x080033de   0x080033de   0x00000002   PAD
    0x080033e0   0x080033e0   0x0000003c   Code   RO         4146    i.SX1280HalWaitOnBusy  sx1280-hal.o
    0x0800341c   0x0800341c   0x00000054   Code   RO         4149    i.SX1280HalWriteCommand  sx1280-hal.o
    0x08003470   0x08003470   0x00000010   Code   RO         4150    i.SX1280HalWriteRegister  sx1280-hal.o
    0x08003480   0x08003480   0x00000058   Code   RO         4151    i.SX1280HalWriteRegisters  sx1280-hal.o
    0x080034d8   0x080034d8   0x0000001a   Code   RO         3679    i.SX1280SetBufferBaseAddresses  sx1280.o
    0x080034f2   0x080034f2   0x00000038   Code   RO         3684    i.SX1280SetDeviceRangingAddress  sx1280.o
    0x0800352a   0x0800352a   0x0000004a   Code   RO         3685    i.SX1280SetDioIrqParams  sx1280.o
    0x08003574   0x08003574   0x000000b0   Code   RO         3691    i.SX1280SetModulationParams  sx1280.o
    0x08003624   0x08003624   0x00000110   Code   RO         3692    i.SX1280SetPacketParams  sx1280.o
    0x08003734   0x08003734   0x0000001c   Code   RO         3693    i.SX1280SetPacketType  sx1280.o
    0x08003750   0x08003750   0x00000028   Code   RO         3696    i.SX1280SetRangingCalibration  sx1280.o
    0x08003778   0x08003778   0x00000038   Code   RO         3698    i.SX1280SetRangingRequestAddress  sx1280.o
    0x080037b0   0x080037b0   0x00000012   Code   RO         3699    i.SX1280SetRangingRole  sx1280.o
    0x080037c2   0x080037c2   0x0000000e   Code   RO         3701    i.SX1280SetRegulatorMode  sx1280.o
    0x080037d0   0x080037d0   0x0000008c   Code   RO         3702    i.SX1280SetRfFrequency  sx1280.o
    0x0800385c   0x0800385c   0x0000004c   Code   RO         3703    i.SX1280SetRx       sx1280.o
    0x080038a8   0x080038a8   0x00000028   Code   RO         3707    i.SX1280SetStandby  sx1280.o
    0x080038d0   0x080038d0   0x0000004c   Code   RO         3710    i.SX1280SetTx       sx1280.o
    0x0800391c   0x0800391c   0x00000020   Code   RO         3713    i.SX1280SetTxParams  sx1280.o
    0x0800393c   0x0800393c   0x0000001c   Code   RO         4152    i.SpiIn             sx1280-hal.o
    0x08003958   0x08003958   0x00000020   Code   RO         4153    i.SpiInOut          sx1280-hal.o
    0x08003978   0x08003978   0x00000008   Code   RO          346    i.SysTick_Handler   stm32l4xx_it.o
    0x08003980   0x08003980   0x00000094   Code   RO           15    i.SystemClock_Config  main.o
    0x08003a14   0x08003a14   0x00000050   Code   RO         3548    i.SystemInit        system_stm32l4xx.o
    0x08003a64   0x08003a64   0x000000f8   Code   RO         3139    i.UART_AdvFeatureConfig  stm32l4xx_hal_uart.o
    0x08003b5c   0x08003b5c   0x0000006e   Code   RO         3140    i.UART_CheckIdleState  stm32l4xx_hal_uart.o
    0x08003bca   0x08003bca   0x00000002   PAD
    0x08003bcc   0x08003bcc   0x0000037e   Code   RO         3156    i.UART_SetConfig    stm32l4xx_hal_uart.o
    0x08003f4a   0x08003f4a   0x000000b4   Code   RO         3159    i.UART_WaitOnFlagUntilTimeout  stm32l4xx_hal_uart.o
    0x08003ffe   0x08003ffe   0x00000004   Code   RO          347    i.UsageFault_Handler  stm32l4xx_it.o
    0x08004002   0x08004002   0x00000002   PAD
    0x08004004   0x08004004   0x00000064   Code   RO          477    i._DoInit           segger_rtt.o
    0x08004068   0x08004068   0x00000020   Code   RO         4511    i.__0printf         mc_w.l(printfa.o)
    0x08004088   0x08004088   0x00000030   Code   RO         4575    i.__ARM_fpclassify  m_wm.l(fpclassify.o)
    0x080040b8   0x080040b8   0x00000010   Code   RO         2867    i.__NVIC_GetPriorityGrouping  stm32l4xx_hal_cortex.o
    0x080040c8   0x080040c8   0x00000028   Code   RO         2868    i.__NVIC_SetPriority  stm32l4xx_hal_cortex.o
    0x080040f0   0x080040f0   0x00000c80   Code   RO         4251    i.__hardfp_pow      m_wm.l(pow.o)
    0x08004d70   0x08004d70   0x000000f8   Code   RO         4577    i.__kernel_poly     m_wm.l(poly.o)
    0x08004e68   0x08004e68   0x00000030   Code   RO         4555    i.__mathlib_dbl_divzero  m_wm.l(dunder.o)
    0x08004e98   0x08004e98   0x00000014   Code   RO         4557    i.__mathlib_dbl_infnan2  m_wm.l(dunder.o)
    0x08004eac   0x08004eac   0x00000004   PAD
    0x08004eb0   0x08004eb0   0x00000020   Code   RO         4558    i.__mathlib_dbl_invalid  m_wm.l(dunder.o)
    0x08004ed0   0x08004ed0   0x00000020   Code   RO         4559    i.__mathlib_dbl_overflow  m_wm.l(dunder.o)
    0x08004ef0   0x08004ef0   0x00000020   Code   RO         4561    i.__mathlib_dbl_underflow  m_wm.l(dunder.o)
    0x08004f10   0x08004f10   0x0000000e   Code   RO         4654    i.__scatterload_copy  mc_w.l(handlers.o)
    0x08004f1e   0x08004f1e   0x00000002   Code   RO         4655    i.__scatterload_null  mc_w.l(handlers.o)
    0x08004f20   0x08004f20   0x0000000e   Code   RO         4656    i.__scatterload_zeroinit  mc_w.l(handlers.o)
    0x08004f2e   0x08004f2e   0x00000002   PAD
    0x08004f30   0x08004f30   0x0000000c   Code   RO         4617    i.__set_errno       mc_w.l(errno.o)
    0x08004f3c   0x08004f3c   0x0000018a   Code   RO         4518    i._fp_digits        mc_w.l(printfa.o)
    0x080050c6   0x080050c6   0x00000002   PAD
    0x080050c8   0x080050c8   0x000006e2   Code   RO         4519    i._printf_core      mc_w.l(printfa.o)
    0x080057aa   0x080057aa   0x00000024   Code   RO         4520    i._printf_post_padding  mc_w.l(printfa.o)
    0x080057ce   0x080057ce   0x0000002e   Code   RO         4521    i._printf_pre_padding  mc_w.l(printfa.o)
    0x080057fc   0x080057fc   0x00000018   Code   RO         4571    i.fabs              m_wm.l(fabs.o)
    0x08005814   0x08005814   0x0000002c   Code   RO          282    i.fputc             usart.o
    0x08005840   0x08005840   0x000000c8   Code   RO           16    i.main              main.o
    0x08005908   0x08005908   0x0000006e   Code   RO         4582    i.sqrt              m_wm.l(sqrt.o)
    0x08005976   0x08005976   0x00000011   Data   RO          483    .constdata          segger_rtt.o
    0x08005987   0x08005987   0x00000001   PAD
    0x08005988   0x08005988   0x00000048   Data   RO         3549    .constdata          system_stm32l4xx.o
    0x080059d0   0x080059d0   0x000000d0   Data   RO         3592    .constdata          ranging.o
    0x08005aa0   0x08005aa0   0x00006034   Data   RO         3717    .constdata          sx1280.o
    0x0800bad4   0x0800bad4   0x00000004   PAD
    0x0800bad8   0x0800bad8   0x00000088   Data   RO         4254    .constdata          m_wm.l(pow.o)
    0x0800bb60   0x0800bb60   0x00000008   Data   RO         4579    .constdata          m_wm.l(qnan.o)
    0x0800bb68   0x0800bb68   0x00000020   Data   RO         4652    Region$$Table       anon$$obj.o


    Execution Region RW_IRAM2 (Exec base: 0x10000000, Load base: 0x0800bc58, Size: 0x00000000, Max: 0x00008000, ABSOLUTE)

    **** No section assigned to this execution region ****


    Execution Region RW_IRAM1 (Exec base: 0x20000000, Load base: 0x0800bb88, Size: 0x000028a8, Max: 0x00018000, ABSOLUTE)

    Exec Addr    Load Addr    Size         Type   Attr      Idx    E Section Name        Object

    0x20000000   0x0800bb88   0x00000010   Data   RW           18    .data               main.o
    0x20000010   0x0800bb98   0x00000009   Data   RW         1109    .data               stm32l4xx_hal.o
    0x20000019   0x0800bba1   0x00000003   PAD
    0x2000001c   0x0800bba4   0x00000004   Data   RW         3550    .data               system_stm32l4xx.o
    0x20000020   0x0800bba8   0x00000010   Data   RW         3593    .data               ranging.o
    0x20000030   0x0800bbb8   0x00000095   Data   RW         3718    .data               sx1280.o
    0x200000c5   0x0800bc4d   0x00000003   PAD
    0x200000c8   0x0800bc50   0x00000004   Data   RW         4606    .data               mc_w.l(stdout.o)
    0x200000cc   0x0800bc54   0x00000004   Data   RW         4618    .data               mc_w.l(errno.o)
    0x200000d0        -       0x00001000   Zero   RW           17    .bss                main.o
    0x200010d0        -       0x00000064   Zero   RW          238    .bss                spi.o
    0x20001134        -       0x00000080   Zero   RW          283    .bss                usart.o
    0x200011b4        -       0x000004b8   Zero   RW          482    .bss                segger_rtt.o
    0x2000166c        -       0x00000039   Zero   RW         3591    .bss                ranging.o
    0x200016a5        -       0x000001fe   Zero   RW         4154    .bss                sx1280-hal.o
    0x200018a3   0x0800bc58   0x00000005   PAD
    0x200018a8        -       0x00001000   Zero   RW            1    STACK               startup_stm32l476xx.o


==============================================================================

Image component sizes


      Code (inc. data)   RO Data    RW Data    ZI Data      Debug   Object Name

       248         20          0          0          0       2235   gpio.o
       486        122          0         16       4096     814682   main.o
       708        102        208         16         57       3842   ranging.o
       222         32         17          0       1208       6382   segger_rtt.o
       200         18          0          0        100       1701   spi.o
        36          8        392          0       4096        844   startup_stm32l476xx.o
       194         32          0          9          0      14457   stm32l4xx_hal.o
       318         22          0          0          0      34407   stm32l4xx_hal_cortex.o
       570         40          0          0          0       3666   stm32l4xx_hal_gpio.o
        64          6          0          0          0        866   stm32l4xx_hal_msp.o
       156         18          0          0          0       1374   stm32l4xx_hal_pwr_ex.o
      2644        106          0          0          0       7396   stm32l4xx_hal_rcc.o
      1988         48          0          0          0       3972   stm32l4xx_hal_rcc_ex.o
      1998         12          0          0          0       7252   stm32l4xx_hal_spi.o
      1776         56          0          0          0       6885   stm32l4xx_hal_uart.o
        56          0          0          0          0       5312   stm32l4xx_it.o
       606         44          0          0        510       7005   sx1280-hal.o
      2014         62      24628        149          0      25478   sx1280.o
        80         12         72          4          0       1261   system_stm32l4xx.o
       228         22          0          0        128       2354   usart.o

    ----------------------------------------------------------------------
     14614        782      25354        200      10200     951371   Object Totals
         0          0         32          0          0          0   (incl. Generated)
        22          0          5          6          5          0   (incl. Padding)

    ----------------------------------------------------------------------

      Code (inc. data)   RO Data    RW Data    ZI Data      Debug   Library Member Name

       164         44          0          0          0        620   dunder.o
        24          0          0          0          0        124   fabs.o
        48          0          0          0          0        124   fpclassify.o
       248          0          0          0          0        152   poly.o
      3200        296        136          0          0        352   pow.o
         0          0          8          0          0          0   qnan.o
       110          0          0          0          0        148   sqrt.o
         0          0          0          0          0          0   entry.o
         0          0          0          0          0          0   entry10a.o
         0          0          0          0          0          0   entry11a.o
         8          4          0          0          0          0   entry2.o
         4          0          0          0          0          0   entry5.o
         0          0          0          0          0          0   entry7b.o
         0          0          0          0          0          0   entry8b.o
         8          4          0          0          0          0   entry9a.o
        12          6          0          4          0         68   errno.o
        30          0          0          0          0          0   handlers.o
        36          8          0          0          0         68   init.o
         0          0          0          0          0          0   iusefp.o
        30          0          0          0          0         68   llshl.o
        36          0          0          0          0         68   llsshr.o
        32          0          0          0          0         68   llushr.o
        36          0          0          0          0         68   memcpya.o
        36          0          0          0          0        108   memseta.o
      2270         90          0          0          0        452   printfa.o
         0          0          0          4          0          0   stdout.o
        44          0          0          0          0         80   uidiv.o
       104          0          0          0          0         92   uldiv.o
        48          0          0          0          0         68   cdrcmple.o
       350          0          0          0          0        148   dadd.o
       222          0          0          0          0        100   ddiv.o
       186          0          0          0          0        176   depilogue.o
        50          0          0          0          0         76   dfixui.o
        48          0          0          0          0         68   dfixul.o
        34          0          0          0          0         76   dflti.o
        26          0          0          0          0         76   dfltui.o
       234          0          0          0          0         96   dmul.o
        46          0          0          0          0         80   dscalb.o
       162          0          0          0          0        100   dsqrt.o

    ----------------------------------------------------------------------
      7896        452        144          8          0       3724   Library Totals
        10          0          0          0          0          0   (incl. Padding)

    ----------------------------------------------------------------------

      Code (inc. data)   RO Data    RW Data    ZI Data      Debug   Library Name

      3794        340        144          0          0       1520   m_wm.l
      2686        112          0          8          0       1140   mc_w.l
      1406          0          0          0          0       1064   mf_w.l

    ----------------------------------------------------------------------
      7896        452        144          8          0       3724   Library Totals

    ----------------------------------------------------------------------

==============================================================================


      Code (inc. data)   RO Data    RW Data    ZI Data      Debug   

     22510       1234      25498        208      10200     943855   Grand Totals
     22510       1234      25498        208      10200     943855   ELF Image Totals
     22510       1234      25498        208          0          0   ROM Totals

==============================================================================

    Total RO  Size (Code + RO Data)                48008 (  46.88kB)
    Total RW  Size (RW Data + ZI Data)             10408 (  10.16kB)
    Total ROM Size (Code + RO Data + RW Data)      48216 (  47.09kB)

==============================================================================

