Component: ARM Compiler 5.06 update 6 (build 750) Tool: armlink [4d35ed]

==============================================================================

Section Cross References

    startup_stm32l476xx.o(RESET) refers to startup_stm32l476xx.o(STACK) for __initial_sp
    startup_stm32l476xx.o(RESET) refers to startup_stm32l476xx.o(.text) for Reset_Handler
    startup_stm32l476xx.o(RESET) refers to stm32l4xx_it.o(i.NMI_Handler) for NMI_Handler
    startup_stm32l476xx.o(RESET) refers to stm32l4xx_it.o(i.HardFault_Handler) for HardFault_Handler
    startup_stm32l476xx.o(RESET) refers to stm32l4xx_it.o(i.MemManage_Handler) for MemManage_Handler
    startup_stm32l476xx.o(RESET) refers to stm32l4xx_it.o(i.BusFault_Handler) for BusFault_Handler
    startup_stm32l476xx.o(RESET) refers to stm32l4xx_it.o(i.UsageFault_Handler) for UsageFault_Handler
    startup_stm32l476xx.o(RESET) refers to stm32l4xx_it.o(i.SVC_Handler) for SVC_Handler
    startup_stm32l476xx.o(RESET) refers to stm32l4xx_it.o(i.DebugMon_Handler) for DebugMon_Handler
    startup_stm32l476xx.o(RESET) refers to stm32l4xx_it.o(i.PendSV_Handler) for PendSV_Handler
    startup_stm32l476xx.o(RESET) refers to stm32l4xx_it.o(i.SysTick_Handler) for SysTick_Handler
    startup_stm32l476xx.o(RESET) refers to stm32l4xx_it.o(i.EXTI4_IRQHandler) for EXTI4_IRQHandler
    startup_stm32l476xx.o(RESET) refers to stm32l4xx_it.o(i.EXTI15_10_IRQHandler) for EXTI15_10_IRQHandler
    startup_stm32l476xx.o(RESET) refers to stm32l4xx_it.o(i.LPTIM1_IRQHandler) for LPTIM1_IRQHandler
    startup_stm32l476xx.o(.text) refers to system_stm32l4xx.o(i.SystemInit) for SystemInit
    startup_stm32l476xx.o(.text) refers to entry.o(.ARM.Collect$$$$00000000) for __main
    segger_rtt.o(i.SEGGER_RTT_AllocDownBuffer) refers to segger_rtt.o(i._DoInit) for _DoInit
    segger_rtt.o(i.SEGGER_RTT_AllocDownBuffer) refers to segger_rtt.o(.bss) for _SEGGER_RTT
    segger_rtt.o(i.SEGGER_RTT_AllocUpBuffer) refers to segger_rtt.o(i._DoInit) for _DoInit
    segger_rtt.o(i.SEGGER_RTT_AllocUpBuffer) refers to segger_rtt.o(.bss) for _SEGGER_RTT
    segger_rtt.o(i.SEGGER_RTT_ConfigDownBuffer) refers to segger_rtt.o(i._DoInit) for _DoInit
    segger_rtt.o(i.SEGGER_RTT_ConfigDownBuffer) refers to segger_rtt.o(.bss) for _SEGGER_RTT
    segger_rtt.o(i.SEGGER_RTT_ConfigUpBuffer) refers to segger_rtt.o(i._DoInit) for _DoInit
    segger_rtt.o(i.SEGGER_RTT_ConfigUpBuffer) refers to segger_rtt.o(.bss) for _SEGGER_RTT
    segger_rtt.o(i.SEGGER_RTT_GetAvailWriteSpace) refers to segger_rtt.o(i._GetAvailWriteSpace) for _GetAvailWriteSpace
    segger_rtt.o(i.SEGGER_RTT_GetAvailWriteSpace) refers to segger_rtt.o(.bss) for _SEGGER_RTT
    segger_rtt.o(i.SEGGER_RTT_GetBytesInBuffer) refers to segger_rtt.o(.bss) for _SEGGER_RTT
    segger_rtt.o(i.SEGGER_RTT_GetKey) refers to segger_rtt.o(i.SEGGER_RTT_Read) for SEGGER_RTT_Read
    segger_rtt.o(i.SEGGER_RTT_HasData) refers to segger_rtt.o(.bss) for _SEGGER_RTT
    segger_rtt.o(i.SEGGER_RTT_HasDataUp) refers to segger_rtt.o(.bss) for _SEGGER_RTT
    segger_rtt.o(i.SEGGER_RTT_HasKey) refers to segger_rtt.o(i._DoInit) for _DoInit
    segger_rtt.o(i.SEGGER_RTT_HasKey) refers to segger_rtt.o(.bss) for _SEGGER_RTT
    segger_rtt.o(i.SEGGER_RTT_Init) refers to segger_rtt.o(i._DoInit) for _DoInit
    segger_rtt.o(i.SEGGER_RTT_PutChar) refers to segger_rtt.o(i._DoInit) for _DoInit
    segger_rtt.o(i.SEGGER_RTT_PutChar) refers to segger_rtt.o(.bss) for _SEGGER_RTT
    segger_rtt.o(i.SEGGER_RTT_PutCharSkip) refers to segger_rtt.o(i._DoInit) for _DoInit
    segger_rtt.o(i.SEGGER_RTT_PutCharSkip) refers to segger_rtt.o(.bss) for _SEGGER_RTT
    segger_rtt.o(i.SEGGER_RTT_PutCharSkipNoLock) refers to segger_rtt.o(.bss) for _SEGGER_RTT
    segger_rtt.o(i.SEGGER_RTT_Read) refers to segger_rtt.o(i.SEGGER_RTT_ReadNoLock) for SEGGER_RTT_ReadNoLock
    segger_rtt.o(i.SEGGER_RTT_ReadNoLock) refers to segger_rtt.o(i._DoInit) for _DoInit
    segger_rtt.o(i.SEGGER_RTT_ReadNoLock) refers to memcpya.o(.text) for __aeabi_memcpy
    segger_rtt.o(i.SEGGER_RTT_ReadNoLock) refers to segger_rtt.o(.bss) for _SEGGER_RTT
    segger_rtt.o(i.SEGGER_RTT_ReadUpBuffer) refers to segger_rtt.o(i.SEGGER_RTT_ReadUpBufferNoLock) for SEGGER_RTT_ReadUpBufferNoLock
    segger_rtt.o(i.SEGGER_RTT_ReadUpBufferNoLock) refers to segger_rtt.o(i._DoInit) for _DoInit
    segger_rtt.o(i.SEGGER_RTT_ReadUpBufferNoLock) refers to memcpya.o(.text) for __aeabi_memcpy
    segger_rtt.o(i.SEGGER_RTT_ReadUpBufferNoLock) refers to segger_rtt.o(.bss) for _SEGGER_RTT
    segger_rtt.o(i.SEGGER_RTT_SetFlagsDownBuffer) refers to segger_rtt.o(i._DoInit) for _DoInit
    segger_rtt.o(i.SEGGER_RTT_SetFlagsDownBuffer) refers to segger_rtt.o(.bss) for _SEGGER_RTT
    segger_rtt.o(i.SEGGER_RTT_SetFlagsUpBuffer) refers to segger_rtt.o(i._DoInit) for _DoInit
    segger_rtt.o(i.SEGGER_RTT_SetFlagsUpBuffer) refers to segger_rtt.o(.bss) for _SEGGER_RTT
    segger_rtt.o(i.SEGGER_RTT_SetNameDownBuffer) refers to segger_rtt.o(i._DoInit) for _DoInit
[...]
    ..\\LoRa\\Src\\sx1280.c                  0x00000000   Number         0  sx1280.o ABSOLUTE
    cdcmple.s                                0x00000000   Number         0  cdcmple.o ABSOLUTE
    cdrcmple.s                               0x00000000   Number         0  cdrcmple.o ABSOLUTE
    dc.s                                     0x00000000   Number         0  dc.o ABSOLUTE
    handlers.s                               0x00000000   Number         0  handlers.o ABSOLUTE
    init.s                                   0x00000000   Number         0  init.o ABSOLUTE
    startup_stm32l476xx.s                    0x00000000   Number         0  startup_stm32l476xx.o ABSOLUTE
    RESET                                    0x08000000   Section      392  startup_stm32l476xx.o(RESET)
    .ARM.Collect$$$$00000000                 0x08000188   Section        0  entry.o(.ARM.Collect$$$$00000000)
    .ARM.Collect$$$$00000001                 0x08000188   Section        4  entry2.o(.ARM.Collect$$$$00000001)
    .ARM.Collect$$$$00000004                 0x0800018c   Section        4  entry5.o(.ARM.Collect$$$$00000004)
    .ARM.Collect$$$$00000008                 0x08000190   Section        0  entry7b.o(.ARM.Collect$$$$00000008)
    .ARM.Collect$$$$0000000A                 0x08000190   Section        0  entry8b.o(.ARM.Collect$$$$0000000A)
    .ARM.Collect$$$$0000000B                 0x08000190   Section        8  entry9a.o(.ARM.Collect$$$$0000000B)
    .ARM.Collect$$$$0000000D                 0x08000198   Section        0  entry10a.o(.ARM.Collect$$$$0000000D)
    .ARM.Collect$$$$0000000F                 0x08000198   Section        0  entry11a.o(.ARM.Collect$$$$0000000F)
    .ARM.Collect$$$$00002712                 0x08000198   Section        4  entry2.o(.ARM.Collect$$$$00002712)
    __lit__00000000                          0x08000198   Data           4  entry2.o(.ARM.Collect$$$$00002712)
    .text                                    0x0800019c   Section       36  startup_stm32l476xx.o(.text)
    $v0                                      0x0800019c   Number         0  startup_stm32l476xx.o(.text)
    .text                                    0x080001c0   Section        0  uldiv.o(.text)
    .text                                    0x08000228   Section        0  memcpya.o(.text)
    .text                                    0x0800024c   Section        0  memseta.o(.text)
    .text                                    0x08000270   Section        0  strlen.o(.text)
    .text                                    0x0800027e   Section        0  dadd.o(.text)
    .text                                    0x080003dc   Section        0  dmul.o(.text)
    .text                                    0x080004c6   Section        0  ddiv.o(.text)
    .text                                    0x080005a4   Section        0  dflti.o(.text)
    .text                                    0x080005c6   Section        0  dfltui.o(.text)
    .text                                    0x080005e0   Section        0  dfixui.o(.text)
    .text                                    0x08000612   Section        0  uidiv.o(.text)
    .text                                    0x0800063e   Section        0  llshl.o(.text)
    .text                                    0x0800065c   Section        0  llushr.o(.text)
    .text                                    0x0800067c   Section        0  llsshr.o(.text)
    .text                                    0x080006a0   Section        0  depilogue.o(.text)
    .text                                    0x080006a0   Section        0  iusefp.o(.text)
    .text                                    0x0800075a   Section        0  dscalb.o(.text)
    .text                                    0x08000788   Section        0  dfixul.o(.text)
    .text                                    0x080007b8   Section       48  cdrcmple.o(.text)
    .text                                    0x080007e8   Section       36  init.o(.text)
    .text                                    0x0800080c   Section        0  dsqrt.o(.text)
    i.BusFault_Handler                       0x080008ae   Section        0  stm32l4xx_it.o(i.BusFault_Handler)
    i.DebugMon_Handler                       0x080008b2   Section        0  stm32l4xx_it.o(i.DebugMon_Handler)
    i.EXTI15_10_IRQHandler                   0x080008b4   Section        0  stm32l4xx_it.o(i.EXTI15_10_IRQHandler)
    i.EXTI4_IRQHandler                       0x080008c0   Section        0  stm32l4xx_it.o(i.EXTI4_IRQHandler)
    i.Error_Handler                          0x080008ca   Section        0  main.o(i.Error_Handler)
    i.HAL_Delay                              0x080008d0   Section        0  stm32l4xx_hal.o(i.HAL_Delay)
    i.HAL_GPIO_EXTI_Callback                 0x080008f8   Section        0  main.o(i.HAL_GPIO_EXTI_Callback)
    i.HAL_GPIO_EXTI_IRQHandler               0x080009e4   Section        0  stm32l4xx_hal_gpio.o(i.HAL_GPIO_EXTI_IRQHandler)
    i.HAL_GPIO_Init                          0x08000a00   Section        0  stm32l4xx_hal_gpio.o(i.HAL_GPIO_Init)
    i.HAL_GPIO_ReadPin                       0x08000c04   Section        0  stm32l4xx_hal_gpio.o(i.HAL_GPIO_ReadPin)
    i.HAL_GPIO_TogglePin                     0x08000c14   Section        0  stm32l4xx_hal_gpio.o(i.HAL_GPIO_TogglePin)
    i.HAL_GPIO_WritePin                      0x08000c28   Section        0  stm32l4xx_hal_gpio.o(i.HAL_GPIO_WritePin)
    i.HAL_GetTick                            0x08000c34   Section        0  stm32l4xx_hal.o(i.HAL_GetTick)
    i.HAL_IncTick                            0x08000c40   Section        0  stm32l4xx_hal.o(i.HAL_IncTick)
    i.HAL_Init                               0x08000c58   Section        0  stm32l4xx_hal.o(i.HAL_Init)
    i.HAL_InitTick                           0x08000c78   Section        0  stm32l4xx_hal.o(i.HAL_InitTick)
    i.HAL_LPTIM1_INT_Callback                0x08000cd0   Section        0  main.o(i.HAL_LPTIM1_INT_Callback)
    i.HAL_LPTIM_AutoReloadMatchCallback      0x08000d40   Section        0  stm32l4xx_hal_lptim.o(i.HAL_LPTIM_AutoReloadMatchCallback)
    i.HAL_LPTIM_AutoReloadWriteCallback      0x08000d42   Section        0  stm32l4xx_hal_lptim.o(i.HAL_LPTIM_AutoReloadWriteCallback)
    i.HAL_LPTIM_CompareMatchCallback         0x08000d44   Section        0  stm32l4xx_hal_lptim.o(i.HAL_LPTIM_CompareMatchCallback)
    i.HAL_LPTIM_CompareWriteCallback         0x08000d46   Section        0  stm32l4xx_hal_lptim.o(i.HAL_LPTIM_CompareWriteCallback)
    i.HAL_LPTIM_DirectionDownCallback        0x08000d48   Section        0  stm32l4xx_hal_lptim.o(i.HAL_LPTIM_DirectionDownCallback)
    i.HAL_LPTIM_DirectionUpCallback          0x08000d4a   Section        0  stm32l4xx_hal_lptim.o(i.HAL_LPTIM_DirectionUpCallback)
    i.HAL_LPTIM_GetState                     0x08000d4c   Section        0  stm32l4xx_hal_lptim.o(i.HAL_LPTIM_GetState)
    i.HAL_LPTIM_IRQHandler                   0x08000d54   Section        0  stm32l4xx_hal_lptim.o(i.HAL_LPTIM_IRQHandler)
    i.HAL_LPTIM_Init                         0x08000e3c   Section        0  stm32l4xx_hal_lptim.o(i.HAL_LPTIM_Init)
    i.HAL_LPTIM_MspInit                      0x08000f0c   Section        0  lptim.o(i.HAL_LPTIM_MspInit)
    i.HAL_LPTIM_TimeOut_Start_IT             0x08000f50   Section        0  stm32l4xx_hal_lptim.o(i.HAL_LPTIM_TimeOut_Start_IT)
    i.HAL_LPTIM_TriggerCallback              0x08001010   Section        0  stm32l4xx_hal_lptim.o(i.HAL_LPTIM_TriggerCallback)
    i.HAL_MspInit                            0x08001014   Section        0  stm32l4xx_hal_msp.o(i.HAL_MspInit)
    i.HAL_NVIC_EnableIRQ                     0x08001054   Section        0  stm32l4xx_hal_cortex.o(i.HAL_NVIC_EnableIRQ)
    i.HAL_NVIC_SetPriority                   0x0800107c   Section        0  stm32l4xx_hal_cortex.o(i.HAL_NVIC_SetPriority)
    i.HAL_NVIC_SetPriorityGrouping           0x08001100   Section        0  stm32l4xx_hal_cortex.o(i.HAL_NVIC_SetPriorityGrouping)
    i.HAL_PWREx_ControlVoltageScaling        0x08001128   Section        0  stm32l4xx_hal_pwr_ex.o(i.HAL_PWREx_ControlVoltageScaling)
    i.HAL_PWREx_GetVoltageRange              0x080011b4   Section        0  stm32l4xx_hal_pwr_ex.o(i.HAL_PWREx_GetVoltageRange)
    i.HAL_RCCEx_PeriphCLKConfig              0x080011c4   Section        0  stm32l4xx_hal_rcc_ex.o(i.HAL_RCCEx_PeriphCLKConfig)
    i.HAL_RCC_ClockConfig                    0x08001698   Section        0  stm32l4xx_hal_rcc.o(i.HAL_RCC_ClockConfig)
    i.HAL_RCC_GetHCLKFreq                    0x08001814   Section        0  stm32l4xx_hal_rcc.o(i.HAL_RCC_GetHCLKFreq)
    i.HAL_RCC_GetPCLK1Freq                   0x08001820   Section        0  stm32l4xx_hal_rcc.o(i.HAL_RCC_GetPCLK1Freq)
    i.HAL_RCC_GetPCLK2Freq                   0x08001844   Section        0  stm32l4xx_hal_rcc.o(i.HAL_RCC_GetPCLK2Freq)
    i.HAL_RCC_GetSysClockFreq                0x08001868   Section        0  stm32l4xx_hal_rcc.o(i.HAL_RCC_GetSysClockFreq)
    i.HAL_RCC_OscConfig                      0x08001954   Section        0  stm32l4xx_hal_rcc.o(i.HAL_RCC_OscConfig)
    i.HAL_SPIEx_FlushRxFifo                  0x08002050   Section        0  stm32l4xx_hal_spi_ex.o(i.HAL_SPIEx_FlushRxFifo)
    i.HAL_SPI_Init                           0x0800207c   Section        0  stm32l4xx_hal_spi.o(i.HAL_SPI_Init)
    i.HAL_SPI_MspInit                        0x0800216c   Section        0  spi.o(i.HAL_SPI_MspInit)
    i.HAL_SPI_Transmit                       0x080021e4   Section        0  stm32l4xx_hal_spi.o(i.HAL_SPI_Transmit)
    i.HAL_SPI_TransmitReceive                0x080023d4   Section        0  stm32l4xx_hal_spi.o(i.HAL_SPI_TransmitReceive)
    i.HAL_SYSTICK_Config                     0x08002696   Section        0  stm32l4xx_hal_cortex.o(i.HAL_SYSTICK_Config)
    i.HAL_UART_GetState                      0x080026ca   Section        0  stm32l4xx_hal_uart.o(i.HAL_UART_GetState)
    i.HAL_UART_Init                          0x080026d6   Section        0  stm32l4xx_hal_uart.o(i.HAL_UART_Init)
    i.HAL_UART_MspInit                       0x0800274c   Section        0  usart.o(i.HAL_UART_MspInit)
    i.HAL_UART_Transmit                      0x080027c4   Section        0  stm32l4xx_hal_uart.o(i.HAL_UART_Transmit)
    i.HardFault_Handler                      0x0800289c   Section        0  stm32l4xx_it.o(i.HardFault_Handler)
    i.LPTIM1_IRQHandler                      0x080028a0   Section        0  stm32l4xx_it.o(i.LPTIM1_IRQHandler)
    i.LPTIM_Disable                          0x080028b4   Section        0  stm32l4xx_hal_lptim.o(i.LPTIM_Disable)
    i.LPTIM_WaitForFlag                      0x08002a44   Section        0  stm32l4xx_hal_lptim.o(i.LPTIM_WaitForFlag)
    LPTIM_WaitForFlag                        0x08002a45   Thumb Code    52  stm32l4xx_hal_lptim.o(i.LPTIM_WaitForFlag)
    i.LoRaSendData                           0x08002a7c   Section        0  ranging.o(i.LoRaSendData)
    i.LoRaSetPayloadLength                   0x08002ab8   Section        0  ranging.o(i.LoRaSetPayloadLength)
    i.LoRaSetRx                              0x08002acc   Section        0  ranging.o(i.LoRaSetRx)
    i.MX_GPIO_Init                           0x08002af4   Section        0  gpio.o(i.MX_GPIO_Init)
    i.MX_LPTIM1_Init                         0x08002bec   Section        0  lptim.o(i.MX_LPTIM1_Init)
    i.MX_SPI1_Init                           0x08002c28   Section        0  spi.o(i.MX_SPI1_Init)
    i.MX_USART2_UART_Init                    0x08002c78   Section        0  usart.o(i.MX_USART2_UART_Init)
    i.MemManage_Handler                      0x08002cb8   Section        0  stm32l4xx_it.o(i.MemManage_Handler)
    i.NMI_Handler                            0x08002cbc   Section        0  stm32l4xx_it.o(i.NMI_Handler)
    i.PendSV_Handler                         0x08002cc0   Section        0  stm32l4xx_it.o(i.PendSV_Handler)
    i.RCCEx_PLLSAI1_Config                   0x08002cc4   Section        0  stm32l4xx_hal_rcc_ex.o(i.RCCEx_PLLSAI1_Config)
    RCCEx_PLLSAI1_Config                     0x08002cc5   Thumb Code   378  stm32l4xx_hal_rcc_ex.o(i.RCCEx_PLLSAI1_Config)
    i.RCCEx_PLLSAI2_Config                   0x08002e50   Section        0  stm32l4xx_hal_rcc_ex.o(i.RCCEx_PLLSAI2_Config)
    RCCEx_PLLSAI2_Config                     0x08002e51   Thumb Code   342  stm32l4xx_hal_rcc_ex.o(i.RCCEx_PLLSAI2_Config)
    i.RCC_SetFlashLatencyFromMSIRange        0x08002fb4   Section        0  stm32l4xx_hal_rcc.o(i.RCC_SetFlashLatencyFromMSIRange)
    RCC_SetFlashLatencyFromMSIRange          0x08002fb5   Thumb Code   148  stm32l4xx_hal_rcc.o(i.RCC_SetFlashLatencyFromMSIRange)
    i.RangingInitRadio                       0x08003050   Section        0  ranging.o(i.RangingInitRadio)
    i.RangingSetParams                       0x0800309c   Section        0  ranging.o(i.RangingSetParams)
    i.SPI_EndRxTxTransaction                 0x080030e0   Section        0  stm32l4xx_hal_spi.o(i.SPI_EndRxTxTransaction)
    SPI_EndRxTxTransaction                   0x080030e1   Thumb Code   100  stm32l4xx_hal_spi.o(i.SPI_EndRxTxTransaction)
    i.SPI_WaitFifoStateUntilTimeout          0x08003144   Section        0  stm32l4xx_hal_spi.o(i.SPI_WaitFifoStateUntilTimeout)
    SPI_WaitFifoStateUntilTimeout            0x08003145   Thumb Code   222  stm32l4xx_hal_spi.o(i.SPI_WaitFifoStateUntilTimeout)
    i.SPI_WaitFlagStateUntilTimeout          0x08003230   Section        0  stm32l4xx_hal_spi.o(i.SPI_WaitFlagStateUntilTimeout)
    SPI_WaitFlagStateUntilTimeout            0x08003231   Thumb Code   210  stm32l4xx_hal_spi.o(i.SPI_WaitFlagStateUntilTimeout)
    i.SVC_Handler                            0x0800330e   Section        0  stm32l4xx_it.o(i.SVC_Handler)
    i.SX1280ClearIrqStatus                   0x08003310   Section        0  sx1280.o(i.SX1280ClearIrqStatus)
    i.SX1280GetFirmwareVersion               0x0800332c   Section        0  sx1280.o(i.SX1280GetFirmwareVersion)
    i.SX1280GetIrqStatus                     0x08003346   Section        0  sx1280.o(i.SX1280GetIrqStatus)
    i.SX1280GetPacketStatus                  0x08003360   Section        0  sx1280.o(i.SX1280GetPacketStatus)
    i.SX1280GetPacketType                    0x08003668   Section        0  sx1280.o(i.SX1280GetPacketType)
    i.SX1280GetPayload                       0x08003674   Section        0  sx1280.o(i.SX1280GetPayload)
    i.SX1280GetRssiInst                      0x0800369e   Section        0  sx1280.o(i.SX1280GetRssiInst)
    i.SX1280GetRxBufferStatus                0x080036b4   Section        0  sx1280.o(i.SX1280GetRxBufferStatus)
    i.SX1280HalReadBuffer                    0x08003708   Section        0  sx1280-hal.o(i.SX1280HalReadBuffer)
    i.SX1280HalReadCommand                   0x0800377c   Section        0  sx1280-hal.o(i.SX1280HalReadCommand)
    i.SX1280HalReadRegister                  0x080037ec   Section        0  sx1280-hal.o(i.SX1280HalReadRegister)
    i.SX1280HalReadRegisters                 0x08003800   Section        0  sx1280-hal.o(i.SX1280HalReadRegisters)
    i.SX1280HalReset                         0x08003878   Section        0  sx1280-hal.o(i.SX1280HalReset)
    i.SX1280HalWaitOnBusy                    0x080038a8   Section        0  sx1280-hal.o(i.SX1280HalWaitOnBusy)
    i.SX1280HalWriteBuffer                   0x080038e4   Section        0  sx1280-hal.o(i.SX1280HalWriteBuffer)
    i.SX1280HalWriteCommand                  0x08003938   Section        0  sx1280-hal.o(i.SX1280HalWriteCommand)
    i.SX1280SendPayload                      0x0800398c   Section        0  sx1280.o(i.SX1280SendPayload)
    i.SX1280SetBufferBaseAddresses           0x080039a2   Section        0  sx1280.o(i.SX1280SetBufferBaseAddresses)
    i.SX1280SetDioIrqParams                  0x080039bc   Section        0  sx1280.o(i.SX1280SetDioIrqParams)
    i.SX1280SetModulationParams              0x08003a08   Section        0  sx1280.o(i.SX1280SetModulationParams)
    i.SX1280SetPacketParams                  0x08003ab8   Section        0  sx1280.o(i.SX1280SetPacketParams)
    i.SX1280SetPacketType                    0x08003bc8   Section        0  sx1280.o(i.SX1280SetPacketType)
    i.SX1280SetPayload                       0x08003be4   Section        0  sx1280.o(i.SX1280SetPayload)
    i.SX1280SetRangingRole                   0x08003bf6   Section        0  sx1280.o(i.SX1280SetRangingRole)
    i.SX1280SetRegulatorMode                 0x08003c08   Section        0  sx1280.o(i.SX1280SetRegulatorMode)
    i.SX1280SetRfFrequency                   0x08003c18   Section        0  sx1280.o(i.SX1280SetRfFrequency)
    i.SX1280SetRx                            0x08003ca4   Section        0  sx1280.o(i.SX1280SetRx)
    i.SX1280SetStandby                       0x08003cf0   Section        0  sx1280.o(i.SX1280SetStandby)
    i.SX1280SetTx                            0x08003d18   Section        0  sx1280.o(i.SX1280SetTx)
    i.SX1280SetTxParams                      0x08003d64   Section        0  sx1280.o(i.SX1280SetTxParams)
    i.SpiIn                                  0x08003d84   Section        0  sx1280-hal.o(i.SpiIn)
    i.SpiInOut                               0x08003da0   Section        0  sx1280-hal.o(i.SpiInOut)
    i.SysTick_Handler                        0x08003dc8   Section        0  stm32l4xx_it.o(i.SysTick_Handler)
    i.SystemClock_Config                     0x08003dd0   Section        0  main.o(i.SystemClock_Config)
    i.SystemInit                             0x08003e68   Section        0  system_stm32l4xx.o(i.SystemInit)
    i.UART_AdvFeatureConfig                  0x08003eb8   Section        0  stm32l4xx_hal_uart.o(i.UART_AdvFeatureConfig)
    i.UART_CheckIdleState                    0x08003fb0   Section        0  stm32l4xx_hal_uart.o(i.UART_CheckIdleState)
    i.UART_SetConfig                         0x08004020   Section        0  stm32l4xx_hal_uart.o(i.UART_SetConfig)
    i.UART_WaitOnFlagUntilTimeout            0x0800439e   Section        0  stm32l4xx_hal_uart.o(i.UART_WaitOnFlagUntilTimeout)
    i.UsageFault_Handler                     0x08004452   Section        0  stm32l4xx_it.o(i.UsageFault_Handler)
    i.__0printf                              0x08004458   Section        0  printfa.o(i.__0printf)
    i.__0sprintf                             0x08004478   Section        0  printfa.o(i.__0sprintf)
    i.__ARM_fpclassify                       0x080044a0   Section        0  fpclassify.o(i.__ARM_fpclassify)
    i.__NVIC_GetPriorityGrouping             0x080044d0   Section        0  stm32l4xx_hal_cortex.o(i.__NVIC_GetPriorityGrouping)
    __NVIC_GetPriorityGrouping               0x080044d1   Thumb Code    10  stm32l4xx_hal_cortex.o(i.__NVIC_GetPriorityGrouping)
    i.__NVIC_SetPriority                     0x080044e0   Section        0  stm32l4xx_hal_cortex.o(i.__NVIC_SetPriority)
    __NVIC_SetPriority                       0x080044e1   Thumb Code    32  stm32l4xx_hal_cortex.o(i.__NVIC_SetPriority)
    i.__hardfp_pow                           0x08004508   Section        0  pow.o(i.__hardfp_pow)
    i.__kernel_poly                          0x08005188   Section        0  poly.o(i.__kernel_poly)
    i.__mathlib_dbl_divzero                  0x08005280   Section        0  dunder.o(i.__mathlib_dbl_divzero)
    i.__mathlib_dbl_infnan2                  0x080052b0   Section        0  dunder.o(i.__mathlib_dbl_infnan2)
    i.__mathlib_dbl_invalid                  0x080052c8   Section        0  dunder.o(i.__mathlib_dbl_invalid)
    i.__mathlib_dbl_overflow                 0x080052e8   Section        0  dunder.o(i.__mathlib_dbl_overflow)
    i.__mathlib_dbl_underflow                0x08005308   Section        0  dunder.o(i.__mathlib_dbl_underflow)
    i.__scatterload_copy                     0x08005328   Section       14  handlers.o(i.__scatterload_copy)
    i.__scatterload_null                     0x08005336   Section        2  handlers.o(i.__scatterload_null)
    i.__scatterload_zeroinit                 0x08005338   Section       14  handlers.o(i.__scatterload_zeroinit)
    i.__set_errno                            0x08005348   Section        0  errno.o(i.__set_errno)
    i._fp_digits                             0x08005354   Section        0  printfa.o(i._fp_digits)
    _fp_digits                               0x08005355   Thumb Code   366  printfa.o(i._fp_digits)
    i._printf_core                           0x080054e0   Section        0  printfa.o(i._printf_core)
    _printf_core                             0x080054e1   Thumb Code  1744  printfa.o(i._printf_core)
    i._printf_post_padding                   0x08005bc2   Section        0  printfa.o(i._printf_post_padding)
    _printf_post_padding                     0x08005bc3   Thumb Code    36  printfa.o(i._printf_post_padding)
    i._printf_pre_padding                    0x08005be6   Section        0  printfa.o(i._printf_pre_padding)
    _printf_pre_padding                      0x08005be7   Thumb Code    46  printfa.o(i._printf_pre_padding)
    i._sputc                                 0x08005c14   Section        0  printfa.o(i._sputc)
    _sputc                                   0x08005c15   Thumb Code    10  printfa.o(i._sputc)
    i.fabs                                   0x08005c1e   Section        0  fabs.o(i.fabs)
    i.fputc                                  0x08005c38   Section        0  usart.o(i.fputc)
    i.main                                   0x08005c64   Section        0  main.o(i.main)
    i.sqrt                                   0x08005d30   Section        0  sqrt.o(i.sqrt)
    .constdata                               0x08005da0   Section       72  system_stm32l4xx.o(.constdata)
    .constdata                               0x08005de8   Section      208  ranging.o(.constdata)
    .constdata                               0x08005eb8   Section    24628  sx1280.o(.constdata)
    .constdata                               0x0800bef0   Section      136  pow.o(.constdata)
    bp                                       0x0800bef0   Data          16  pow.o(.constdata)
    dp_h                                     0x0800bf00   Data          16  pow.o(.constdata)
    dp_l                                     0x0800bf10   Data          16  pow.o(.constdata)
    L                                        0x0800bf20   Data          48  pow.o(.constdata)
    P                                        0x0800bf50   Data          40  pow.o(.constdata)
    .constdata                               0x0800bf78   Section        8  qnan.o(.constdata)
    .data                                    0x20000000   Section       44  main.o(.data)
    .data                                    0x2000002c   Section        9  stm32l4xx_hal.o(.data)
    .data                                    0x20000038   Section        4  system_stm32l4xx.o(.data)
    .data                                    0x2000003c   Section       16  ranging.o(.data)
    .data                                    0x2000004c   Section      149  sx1280.o(.data)
    PacketType                               0x200000dd   Data           1  sx1280.o(.data)
    LoRaBandwidth                            0x200000de   Data           1  sx1280.o(.data)
    PollingMode                              0x200000df   Data           1  sx1280.o(.data)
    IrqState                                 0x200000e0   Data           1  sx1280.o(.data)
    .data                                    0x200000e4   Section        4  stdout.o(.data)
    .data                                    0x200000e8   Section        4  errno.o(.data)
    _errno                                   0x200000e8   Data           4  errno.o(.data)
    .bss                                     0x200000ec   Section     4116  main.o(.bss)
    .bss                                     0x20001100   Section       56  lptim.o(.bss)
    .bss                                     0x20001138   Section      100  spi.o(.bss)
    .bss                                     0x2000119c   Section      128  usart.o(.bss)
    .bss                                     0x2000121c   Section       57  ranging.o(.bss)
    .bss                                     0x20001255   Section      510  sx1280-hal.o(.bss)
    halTxBuffer                              0x20001255   Data         255  sx1280-hal.o(.bss)
    halRxBuffer                              0x20001354   Data         255  sx1280-hal.o(.bss)
    STACK                                    0x20001458   Section     4096  startup_stm32l476xx.o(STACK)

    Global Symbols

    Symbol Name                              Value     Ov Type        Size  Object(Section)

    BuildAttributes$$THM_ISAv4$E$P$D$K$B$S$7EM$VFPi3$EXTD16$VFPS$VFMA$PE$A:L22UL41UL21$X:L11$S22US41US21$IEEE1$IW$USESV6$~STKCKD$USESV7$~SHL$OTIME$ROPI$IEEEX$EBA8$MICROLIB$REQ8$PRES8$EABIv2 0x00000000   Number         0  anon$$obj.o ABSOLUTE
    __ARM_use_no_argv                        0x00000000   Number         0  main.o ABSOLUTE
    _printf_a                                0x00000000   Number         0  stubs.o ABSOLUTE
    _printf_c                                0x00000000   Number         0  stubs.o ABSOLUTE
    _printf_charcount                        0x00000000   Number         0  stubs.o ABSOLUTE
    _printf_d                                0x00000000   Number         0  stubs.o ABSOLUTE
    _printf_e                                0x00000000   Number         0  stubs.o ABSOLUTE
    _printf_f                                0x00000000   Number         0  stubs.o ABSOLUTE
    _printf_flags                            0x00000000   Number         0  stubs.o ABSOLUTE
    _printf_fp_dec                           0x00000000   Number         0  stubs.o ABSOLUTE
    _printf_fp_hex                           0x00000000   Number         0  stubs.o ABSOLUTE
    _printf_g                                0x00000000   Number         0  stubs.o ABSOLUTE
    _printf_i                                0x00000000   Number         0  stubs.o ABSOLUTE
    _printf_int_dec                          0x00000000   Number         0  stubs.o ABSOLUTE
    _printf_l                                0x00000000   Number         0  stubs.o ABSOLUTE
    _printf_lc                               0x00000000   Number         0  stubs.o ABSOLUTE
    _printf_ll                               0x00000000   Number         0  stubs.o ABSOLUTE
    _printf_lld                              0x00000000   Number         0  stubs.o ABSOLUTE
    _printf_lli                              0x00000000   Number         0  stubs.o ABSOLUTE
    _printf_llo                              0x00000000   Number         0  stubs.o ABSOLUTE
    _printf_llu                              0x00000000   Number         0  stubs.o ABSOLUTE
    _printf_llx                              0x00000000   Number         0  stubs.o ABSOLUTE
    _printf_longlong_dec                     0x00000000   Number         0  stubs.o ABSOLUTE
    _printf_longlong_hex                     0x00000000   Number         0  stubs.o ABSOLUTE
    _printf_longlong_oct                     0x00000000   Number         0  stubs.o ABSOLUTE
    _printf_ls                               0x00000000   Number         0  stubs.o ABSOLUTE
    _printf_mbtowc                           0x00000000   Number         0  stubs.o ABSOLUTE
    _printf_n                                0x00000000   Number         0  stubs.o ABSOLUTE
    _printf_o                                0x00000000   Number         0  stubs.o ABSOLUTE
    _printf_p                                0x00000000   Number         0  stubs.o ABSOLUTE
    _printf_percent                          0x00000000   Number         0  stubs.o ABSOLUTE
    _printf_pre_padding                      0x00000000   Number         0  stubs.o ABSOLUTE
    _printf_return_value                     0x00000000   Number         0  stubs.o ABSOLUTE
    _printf_s                                0x00000000   Number         0  stubs.o ABSOLUTE
    _printf_sizespec                         0x00000000   Number         0  stubs.o ABSOLUTE
    _printf_str                              0x00000000   Number         0  stubs.o ABSOLUTE
    _printf_truncate_signed                  0x00000000   Number         0  stubs.o ABSOLUTE
    _printf_truncate_unsigned                0x00000000   Number         0  stubs.o ABSOLUTE
    _printf_u                                0x00000000   Number         0  stubs.o ABSOLUTE
    _printf_wc                               0x00000000   Number         0  stubs.o ABSOLUTE
    _printf_wctomb                           0x00000000   Number         0  stubs.o ABSOLUTE
    _printf_widthprec                        0x00000000   Number         0  stubs.o ABSOLUTE
    _printf_x                                0x00000000   Number         0  stubs.o ABSOLUTE
    __cpp_initialize__aeabi_                  - Undefined Weak Reference
    __cxa_finalize                            - Undefined Weak Reference
    __decompress                              - Undefined Weak Reference
    _clock_init                               - Undefined Weak Reference
    _microlib_exit                            - Undefined Weak Reference
    _scanf_longlong                           - Undefined Weak Reference
    _scanf_real                               - Undefined Weak Reference
    _scanf_string                             - Undefined Weak Reference
    __Vectors_Size                           0x00000188   Number         0  startup_stm32l476xx.o ABSOLUTE
    __Vectors                                0x08000000   Data           4  startup_stm32l476xx.o(RESET)
    __Vectors_End                            0x08000188   Data           0  startup_stm32l476xx.o(RESET)
    __main                                   0x08000189   Thumb Code     0  entry.o(.ARM.Collect$$$$00000000)
    _main_stk                                0x08000189   Thumb Code     0  entry2.o(.ARM.Collect$$$$00000001)
    _main_scatterload                        0x0800018d   Thumb Code     0  entry5.o(.ARM.Collect$$$$00000004)
    __main_after_scatterload                 0x08000191   Thumb Code     0  entry5.o(.ARM.Collect$$$$00000004)
    _main_clock                              0x08000191   Thumb Code     0  entry7b.o(.ARM.Collect$$$$00000008)
    _main_cpp_init                           0x08000191   Thumb Code     0  entry8b.o(.ARM.Collect$$$$0000000A)
    _main_init                               0x08000191   Thumb Code     0  entry9a.o(.ARM.Collect$$$$0000000B)
    __rt_final_cpp                           0x08000199   Thumb Code     0  entry10a.o(.ARM.Collect$$$$0000000D)
    __rt_final_exit                          0x08000199   Thumb Code     0  entry11a.o(.ARM.Collect$$$$0000000F)
    Reset_Handler                            0x0800019d   Thumb Code     8  startup_stm32l476xx.o(.text)
    ADC1_2_IRQHandler                        0x080001b7   Thumb Code     0  startup_stm32l476xx.o(.text)
    ADC3_IRQHandler                          0x080001b7   Thumb Code     0  startup_stm32l476xx.o(.text)
    CAN1_RX0_IRQHandler                      0x080001b7   Thumb Code     0  startup_stm32l476xx.o(.text)
    CAN1_RX1_IRQHandler                      0x080001b7   Thumb Code     0  startup_stm32l476xx.o(.text)
    CAN1_SCE_IRQHandler                      0x080001b7   Thumb Code     0  startup_stm32l476xx.o(.text)
    CAN1_TX_IRQHandler                       0x080001b7   Thumb Code     0  startup_stm32l476xx.o(.text)
    COMP_IRQHandler                          0x080001b7   Thumb Code     0  startup_stm32l476xx.o(.text)
    DFSDM1_FLT0_IRQHandler                   0x080001b7   Thumb Code     0  startup_stm32l476xx.o(.text)
    DFSDM1_FLT1_IRQHandler                   0x080001b7   Thumb Code     0  startup_stm32l476xx.o(.text)
    DFSDM1_FLT2_IRQHandler                   0x080001b7   Thumb Code     0  startup_stm32l476xx.o(.text)
    DFSDM1_FLT3_IRQHandler                   0x080001b7   Thumb Code     0  startup_stm32l476xx.o(.text)
    DMA1_Channel1_IRQHandler                 0x080001b7   Thumb Code     0  startup_stm32l476xx.o(.text)
    DMA1_Channel2_IRQHandler                 0x080001b7   Thumb Code     0  startup_stm32l476xx.o(.text)
    DMA1_Channel3_IRQHandler                 0x080001b7   Thumb Code     0  startup_stm32l476xx.o(.text)
    DMA1_Channel4_IRQHandler                 0x080001b7   Thumb Code     0  startup_stm32l476xx.o(.text)
    DMA1_Channel5_IRQHandler                 0x080001b7   Thumb Code     0  startup_stm32l476xx.o(.text)
    DMA1_Channel6_IRQHandler                 0x080001b7   Thumb Code     0  startup_stm32l476xx.o(.text)
    DMA1_Channel7_IRQHandler                 0x080001b7   Thumb Code     0  startup_stm32l476xx.o(.text)
    DMA2_Channel1_IRQHandler                 0x080001b7   Thumb Code     0  startup_stm32l476xx.o(.text)
    DMA2_Channel2_IRQHandler                 0x080001b7   Thumb Code     0  startup_stm32l476xx.o(.text)
    DMA2_Channel3_IRQHandler                 0x080001b7   Thumb Code     0  startup_stm32l476xx.o(.text)
    DMA2_Channel4_IRQHandler                 0x080001b7   Thumb Code     0  startup_stm32l476xx.o(.text)
    DMA2_Channel5_IRQHandler                 0x080001b7   Thumb Code     0  startup_stm32l476xx.o(.text)
    DMA2_Channel6_IRQHandler                 0x080001b7   Thumb Code     0  startup_stm32l476xx.o(.text)
    DMA2_Channel7_IRQHandler                 0x080001b7   Thumb Code     0  startup_stm32l476xx.o(.text)
    EXTI0_IRQHandler                         0x080001b7   Thumb Code     0  startup_stm32l476xx.o(.text)
    EXTI1_IRQHandler                         0x080001b7   Thumb Code     0  startup_stm32l476xx.o(.text)
    EXTI2_IRQHandler                         0x080001b7   Thumb Code     0  startup_stm32l476xx.o(.text)
    EXTI3_IRQHandler                         0x080001b7   Thumb Code     0  startup_stm32l476xx.o(.text)
    EXTI9_5_IRQHandler                       0x080001b7   Thumb Code     0  startup_stm32l476xx.o(.text)
    FLASH_IRQHandler                         0x080001b7   Thumb Code     0  startup_stm32l476xx.o(.text)
    FMC_IRQHandler                           0x080001b7   Thumb Code     0  startup_stm32l476xx.o(.text)
    FPU_IRQHandler                           0x080001b7   Thumb Code     0  startup_stm32l476xx.o(.text)
    I2C1_ER_IRQHandler                       0x080001b7   Thumb Code     0  startup_stm32l476xx.o(.text)
    I2C1_EV_IRQHandler                       0x080001b7   Thumb Code     0  startup_stm32l476xx.o(.text)
    I2C2_ER_IRQHandler                       0x080001b7   Thumb Code     0  startup_stm32l476xx.o(.text)
    I2C2_EV_IRQHandler                       0x080001b7   Thumb Code     0  startup_stm32l476xx.o(.text)
    I2C3_ER_IRQHandler                       0x080001b7   Thumb Code     0  startup_stm32l476xx.o(.text)
    I2C3_EV_IRQHandler                       0x080001b7   Thumb Code     0  startup_stm32l476xx.o(.text)
    LCD_IRQHandler                           0x080001b7   Thumb Code     0  startup_stm32l476xx.o(.text)
    LPTIM2_IRQHandler                        0x080001b7   Thumb Code     0  startup_stm32l476xx.o(.text)
    LPUART1_IRQHandler                       0x080001b7   Thumb Code     0  startup_stm32l476xx.o(.text)
    OTG_FS_IRQHandler                        0x080001b7   Thumb Code     0  startup_stm32l476xx.o(.text)
    PVD_PVM_IRQHandler                       0x080001b7   Thumb Code     0  startup_stm32l476xx.o(.text)
    QUADSPI_IRQHandler                       0x080001b7   Thumb Code     0  startup_stm32l476xx.o(.text)
    RCC_IRQHandler                           0x080001b7   Thumb Code     0  startup_stm32l476xx.o(.text)
    RNG_IRQHandler                           0x080001b7   Thumb Code     0  startup_stm32l476xx.o(.text)
    RTC_Alarm_IRQHandler                     0x080001b7   Thumb Code     0  startup_stm32l476xx.o(.text)
    RTC_WKUP_IRQHandler                      0x080001b7   Thumb Code     0  startup_stm32l476xx.o(.text)
    SAI1_IRQHandler                          0x080001b7   Thumb Code     0  startup_stm32l476xx.o(.text)
    SAI2_IRQHandler                          0x080001b7   Thumb Code     0  startup_stm32l476xx.o(.text)
    SDMMC1_IRQHandler                        0x080001b7   Thumb Code     0  startup_stm32l476xx.o(.text)
    SPI1_IRQHandler                          0x080001b7   Thumb Code     0  startup_stm32l476xx.o(.text)
    SPI2_IRQHandler                          0x080001b7   Thumb Code     0  startup_stm32l476xx.o(.text)
    SPI3_IRQHandler                          0x080001b7   Thumb Code     0  startup_stm32l476xx.o(.text)
    SWPMI1_IRQHandler                        0x080001b7   Thumb Code     0  startup_stm32l476xx.o(.text)
    TAMP_STAMP_IRQHandler                    0x080001b7   Thumb Code     0  startup_stm32l476xx.o(.text)
    TIM1_BRK_TIM15_IRQHandler                0x080001b7   Thumb Code     0  startup_stm32l476xx.o(.text)
    TIM1_CC_IRQHandler                       0x080001b7   Thumb Code     0  startup_stm32l476xx.o(.text)
    TIM1_TRG_COM_TIM17_IRQHandler            0x080001b7   Thumb Code     0  startup_stm32l476xx.o(.text)
    TIM1_UP_TIM16_IRQHandler                 0x080001b7   Thumb Code     0  startup_stm32l476xx.o(.text)
    TIM2_IRQHandler                          0x080001b7   Thumb Code     0  startup_stm32l476xx.o(.text)
    TIM3_IRQHandler                          0x080001b7   Thumb Code     0  startup_stm32l476xx.o(.text)
    TIM4_IRQHandler                          0x080001b7   Thumb Code     0  startup_stm32l476xx.o(.text)
    TIM5_IRQHandler                          0x080001b7   Thumb Code     0  startup_stm32l476xx.o(.text)
    TIM6_DAC_IRQHandler                      0x080001b7   Thumb Code     0  startup_stm32l476xx.o(.text)
    TIM7_IRQHandler                          0x080001b7   Thumb Code     0  startup_stm32l476xx.o(.text)
    TIM8_BRK_IRQHandler                      0x080001b7   Thumb Code     0  startup_stm32l476xx.o(.text)
    TIM8_CC_IRQHandler                       0x080001b7   Thumb Code     0  startup_stm32l476xx.o(.text)
    TIM8_TRG_COM_IRQHandler                  0x080001b7   Thumb Code     0  startup_stm32l476xx.o(.text)
    TIM8_UP_IRQHandler                       0x080001b7   Thumb Code     0  startup_stm32l476xx.o(.text)
    TSC_IRQHandler                           0x080001b7   Thumb Code     0  startup_stm32l476xx.o(.text)
    UART4_IRQHandler                         0x080001b7   Thumb Code     0  startup_stm32l476xx.o(.text)
    UART5_IRQHandler                         0x080001b7   Thumb Code     0  startup_stm32l476xx.o(.text)
    USART1_IRQHandler                        0x080001b7   Thumb Code     0  startup_stm32l476xx.o(.text)
    USART2_IRQHandler                        0x080001b7   Thumb Code     0  startup_stm32l476xx.o(.text)
    USART3_IRQHandler                        0x080001b7   Thumb Code     0  startup_stm32l476xx.o(.text)
    WWDG_IRQHandler                          0x080001b7   Thumb Code     0  startup_stm32l476xx.o(.text)
    __aeabi_uldivmod                         0x080001c1   Thumb Code    98  uldiv.o(.text)
    __aeabi_memcpy                           0x08000229   Thumb Code    36  memcpya.o(.text)
    __aeabi_memcpy4                          0x08000229   Thumb Code     0  memcpya.o(.text)
    __aeabi_memcpy8                          0x08000229   Thumb Code     0  memcpya.o(.text)
    __aeabi_memset                           0x0800024d   Thumb Code    14  memseta.o(.text)
    __aeabi_memset4                          0x0800024d   Thumb Code     0  memseta.o(.text)
    __aeabi_memset8                          0x0800024d   Thumb Code     0  memseta.o(.text)
    __aeabi_memclr                           0x0800025b   Thumb Code     4  memseta.o(.text)
    __aeabi_memclr4                          0x0800025b   Thumb Code     0  memseta.o(.text)
    __aeabi_memclr8                          0x0800025b   Thumb Code     0  memseta.o(.text)
    _memset$wrapper                          0x0800025f   Thumb Code    18  memseta.o(.text)
    strlen                                   0x08000271   Thumb Code    14  strlen.o(.text)
    __aeabi_dadd                             0x0800027f   Thumb Code   322  dadd.o(.text)
    __aeabi_dsub                             0x080003c1   Thumb Code     6  dadd.o(.text)
    __aeabi_drsub                            0x080003c7   Thumb Code     6  dadd.o(.text)
    __aeabi_dmul                             0x080003dd   Thumb Code   228  dmul.o(.text)
    __aeabi_ddiv                             0x080004c7   Thumb Code   222  ddiv.o(.text)
    __aeabi_i2d                              0x080005a5   Thumb Code    34  dflti.o(.text)
    __aeabi_ui2d                             0x080005c7   Thumb Code    26  dfltui.o(.text)
    __aeabi_d2uiz                            0x080005e1   Thumb Code    50  dfixui.o(.text)
    __aeabi_uidiv                            0x08000613   Thumb Code     0  uidiv.o(.text)
    __aeabi_uidivmod                         0x08000613   Thumb Code    44  uidiv.o(.text)
    __aeabi_llsl                             0x0800063f   Thumb Code    30  llshl.o(.text)
    _ll_shift_l                              0x0800063f   Thumb Code     0  llshl.o(.text)
    __aeabi_llsr                             0x0800065d   Thumb Code    32  llushr.o(.text)
    _ll_ushift_r                             0x0800065d   Thumb Code     0  llushr.o(.text)
    __aeabi_lasr                             0x0800067d   Thumb Code    36  llsshr.o(.text)
    _ll_sshift_r                             0x0800067d   Thumb Code     0  llsshr.o(.text)
    __I$use$fp                               0x080006a1   Thumb Code     0  iusefp.o(.text)
    _double_round                            0x080006a1   Thumb Code    30  depilogue.o(.text)
    _double_epilogue                         0x080006bf   Thumb Code   156  depilogue.o(.text)
    __ARM_scalbn                             0x0800075b   Thumb Code    46  dscalb.o(.text)
    scalbn                                   0x0800075b   Thumb Code     0  dscalb.o(.text)
    __aeabi_d2ulz                            0x08000789   Thumb Code    48  dfixul.o(.text)
    __aeabi_cdrcmple                         0x080007b9   Thumb Code    48  cdrcmple.o(.text)
    __scatterload                            0x080007e9   Thumb Code    28  init.o(.text)
    __scatterload_rt2                        0x080007e9   Thumb Code     0  init.o(.text)
    _dsqrt                                   0x0800080d   Thumb Code   162  dsqrt.o(.text)
    BusFault_Handler                         0x080008af   Thumb Code     4  stm32l4xx_it.o(i.BusFault_Handler)
    DebugMon_Handler                         0x080008b3   Thumb Code     2  stm32l4xx_it.o(i.DebugMon_Handler)
    EXTI15_10_IRQHandler                     0x080008b5   Thumb Code    12  stm32l4xx_it.o(i.EXTI15_10_IRQHandler)
    EXTI4_IRQHandler                         0x080008c1   Thumb Code    10  stm32l4xx_it.o(i.EXTI4_IRQHandler)
    Error_Handler                            0x080008cb   Thumb Code     6  main.o(i.Error_Handler)
    HAL_Delay                                0x080008d1   Thumb Code    36  stm32l4xx_hal.o(i.HAL_Delay)
    HAL_GPIO_EXTI_Callback                   0x080008f9   Thumb Code   156  main.o(i.HAL_GPIO_EXTI_Callback)
    HAL_GPIO_EXTI_IRQHandler                 0x080009e5   Thumb Code    24  stm32l4xx_hal_gpio.o(i.HAL_GPIO_EXTI_IRQHandler)
    HAL_GPIO_Init                            0x08000a01   Thumb Code   480  stm32l4xx_hal_gpio.o(i.HAL_GPIO_Init)
    HAL_GPIO_ReadPin                         0x08000c05   Thumb Code    16  stm32l4xx_hal_gpio.o(i.HAL_GPIO_ReadPin)
    HAL_GPIO_TogglePin                       0x08000c15   Thumb Code    20  stm32l4xx_hal_gpio.o(i.HAL_GPIO_TogglePin)
    HAL_GPIO_WritePin                        0x08000c29   Thumb Code    10  stm32l4xx_hal_gpio.o(i.HAL_GPIO_WritePin)
    HAL_GetTick                              0x08000c35   Thumb Code     6  stm32l4xx_hal.o(i.HAL_GetTick)
    HAL_IncTick                              0x08000c41   Thumb Code    16  stm32l4xx_hal.o(i.HAL_IncTick)
    HAL_Init                                 0x08000c59   Thumb Code    30  stm32l4xx_hal.o(i.HAL_Init)
    HAL_InitTick                             0x08000c79   Thumb Code    74  stm32l4xx_hal.o(i.HAL_InitTick)
    HAL_LPTIM1_INT_Callback                  0x08000cd1   Thumb Code    84  main.o(i.HAL_LPTIM1_INT_Callback)
    HAL_LPTIM_AutoReloadMatchCallback        0x08000d41   Thumb Code     2  stm32l4xx_hal_lptim.o(i.HAL_LPTIM_AutoReloadMatchCallback)
    HAL_LPTIM_AutoReloadWriteCallback        0x08000d43   Thumb Code     2  stm32l4xx_hal_lptim.o(i.HAL_LPTIM_AutoReloadWriteCallback)
    HAL_LPTIM_CompareMatchCallback           0x08000d45   Thumb Code     2  stm32l4xx_hal_lptim.o(i.HAL_LPTIM_CompareMatchCallback)
    HAL_LPTIM_CompareWriteCallback           0x08000d47   Thumb Code     2  stm32l4xx_hal_lptim.o(i.HAL_LPTIM_CompareWriteCallback)
    HAL_LPTIM_DirectionDownCallback          0x08000d49   Thumb Code     2  stm32l4xx_hal_lptim.o(i.HAL_LPTIM_DirectionDownCallback)
    HAL_LPTIM_DirectionUpCallback            0x08000d4b   Thumb Code     2  stm32l4xx_hal_lptim.o(i.HAL_LPTIM_DirectionUpCallback)
    HAL_LPTIM_GetState                       0x08000d4d   Thumb Code     8  stm32l4xx_hal_lptim.o(i.HAL_LPTIM_GetState)
    HAL_LPTIM_IRQHandler                     0x08000d55   Thumb Code   230  stm32l4xx_hal_lptim.o(i.HAL_LPTIM_IRQHandler)
    HAL_LPTIM_Init                           0x08000e3d   Thumb Code   200  stm32l4xx_hal_lptim.o(i.HAL_LPTIM_Init)
    HAL_LPTIM_MspInit                        0x08000f0d   Thumb Code    58  lptim.o(i.HAL_LPTIM_MspInit)
    HAL_LPTIM_TimeOut_Start_IT               0x08000f51   Thumb Code   184  stm32l4xx_hal_lptim.o(i.HAL_LPTIM_TimeOut_Start_IT)
    HAL_LPTIM_TriggerCallback                0x08001011   Thumb Code     2  stm32l4xx_hal_lptim.o(i.HAL_LPTIM_TriggerCallback)
    HAL_MspInit                              0x08001015   Thumb Code    58  stm32l4xx_hal_msp.o(i.HAL_MspInit)
    HAL_NVIC_EnableIRQ                       0x08001055   Thumb Code    40  stm32l4xx_hal_cortex.o(i.HAL_NVIC_EnableIRQ)
    HAL_NVIC_SetPriority                     0x0800107d   Thumb Code   124  stm32l4xx_hal_cortex.o(i.HAL_NVIC_SetPriority)
    HAL_NVIC_SetPriorityGrouping             0x08001101   Thumb Code    32  stm32l4xx_hal_cortex.o(i.HAL_NVIC_SetPriorityGrouping)
    HAL_PWREx_ControlVoltageScaling          0x08001129   Thumb Code   128  stm32l4xx_hal_pwr_ex.o(i.HAL_PWREx_ControlVoltageScaling)
    HAL_PWREx_GetVoltageRange                0x080011b5   Thumb Code    10  stm32l4xx_hal_pwr_ex.o(i.HAL_PWREx_GetVoltageRange)
    HAL_RCCEx_PeriphCLKConfig                0x080011c5   Thumb Code  1230  stm32l4xx_hal_rcc_ex.o(i.HAL_RCCEx_PeriphCLKConfig)
    HAL_RCC_ClockConfig                      0x08001699   Thumb Code   360  stm32l4xx_hal_rcc.o(i.HAL_RCC_ClockConfig)
    HAL_RCC_GetHCLKFreq                      0x08001815   Thumb Code     6  stm32l4xx_hal_rcc.o(i.HAL_RCC_GetHCLKFreq)
    HAL_RCC_GetPCLK1Freq                     0x08001821   Thumb Code    26  stm32l4xx_hal_rcc.o(i.HAL_RCC_GetPCLK1Freq)
    HAL_RCC_GetPCLK2Freq                     0x08001845   Thumb Code    26  stm32l4xx_hal_rcc.o(i.HAL_RCC_GetPCLK2Freq)
    HAL_RCC_GetSysClockFreq                  0x08001869   Thumb Code   220  stm32l4xx_hal_rcc.o(i.HAL_RCC_GetSysClockFreq)
    HAL_RCC_OscConfig                        0x08001955   Thumb Code  1772  stm32l4xx_hal_rcc.o(i.HAL_RCC_OscConfig)
    HAL_SPIEx_FlushRxFifo                    0x08002051   Thumb Code    44  stm32l4xx_hal_spi_ex.o(i.HAL_SPIEx_FlushRxFifo)
    HAL_SPI_Init                             0x0800207d   Thumb Code   240  stm32l4xx_hal_spi.o(i.HAL_SPI_Init)
    HAL_SPI_MspInit                          0x0800216d   Thumb Code   110  spi.o(i.HAL_SPI_MspInit)
    HAL_SPI_Transmit                         0x080021e5   Thumb Code   490  stm32l4xx_hal_spi.o(i.HAL_SPI_Transmit)
    HAL_SPI_TransmitReceive                  0x080023d5   Thumb Code   700  stm32l4xx_hal_spi.o(i.HAL_SPI_TransmitReceive)
    HAL_SYSTICK_Config                       0x08002697   Thumb Code    52  stm32l4xx_hal_cortex.o(i.HAL_SYSTICK_Config)
    HAL_UART_GetState                        0x080026cb   Thumb Code    12  stm32l4xx_hal_uart.o(i.HAL_UART_GetState)
    HAL_UART_Init                            0x080026d7   Thumb Code   116  stm32l4xx_hal_uart.o(i.HAL_UART_Init)
    HAL_UART_MspInit                         0x0800274d   Thumb Code   110  usart.o(i.HAL_UART_MspInit)
    HAL_UART_Transmit                        0x080027c5   Thumb Code   210  stm32l4xx_hal_uart.o(i.HAL_UART_Transmit)
    HardFault_Handler                        0x0800289d   Thumb Code     4  stm32l4xx_it.o(i.HardFault_Handler)
    LPTIM1_IRQHandler                        0x080028a1   Thumb Code    14  stm32l4xx_it.o(i.LPTIM1_IRQHandler)
    LPTIM_Disable                            0x080028b5   Thumb Code   390  stm32l4xx_hal_lptim.o(i.LPTIM_Disable)
    LoRaSendData                             0x08002a7d   Thumb Code    52  ranging.o(i.LoRaSendData)
    LoRaSetPayloadLength                     0x08002ab9   Thumb Code    14  ranging.o(i.LoRaSetPayloadLength)
    LoRaSetRx                                0x08002acd   Thumb Code    30  ranging.o(i.LoRaSetRx)
    MX_GPIO_Init                             0x08002af5   Thumb Code   228  gpio.o(i.MX_GPIO_Init)
    MX_LPTIM1_Init                           0x08002bed   Thumb Code    50  lptim.o(i.MX_LPTIM1_Init)
    MX_SPI1_Init                             0x08002c29   Thumb Code    72  spi.o(i.MX_SPI1_Init)
    MX_USART2_UART_Init                      0x08002c79   Thumb Code    56  usart.o(i.MX_USART2_UART_Init)
    MemManage_Handler                        0x08002cb9   Thumb Code     4  stm32l4xx_it.o(i.MemManage_Handler)
    NMI_Handler                              0x08002cbd   Thumb Code     4  stm32l4xx_it.o(i.NMI_Handler)
    PendSV_Handler                           0x08002cc1   Thumb Code     2  stm32l4xx_it.o(i.PendSV_Handler)
    RangingInitRadio                         0x08003051   Thumb Code    62  ranging.o(i.RangingInitRadio)
    RangingSetParams                         0x0800309d   Thumb Code    54  ranging.o(i.RangingSetParams)
    SVC_Handler                              0x0800330f   Thumb Code     2  stm32l4xx_it.o(i.SVC_Handler)
    SX1280ClearIrqStatus                     0x08003311   Thumb Code    28  sx1280.o(i.SX1280ClearIrqStatus)
    SX1280GetFirmwareVersion                 0x0800332d   Thumb Code    26  sx1280.o(i.SX1280GetFirmwareVersion)
    SX1280GetIrqStatus                       0x08003347   Thumb Code    26  sx1280.o(i.SX1280GetIrqStatus)
    SX1280GetPacketStatus                    0x08003361   Thumb Code   776  sx1280.o(i.SX1280GetPacketStatus)
    SX1280GetPacketType                      0x08003669   Thumb Code     6  sx1280.o(i.SX1280GetPacketType)
    SX1280GetPayload                         0x08003675   Thumb Code    42  sx1280.o(i.SX1280GetPayload)
    SX1280GetRssiInst                        0x0800369f   Thumb Code    22  sx1280.o(i.SX1280GetRssiInst)
    SX1280GetRxBufferStatus                  0x080036b5   Thumb Code    84  sx1280.o(i.SX1280GetRxBufferStatus)
    SX1280HalReadBuffer                      0x08003709   Thumb Code   106  sx1280-hal.o(i.SX1280HalReadBuffer)
    SX1280HalReadCommand                     0x0800377d   Thumb Code   104  sx1280-hal.o(i.SX1280HalReadCommand)
    SX1280HalReadRegister                    0x080037ed   Thumb Code    20  sx1280-hal.o(i.SX1280HalReadRegister)
    SX1280HalReadRegisters                   0x08003801   Thumb Code   110  sx1280-hal.o(i.SX1280HalReadRegisters)
    SX1280HalReset                           0x08003879   Thumb Code    46  sx1280-hal.o(i.SX1280HalReset)
    SX1280HalWaitOnBusy                      0x080038a9   Thumb Code    54  sx1280-hal.o(i.SX1280HalWaitOnBusy)
    SX1280HalWriteBuffer                     0x080038e5   Thumb Code    78  sx1280-hal.o(i.SX1280HalWriteBuffer)
    SX1280HalWriteCommand                    0x08003939   Thumb Code    78  sx1280-hal.o(i.SX1280HalWriteCommand)
    SX1280SendPayload                        0x0800398d   Thumb Code    22  sx1280.o(i.SX1280SendPayload)
    SX1280SetBufferBaseAddresses             0x080039a3   Thumb Code    26  sx1280.o(i.SX1280SetBufferBaseAddresses)
    SX1280SetDioIrqParams                    0x080039bd   Thumb Code    74  sx1280.o(i.SX1280SetDioIrqParams)
    SX1280SetModulationParams                0x08003a09   Thumb Code   168  sx1280.o(i.SX1280SetModulationParams)
    SX1280SetPacketParams                    0x08003ab9   Thumb Code   268  sx1280.o(i.SX1280SetPacketParams)
    SX1280SetPacketType                      0x08003bc9   Thumb Code    22  sx1280.o(i.SX1280SetPacketType)
    SX1280SetPayload                         0x08003be5   Thumb Code    18  sx1280.o(i.SX1280SetPayload)
    SX1280SetRangingRole                     0x08003bf7   Thumb Code    18  sx1280.o(i.SX1280SetRangingRole)
    SX1280SetRegulatorMode                   0x08003c09   Thumb Code    14  sx1280.o(i.SX1280SetRegulatorMode)
    SX1280SetRfFrequency                     0x08003c19   Thumb Code   116  sx1280.o(i.SX1280SetRfFrequency)
    SX1280SetRx                              0x08003ca5   Thumb Code    72  sx1280.o(i.SX1280SetRx)
    SX1280SetStandby                         0x08003cf1   Thumb Code    34  sx1280.o(i.SX1280SetStandby)
    SX1280SetTx                              0x08003d19   Thumb Code    72  sx1280.o(i.SX1280SetTx)
    SX1280SetTxParams                        0x08003d65   Thumb Code    32  sx1280.o(i.SX1280SetTxParams)
    SpiIn                                    0x08003d85   Thumb Code    22  sx1280-hal.o(i.SpiIn)
    SpiInOut                                 0x08003da1   Thumb Code    34  sx1280-hal.o(i.SpiInOut)
    SysTick_Handler                          0x08003dc9   Thumb Code     8  stm32l4xx_it.o(i.SysTick_Handler)
    SystemClock_Config                       0x08003dd1   Thumb Code   152  main.o(i.SystemClock_Config)
    SystemInit                               0x08003e69   Thumb Code    68  system_stm32l4xx.o(i.SystemInit)
    UART_AdvFeatureConfig                    0x08003eb9   Thumb Code   248  stm32l4xx_hal_uart.o(i.UART_AdvFeatureConfig)
    UART_CheckIdleState                      0x08003fb1   Thumb Code   110  stm32l4xx_hal_uart.o(i.UART_CheckIdleState)
    UART_SetConfig                           0x08004021   Thumb Code   852  stm32l4xx_hal_uart.o(i.UART_SetConfig)
    UART_WaitOnFlagUntilTimeout              0x0800439f   Thumb Code   180  stm32l4xx_hal_uart.o(i.UART_WaitOnFlagUntilTimeout)
    UsageFault_Handler                       0x08004453   Thumb Code     4  stm32l4xx_it.o(i.UsageFault_Handler)
    __0printf                                0x08004459   Thumb Code    22  printfa.o(i.__0printf)
    __1printf                                0x08004459   Thumb Code     0  printfa.o(i.__0printf)
    __2printf                                0x08004459   Thumb Code     0  printfa.o(i.__0printf)
    __c89printf                              0x08004459   Thumb Code     0  printfa.o(i.__0printf)
    printf                                   0x08004459   Thumb Code     0  printfa.o(i.__0printf)
    __0sprintf                               0x08004479   Thumb Code    34  printfa.o(i.__0sprintf)
    __1sprintf                               0x08004479   Thumb Code     0  printfa.o(i.__0sprintf)
    __2sprintf                               0x08004479   Thumb Code     0  printfa.o(i.__0sprintf)
    __c89sprintf                             0x08004479   Thumb Code     0  printfa.o(i.__0sprintf)
    sprintf                                  0x08004479   Thumb Code     0  printfa.o(i.__0sprintf)
    __ARM_fpclassify                         0x080044a1   Thumb Code    48  fpclassify.o(i.__ARM_fpclassify)
    __hardfp_pow                             0x08004509   Thumb Code  3072  pow.o(i.__hardfp_pow)
    __kernel_poly                            0x08005189   Thumb Code   248  poly.o(i.__kernel_poly)
    __mathlib_dbl_divzero                    0x08005281   Thumb Code    28  dunder.o(i.__mathlib_dbl_divzero)
    __mathlib_dbl_infnan2                    0x080052b1   Thumb Code    20  dunder.o(i.__mathlib_dbl_infnan2)
    __mathlib_dbl_invalid                    0x080052c9   Thumb Code    24  dunder.o(i.__mathlib_dbl_invalid)
    __mathlib_dbl_overflow                   0x080052e9   Thumb Code    24  dunder.o(i.__mathlib_dbl_overflow)
    __mathlib_dbl_underflow                  0x08005309   Thumb Code    24  dunder.o(i.__mathlib_dbl_underflow)
    __scatterload_copy                       0x08005329   Thumb Code    14  handlers.o(i.__scatterload_copy)
    __scatterload_null                       0x08005337   Thumb Code     2  handlers.o(i.__scatterload_null)
    __scatterload_zeroinit                   0x08005339   Thumb Code    14  handlers.o(i.__scatterload_zeroinit)
    __set_errno                              0x08005349   Thumb Code     6  errno.o(i.__set_errno)
    fabs                                     0x08005c1f   Thumb Code    24  fabs.o(i.fabs)
    fputc                                    0x08005c39   Thumb Code    40  usart.o(i.fputc)
    main                                     0x08005c65   Thumb Code   124  main.o(i.main)
    sqrt                                     0x08005d31   Thumb Code   110  sqrt.o(i.sqrt)
    AHBPrescTable                            0x08005da0   Data          16  system_stm32l4xx.o(.constdata)
    APBPrescTable                            0x08005db0   Data           8  system_stm32l4xx.o(.constdata)
    MSIRangeTable                            0x08005db8   Data          48  system_stm32l4xx.o(.constdata)
    RNG_CALIB_0400                           0x08005de8   Data          12  ranging.o(.constdata)
    RNG_CALIB_0800                           0x08005df4   Data          12  ranging.o(.constdata)
    RNG_CALIB_1600                           0x08005e00   Data          12  ranging.o(.constdata)
    RNG_FGRAD_0400                           0x08005e10   Data          48  ranging.o(.constdata)
    RNG_FGRAD_0800                           0x08005e40   Data          48  ranging.o(.constdata)
    RNG_FGRAD_1600                           0x08005e70   Data          48  ranging.o(.constdata)
    RangingCorrectionSF5BW0400               0x08005eb8   Data        1280  sx1280.o(.constdata)
    correctionRangingPolynomeSF5BW0400       0x080063b8   Data          88  sx1280.o(.constdata)
    RangingCorrectionSF6BW0400               0x08006410   Data        1280  sx1280.o(.constdata)
    correctionRangingPolynomeSF6BW0400       0x08006910   Data          88  sx1280.o(.constdata)
    RangingCorrectionSF7BW0400               0x08006968   Data        1280  sx1280.o(.constdata)
    correctionRangingPolynomeSF7BW0400       0x08006e68   Data          88  sx1280.o(.constdata)
    RangingCorrectionSF8BW0400               0x08006ec0   Data        1280  sx1280.o(.constdata)
    correctionRangingPolynomeSF8BW0400       0x080073c0   Data          88  sx1280.o(.constdata)
    RangingCorrectionSF9BW0400               0x08007418   Data        1280  sx1280.o(.constdata)
    correctionRangingPolynomeSF9BW0400       0x08007918   Data          88  sx1280.o(.constdata)
    RangingCorrectionSF10BW0400              0x08007970   Data        1280  sx1280.o(.constdata)
    correctionRangingPolynomeSF10BW0400      0x08007e70   Data          88  sx1280.o(.constdata)
    RangingCorrectionSF5BW0800               0x08007ec8   Data        1280  sx1280.o(.constdata)
    correctionRangingPolynomeSF5BW0800       0x080083c8   Data          88  sx1280.o(.constdata)
    RangingCorrectionSF6BW0800               0x08008420   Data        1280  sx1280.o(.constdata)
    correctionRangingPolynomeSF6BW0800       0x08008920   Data          88  sx1280.o(.constdata)
    RangingCorrectionSF7BW0800               0x08008978   Data        1280  sx1280.o(.constdata)
    correctionRangingPolynomeSF7BW0800       0x08008e78   Data          88  sx1280.o(.constdata)
    RangingCorrectionSF8BW0800               0x08008ed0   Data        1280  sx1280.o(.constdata)
    correctionRangingPolynomeSF8BW0800       0x080093d0   Data          88  sx1280.o(.constdata)
    RangingCorrectionSF9BW0800               0x08009428   Data        1280  sx1280.o(.constdata)
    correctionRangingPolynomeSF9BW0800       0x08009928   Data          88  sx1280.o(.constdata)
    RangingCorrectionSF10BW0800              0x08009980   Data        1280  sx1280.o(.constdata)
    correctionRangingPolynomeSF10BW0800      0x08009e80   Data          88  sx1280.o(.constdata)
    RangingCorrectionSF5BW1600               0x08009ed8   Data        1280  sx1280.o(.constdata)
    correctionRangingPolynomeSF5BW1600       0x0800a3d8   Data          88  sx1280.o(.constdata)
    RangingCorrectionSF6BW1600               0x0800a430   Data        1280  sx1280.o(.constdata)
    correctionRangingPolynomeSF6BW1600       0x0800a930   Data          88  sx1280.o(.constdata)
    RangingCorrectionSF7BW1600               0x0800a988   Data        1280  sx1280.o(.constdata)
    correctionRangingPolynomeSF7BW1600       0x0800ae88   Data          88  sx1280.o(.constdata)
    RangingCorrectionSF8BW1600               0x0800aee0   Data        1280  sx1280.o(.constdata)
    correctionRangingPolynomeSF8BW1600       0x0800b3e0   Data          88  sx1280.o(.constdata)
    RangingCorrectionSF9BW1600               0x0800b438   Data        1280  sx1280.o(.constdata)
    correctionRangingPolynomeSF9BW1600       0x0800b938   Data          88  sx1280.o(.constdata)
    RangingCorrectionSF10BW1600              0x0800b990   Data        1280  sx1280.o(.constdata)
    correctionRangingPolynomeSF10BW1600      0x0800be90   Data          88  sx1280.o(.constdata)
    RadioRegsInit                            0x0800bee8   Data           4  sx1280.o(.constdata)
    __mathlib_zero                           0x0800bf78   Data           8  qnan.o(.constdata)
    Region$$Table$$Base                      0x0800bf80   Number         0  anon$$obj.o(Region$$Table)
    Region$$Table$$Limit                     0x0800bfa0   Number         0  anon$$obj.o(Region$$Table)
    DeviceState                              0x20000000   Data           1  main.o(.data)
    distance                                 0x20000008   Data           8  main.o(.data)
    RangingDemoAddress                       0x20000010   Data           4  main.o(.data)
    RangingDoneFlag                          0x20000014   Data           1  main.o(.data)
    RxDoneFlag                               0x20000015   Data           1  main.o(.data)
    RxSize                                   0x20000016   Data           1  main.o(.data)
    TxTimestamp                              0x20000018   Data           4  main.o(.data)
    TxLength                                 0x2000001c   Data           1  main.o(.data)
    TxData                                   0x2000001d   Data          10  main.o(.data)
    LPTIM1Count                              0x20000027   Data           1  main.o(.data)
    RTT_Value                                0x20000028   Data           4  main.o(.data)
    uwTick                                   0x2000002c   Data           4  stm32l4xx_hal.o(.data)
    uwTickPrio                               0x20000030   Data           4  stm32l4xx_hal.o(.data)
    uwTickFreq                               0x20000034   Data           1  stm32l4xx_hal.o(.data)
    SystemCoreClock                          0x20000038   Data           4  system_stm32l4xx.o(.data)
    RngBufferSize                            0x2000003c   Data           1  ranging.o(.data)
    RngRxIrqMask                             0x2000003e   Data           2  ranging.o(.data)
    RngTxIrqMask                             0x20000040   Data           2  ranging.o(.data)
    RngSlaveIrqMask                          0x20000042   Data           2  ranging.o(.data)
    RngMasterIrqMask                         0x20000044   Data           2  ranging.o(.data)
    RngPacketStatus                          0x20000046   Data           6  ranging.o(.data)
    RangingCorrectionPerSfBwGain             0x2000004c   Data          72  sx1280.o(.data)
    RangingCorrectionPolynomesPerSfBw        0x20000094   Data          72  sx1280.o(.data)
    OperatingMode                            0x200000dc   Data           1  sx1280.o(.data)
    __stdout                                 0x200000e4   Data           4  stdout.o(.data)
    RxData                                   0x200000ec   Data          20  main.o(.bss)
    RTT_UpBuffer                             0x20000100   Data        4096  main.o(.bss)
    hlptim1                                  0x20001100   Data          56  lptim.o(.bss)
    hspi1                                    0x20001138   Data         100  spi.o(.bss)
    huart2                                   0x2000119c   Data         128  usart.o(.bss)
    RngBuffer                                0x2000121c   Data          20  ranging.o(.bss)
    RngPacketParams                          0x20001230   Data          24  ranging.o(.bss)
    RngModulationParams                      0x20001248   Data          13  ranging.o(.bss)
    __initial_sp                             0x20002458   Data           0  startup_stm32l476xx.o(STACK)



==============================================================================

Memory Map of the image

  Image Entry point : 0x08000189

  Load Region LR_IROM1 (Base: 0x08000000, Size: 0x0000c08c, Max: 0x00100000, ABSOLUTE)

    Execution Region ER_IROM1 (Exec base: 0x08000000, Load base: 0x08000000, Size: 0x0000bfa0, Max: 0x00100000, ABSOLUTE)

    Exec Addr    Load Addr    Size         Type   Attr      Idx    E Section Name        Object

    0x08000000   0x08000000   0x00000188   Data   RO            3    RESET               startup_stm32l476xx.o
    0x08000188   0x08000188   0x00000000   Code   RO         4596  * .ARM.Collect$$$$00000000  mc_w.l(entry.o)
    0x08000188   0x08000188   0x00000004   Code   RO         4923    .ARM.Collect$$$$00000001  mc_w.l(entry2.o)
    0x0800018c   0x0800018c   0x00000004   Code   RO         4926    .ARM.Collect$$$$00000004  mc_w.l(entry5.o)
    0x08000190   0x08000190   0x00000000   Code   RO         4928    .ARM.Collect$$$$00000008  mc_w.l(entry7b.o)
    0x08000190   0x08000190   0x00000000   Code   RO         4930    .ARM.Collect$$$$0000000A  mc_w.l(entry8b.o)
    0x08000190   0x08000190   0x00000008   Code   RO         4931    .ARM.Collect$$$$0000000B  mc_w.l(entry9a.o)
    0x08000198   0x08000198   0x00000000   Code   RO         4933    .ARM.Collect$$$$0000000D  mc_w.l(entry10a.o)
    0x08000198   0x08000198   0x00000000   Code   RO         4935    .ARM.Collect$$$$0000000F  mc_w.l(entry11a.o)
    0x08000198   0x08000198   0x00000004   Code   RO         4924    .ARM.Collect$$$$00002712  mc_w.l(entry2.o)
    0x0800019c   0x0800019c   0x00000024   Code   RO            4    .text               startup_stm32l476xx.o
    0x080001c0   0x080001c0   0x00000068   Code   RO         4599    .text               mc_w.l(uldiv.o)
    0x08000228   0x08000228   0x00000024   Code   RO         4601    .text               mc_w.l(memcpya.o)
    0x0800024c   0x0800024c   0x00000024   Code   RO         4603    .text               mc_w.l(memseta.o)
    0x08000270   0x08000270   0x0000000e   Code   RO         4605    .text               mc_w.l(strlen.o)
    0x0800027e   0x0800027e   0x0000015e   Code   RO         4874    .text               mf_w.l(dadd.o)
    0x080003dc   0x080003dc   0x000000ea   Code   RO         4876    .text               mf_w.l(dmul.o)
    0x080004c6   0x080004c6   0x000000de   Code   RO         4878    .text               mf_w.l(ddiv.o)
    0x080005a4   0x080005a4   0x00000022   Code   RO         4880    .text               mf_w.l(dflti.o)
    0x080005c6   0x080005c6   0x0000001a   Code   RO         4882    .text               mf_w.l(dfltui.o)
    0x080005e0   0x080005e0   0x00000032   Code   RO         4884    .text               mf_w.l(dfixui.o)
    0x08000612   0x08000612   0x0000002c   Code   RO         4938    .text               mc_w.l(uidiv.o)
    0x0800063e   0x0800063e   0x0000001e   Code   RO         4940    .text               mc_w.l(llshl.o)
    0x0800065c   0x0800065c   0x00000020   Code   RO         4942    .text               mc_w.l(llushr.o)
    0x0800067c   0x0800067c   0x00000024   Code   RO         4944    .text               mc_w.l(llsshr.o)
    0x080006a0   0x080006a0   0x00000000   Code   RO         4959    .text               mc_w.l(iusefp.o)
    0x080006a0   0x080006a0   0x000000ba   Code   RO         4960    .text               mf_w.l(depilogue.o)
    0x0800075a   0x0800075a   0x0000002e   Code   RO         4964    .text               mf_w.l(dscalb.o)
    0x08000788   0x08000788   0x00000030   Code   RO         4966    .text               mf_w.l(dfixul.o)
    0x080007b8   0x080007b8   0x00000030   Code   RO         4968    .text               mf_w.l(cdrcmple.o)
    0x080007e8   0x080007e8   0x00000024   Code   RO         4970    .text               mc_w.l(init.o)
    0x0800080c   0x0800080c   0x000000a2   Code   RO         4976    .text               mf_w.l(dsqrt.o)
    0x080008ae   0x080008ae   0x00000004   Code   RO          667    i.BusFault_Handler  stm32l4xx_it.o
    0x080008b2   0x080008b2   0x00000002   Code   RO          668    i.DebugMon_Handler  stm32l4xx_it.o
    0x080008b4   0x080008b4   0x0000000c   Code   RO          669    i.EXTI15_10_IRQHandler  stm32l4xx_it.o
    0x080008c0   0x080008c0   0x0000000a   Code   RO          670    i.EXTI4_IRQHandler  stm32l4xx_it.o
    0x080008ca   0x080008ca   0x00000006   Code   RO          295    i.Error_Handler     main.o
    0x080008d0   0x080008d0   0x00000028   Code   RO         1061    i.HAL_Delay         stm32l4xx_hal.o
    0x080008f8   0x080008f8   0x000000ec   Code   RO          296    i.HAL_GPIO_EXTI_Callback  main.o
    0x080009e4   0x080009e4   0x0000001c   Code   RO         2286    i.HAL_GPIO_EXTI_IRQHandler  stm32l4xx_hal_gpio.o
    0x08000a00   0x08000a00   0x00000204   Code   RO         2287    i.HAL_GPIO_Init     stm32l4xx_hal_gpio.o
    0x08000c04   0x08000c04   0x00000010   Code   RO         2289    i.HAL_GPIO_ReadPin  stm32l4xx_hal_gpio.o
    0x08000c14   0x08000c14   0x00000014   Code   RO         2290    i.HAL_GPIO_TogglePin  stm32l4xx_hal_gpio.o
    0x08000c28   0x08000c28   0x0000000a   Code   RO         2291    i.HAL_GPIO_WritePin  stm32l4xx_hal_gpio.o
    0x08000c32   0x08000c32   0x00000002   PAD
    0x08000c34   0x08000c34   0x0000000c   Code   RO         1065    i.HAL_GetTick       stm32l4xx_hal.o
    0x08000c40   0x08000c40   0x00000018   Code   RO         1071    i.HAL_IncTick       stm32l4xx_hal.o
    0x08000c58   0x08000c58   0x0000001e   Code   RO         1072    i.HAL_Init          stm32l4xx_hal.o
    0x08000c76   0x08000c76   0x00000002   PAD
    0x08000c78   0x08000c78   0x00000058   Code   RO         1073    i.HAL_InitTick      stm32l4xx_hal.o
    0x08000cd0   0x08000cd0   0x00000070   Code   RO          297    i.HAL_LPTIM1_INT_Callback  main.o
    0x08000d40   0x08000d40   0x00000002   Code   RO          785    i.HAL_LPTIM_AutoReloadMatchCallback  stm32l4xx_hal_lptim.o
    0x08000d42   0x08000d42   0x00000002   Code   RO          786    i.HAL_LPTIM_AutoReloadWriteCallback  stm32l4xx_hal_lptim.o
    0x08000d44   0x08000d44   0x00000002   Code   RO          787    i.HAL_LPTIM_CompareMatchCallback  stm32l4xx_hal_lptim.o
    0x08000d46   0x08000d46   0x00000002   Code   RO          788    i.HAL_LPTIM_CompareWriteCallback  stm32l4xx_hal_lptim.o
    0x08000d48   0x08000d48   0x00000002   Code   RO          794    i.HAL_LPTIM_DirectionDownCallback  stm32l4xx_hal_lptim.o
    0x08000d4a   0x08000d4a   0x00000002   Code   RO          795    i.HAL_LPTIM_DirectionUpCallback  stm32l4xx_hal_lptim.o
    0x08000d4c   0x08000d4c   0x00000008   Code   RO          800    i.HAL_LPTIM_GetState  stm32l4xx_hal_lptim.o
    0x08000d54   0x08000d54   0x000000e6   Code   RO          801    i.HAL_LPTIM_IRQHandler  stm32l4xx_hal_lptim.o
    0x08000e3a   0x08000e3a   0x00000002   PAD
    0x08000e3c   0x08000e3c   0x000000d0   Code   RO          802    i.HAL_LPTIM_Init    stm32l4xx_hal_lptim.o
    0x08000f0c   0x08000f0c   0x00000044   Code   RO          524    i.HAL_LPTIM_MspInit  lptim.o
    0x08000f50   0x08000f50   0x000000c0   Code   RO          821    i.HAL_LPTIM_TimeOut_Start_IT  stm32l4xx_hal_lptim.o
    0x08001010   0x08001010   0x00000002   Code   RO          824    i.HAL_LPTIM_TriggerCallback  stm32l4xx_hal_lptim.o
    0x08001012   0x08001012   0x00000002   PAD
    0x08001014   0x08001014   0x00000040   Code   RO          761    i.HAL_MspInit       stm32l4xx_hal_msp.o
    0x08001054   0x08001054   0x00000028   Code   RO         2834    i.HAL_NVIC_EnableIRQ  stm32l4xx_hal_cortex.o
    0x0800107c   0x0800107c   0x00000082   Code   RO         2840    i.HAL_NVIC_SetPriority  stm32l4xx_hal_cortex.o
    0x080010fe   0x080010fe   0x00000002   PAD
    0x08001100   0x08001100   0x00000028   Code   RO         2841    i.HAL_NVIC_SetPriorityGrouping  stm32l4xx_hal_cortex.o
    0x08001128   0x08001128   0x0000008c   Code   RO         2578    i.HAL_PWREx_ControlVoltageScaling  stm32l4xx_hal_pwr_ex.o
    0x080011b4   0x080011b4   0x00000010   Code   RO         2609    i.HAL_PWREx_GetVoltageRange  stm32l4xx_hal_pwr_ex.o
    0x080011c4   0x080011c4   0x000004d4   Code   RO         1920    i.HAL_RCCEx_PeriphCLKConfig  stm32l4xx_hal_rcc_ex.o
    0x08001698   0x08001698   0x0000017c   Code   RO         1805    i.HAL_RCC_ClockConfig  stm32l4xx_hal_rcc.o
    0x08001814   0x08001814   0x0000000c   Code   RO         1809    i.HAL_RCC_GetHCLKFreq  stm32l4xx_hal_rcc.o
    0x08001820   0x08001820   0x00000024   Code   RO         1811    i.HAL_RCC_GetPCLK1Freq  stm32l4xx_hal_rcc.o
    0x08001844   0x08001844   0x00000024   Code   RO         1812    i.HAL_RCC_GetPCLK2Freq  stm32l4xx_hal_rcc.o
    0x08001868   0x08001868   0x000000ec   Code   RO         1813    i.HAL_RCC_GetSysClockFreq  stm32l4xx_hal_rcc.o
    0x08001954   0x08001954   0x000006fc   Code   RO         1816    i.HAL_RCC_OscConfig  stm32l4xx_hal_rcc.o
    0x08002050   0x08002050   0x0000002c   Code   RO         3368    i.HAL_SPIEx_FlushRxFifo  stm32l4xx_hal_spi_ex.o
    0x0800207c   0x0800207c   0x000000f0   Code   RO         3052    i.HAL_SPI_Init      stm32l4xx_hal_spi.o
    0x0800216c   0x0800216c   0x00000078   Code   RO          566    i.HAL_SPI_MspInit   spi.o
    0x080021e4   0x080021e4   0x000001f0   Code   RO         3060    i.HAL_SPI_Transmit  stm32l4xx_hal_spi.o
    0x080023d4   0x080023d4   0x000002c2   Code   RO         3061    i.HAL_SPI_TransmitReceive  stm32l4xx_hal_spi.o
    0x08002696   0x08002696   0x00000034   Code   RO         2845    i.HAL_SYSTICK_Config  stm32l4xx_hal_cortex.o
    0x080026ca   0x080026ca   0x0000000c   Code   RO         3454    i.HAL_UART_GetState  stm32l4xx_hal_uart.o
    0x080026d6   0x080026d6   0x00000074   Code   RO         3456    i.HAL_UART_Init     stm32l4xx_hal_uart.o
    0x0800274a   0x0800274a   0x00000002   PAD
    0x0800274c   0x0800274c   0x00000078   Code   RO          608    i.HAL_UART_MspInit  usart.o
    0x080027c4   0x080027c4   0x000000d8   Code   RO         3465    i.HAL_UART_Transmit  stm32l4xx_hal_uart.o
    0x0800289c   0x0800289c   0x00000004   Code   RO          671    i.HardFault_Handler  stm32l4xx_it.o
    0x080028a0   0x080028a0   0x00000014   Code   RO          672    i.LPTIM1_IRQHandler  stm32l4xx_it.o
    0x080028b4   0x080028b4   0x00000190   Code   RO          825    i.LPTIM_Disable     stm32l4xx_hal_lptim.o
    0x08002a44   0x08002a44   0x00000038   Code   RO          826    i.LPTIM_WaitForFlag  stm32l4xx_hal_lptim.o
    0x08002a7c   0x08002a7c   0x0000003c   Code   RO         3915    i.LoRaSendData      ranging.o
    0x08002ab8   0x08002ab8   0x00000014   Code   RO         3916    i.LoRaSetPayloadLength  ranging.o
    0x08002acc   0x08002acc   0x00000028   Code   RO         3917    i.LoRaSetRx         ranging.o
    0x08002af4   0x08002af4   0x000000f8   Code   RO          495    i.MX_GPIO_Init      gpio.o
    0x08002bec   0x08002bec   0x0000003c   Code   RO          525    i.MX_LPTIM1_Init    lptim.o
    0x08002c28   0x08002c28   0x00000050   Code   RO          567    i.MX_SPI1_Init      spi.o
    0x08002c78   0x08002c78   0x00000040   Code   RO          609    i.MX_USART2_UART_Init  usart.o
    0x08002cb8   0x08002cb8   0x00000004   Code   RO          673    i.MemManage_Handler  stm32l4xx_it.o
    0x08002cbc   0x08002cbc   0x00000004   Code   RO          674    i.NMI_Handler       stm32l4xx_it.o
    0x08002cc0   0x08002cc0   0x00000002   Code   RO          675    i.PendSV_Handler    stm32l4xx_it.o
    0x08002cc2   0x08002cc2   0x00000002   PAD
    0x08002cc4   0x08002cc4   0x0000018c   Code   RO         1924    i.RCCEx_PLLSAI1_Config  stm32l4xx_hal_rcc_ex.o
    0x08002e50   0x08002e50   0x00000164   Code   RO         1925    i.RCCEx_PLLSAI2_Config  stm32l4xx_hal_rcc_ex.o
    0x08002fb4   0x08002fb4   0x0000009c   Code   RO         1817    i.RCC_SetFlashLatencyFromMSIRange  stm32l4xx_hal_rcc.o
    0x08003050   0x08003050   0x0000004c   Code   RO         3919    i.RangingInitRadio  ranging.o
    0x0800309c   0x0800309c   0x00000044   Code   RO         3920    i.RangingSetParams  ranging.o
    0x080030e0   0x080030e0   0x00000064   Code   RO         3090    i.SPI_EndRxTxTransaction  stm32l4xx_hal_spi.o
    0x08003144   0x08003144   0x000000ea   Code   RO         3095    i.SPI_WaitFifoStateUntilTimeout  stm32l4xx_hal_spi.o
    0x0800322e   0x0800322e   0x00000002   PAD
    0x08003230   0x08003230   0x000000de   Code   RO         3096    i.SPI_WaitFlagStateUntilTimeout  stm32l4xx_hal_spi.o
    0x0800330e   0x0800330e   0x00000002   Code   RO          676    i.SVC_Handler       stm32l4xx_it.o
    0x08003310   0x08003310   0x0000001c   Code   RO         3981    i.SX1280ClearIrqStatus  sx1280.o
    0x0800332c   0x0800332c   0x0000001a   Code   RO         3985    i.SX1280GetFirmwareVersion  sx1280.o
    0x08003346   0x08003346   0x0000001a   Code   RO         3988    i.SX1280GetIrqStatus  sx1280.o
    0x08003360   0x08003360   0x00000308   Code   RO         3991    i.SX1280GetPacketStatus  sx1280.o
    0x08003668   0x08003668   0x0000000c   Code   RO         3992    i.SX1280GetPacketType  sx1280.o
    0x08003674   0x08003674   0x0000002a   Code   RO         3993    i.SX1280GetPayload  sx1280.o
    0x0800369e   0x0800369e   0x00000016   Code   RO         3997    i.SX1280GetRssiInst  sx1280.o
    0x080036b4   0x080036b4   0x00000054   Code   RO         3998    i.SX1280GetRxBufferStatus  sx1280.o
    0x08003708   0x08003708   0x00000074   Code   RO         4472    i.SX1280HalReadBuffer  sx1280-hal.o
    0x0800377c   0x0800377c   0x00000070   Code   RO         4473    i.SX1280HalReadCommand  sx1280-hal.o
    0x080037ec   0x080037ec   0x00000014   Code   RO         4474    i.SX1280HalReadRegister  sx1280-hal.o
    0x08003800   0x08003800   0x00000078   Code   RO         4475    i.SX1280HalReadRegisters  sx1280-hal.o
    0x08003878   0x08003878   0x0000002e   Code   RO         4476    i.SX1280HalReset    sx1280-hal.o
    0x080038a6   0x080038a6   0x00000002   PAD
    0x080038a8   0x080038a8   0x0000003c   Code   RO         4477    i.SX1280HalWaitOnBusy  sx1280-hal.o
    0x080038e4   0x080038e4   0x00000054   Code   RO         4479    i.SX1280HalWriteBuffer  sx1280-hal.o
    0x08003938   0x08003938   0x00000054   Code   RO         4480    i.SX1280HalWriteCommand  sx1280-hal.o
    0x0800398c   0x0800398c   0x00000016   Code   RO         4005    i.SX1280SendPayload  sx1280.o
    0x080039a2   0x080039a2   0x0000001a   Code   RO         4010    i.SX1280SetBufferBaseAddresses  sx1280.o
    0x080039bc   0x080039bc   0x0000004a   Code   RO         4016    i.SX1280SetDioIrqParams  sx1280.o
    0x08003a06   0x08003a06   0x00000002   PAD
    0x08003a08   0x08003a08   0x000000b0   Code   RO         4022    i.SX1280SetModulationParams  sx1280.o
    0x08003ab8   0x08003ab8   0x00000110   Code   RO         4023    i.SX1280SetPacketParams  sx1280.o
    0x08003bc8   0x08003bc8   0x0000001c   Code   RO         4024    i.SX1280SetPacketType  sx1280.o
    0x08003be4   0x08003be4   0x00000012   Code   RO         4025    i.SX1280SetPayload  sx1280.o
    0x08003bf6   0x08003bf6   0x00000012   Code   RO         4030    i.SX1280SetRangingRole  sx1280.o
    0x08003c08   0x08003c08   0x0000000e   Code   RO         4032    i.SX1280SetRegulatorMode  sx1280.o
    0x08003c16   0x08003c16   0x00000002   PAD
    0x08003c18   0x08003c18   0x0000008c   Code   RO         4033    i.SX1280SetRfFrequency  sx1280.o
    0x08003ca4   0x08003ca4   0x0000004c   Code   RO         4034    i.SX1280SetRx       sx1280.o
    0x08003cf0   0x08003cf0   0x00000028   Code   RO         4038    i.SX1280SetStandby  sx1280.o
    0x08003d18   0x08003d18   0x0000004c   Code   RO         4041    i.SX1280SetTx       sx1280.o
    0x08003d64   0x08003d64   0x00000020   Code   RO         4044    i.SX1280SetTxParams  sx1280.o
    0x08003d84   0x08003d84   0x0000001c   Code   RO         4483    i.SpiIn             sx1280-hal.o
    0x08003da0   0x08003da0   0x00000028   Code   RO         4484    i.SpiInOut          sx1280-hal.o
    0x08003dc8   0x08003dc8   0x00000008   Code   RO          677    i.SysTick_Handler   stm32l4xx_it.o
    0x08003dd0   0x08003dd0   0x00000098   Code   RO          298    i.SystemClock_Config  main.o
    0x08003e68   0x08003e68   0x00000050   Code   RO         3879    i.SystemInit        system_stm32l4xx.o
    0x08003eb8   0x08003eb8   0x000000f8   Code   RO         3470    i.UART_AdvFeatureConfig  stm32l4xx_hal_uart.o
    0x08003fb0   0x08003fb0   0x0000006e   Code   RO         3471    i.UART_CheckIdleState  stm32l4xx_hal_uart.o
    0x0800401e   0x0800401e   0x00000002   PAD
    0x08004020   0x08004020   0x0000037e   Code   RO         3487    i.UART_SetConfig    stm32l4xx_hal_uart.o
    0x0800439e   0x0800439e   0x000000b4   Code   RO         3490    i.UART_WaitOnFlagUntilTimeout  stm32l4xx_hal_uart.o
    0x08004452   0x08004452   0x00000004   Code   RO          678    i.UsageFault_Handler  stm32l4xx_it.o
    0x08004456   0x08004456   0x00000002   PAD
    0x08004458   0x08004458   0x00000020   Code   RO         4842    i.__0printf         mc_w.l(printfa.o)
    0x08004478   0x08004478   0x00000028   Code   RO         4844    i.__0sprintf        mc_w.l(printfa.o)
    0x080044a0   0x080044a0   0x00000030   Code   RO         4906    i.__ARM_fpclassify  m_wm.l(fpclassify.o)
    0x080044d0   0x080044d0   0x00000010   Code   RO         2847    i.__NVIC_GetPriorityGrouping  stm32l4xx_hal_cortex.o
    0x080044e0   0x080044e0   0x00000028   Code   RO         2848    i.__NVIC_SetPriority  stm32l4xx_hal_cortex.o
    0x08004508   0x08004508   0x00000c80   Code   RO         4582    i.__hardfp_pow      m_wm.l(pow.o)
    0x08005188   0x08005188   0x000000f8   Code   RO         4908    i.__kernel_poly     m_wm.l(poly.o)
    0x08005280   0x08005280   0x00000030   Code   RO         4886    i.__mathlib_dbl_divzero  m_wm.l(dunder.o)
    0x080052b0   0x080052b0   0x00000014   Code   RO         4888    i.__mathlib_dbl_infnan2  m_wm.l(dunder.o)
    0x080052c4   0x080052c4   0x00000004   PAD
    0x080052c8   0x080052c8   0x00000020   Code   RO         4889    i.__mathlib_dbl_invalid  m_wm.l(dunder.o)
    0x080052e8   0x080052e8   0x00000020   Code   RO         4890    i.__mathlib_dbl_overflow  m_wm.l(dunder.o)
    0x08005308   0x08005308   0x00000020   Code   RO         4892    i.__mathlib_dbl_underflow  m_wm.l(dunder.o)
    0x08005328   0x08005328   0x0000000e   Code   RO         4985    i.__scatterload_copy  mc_w.l(handlers.o)
    0x08005336   0x08005336   0x00000002   Code   RO         4986    i.__scatterload_null  mc_w.l(handlers.o)
    0x08005338   0x08005338   0x0000000e   Code   RO         4987    i.__scatterload_zeroinit  mc_w.l(handlers.o)
    0x08005346   0x08005346   0x00000002   PAD
    0x08005348   0x08005348   0x0000000c   Code   RO         4948    i.__set_errno       mc_w.l(errno.o)
    0x08005354   0x08005354   0x0000018a   Code   RO         4849    i._fp_digits        mc_w.l(printfa.o)
    0x080054de   0x080054de   0x00000002   PAD
    0x080054e0   0x080054e0   0x000006e2   Code   RO         4850    i._printf_core      mc_w.l(printfa.o)
    0x08005bc2   0x08005bc2   0x00000024   Code   RO         4851    i._printf_post_padding  mc_w.l(printfa.o)
    0x08005be6   0x08005be6   0x0000002e   Code   RO         4852    i._printf_pre_padding  mc_w.l(printfa.o)
    0x08005c14   0x08005c14   0x0000000a   Code   RO         4854    i._sputc            mc_w.l(printfa.o)
    0x08005c1e   0x08005c1e   0x00000018   Code   RO         4902    i.fabs              m_wm.l(fabs.o)
    0x08005c36   0x08005c36   0x00000002   PAD
    0x08005c38   0x08005c38   0x0000002c   Code   RO          612    i.fputc             usart.o
    0x08005c64   0x08005c64   0x000000cc   Code   RO          299    i.main              main.o
    0x08005d30   0x08005d30   0x0000006e   Code   RO         4913    i.sqrt              m_wm.l(sqrt.o)
    0x08005d9e   0x08005d9e   0x00000002   PAD
    0x08005da0   0x08005da0   0x00000048   Data   RO         3880    .constdata          system_stm32l4xx.o
    0x08005de8   0x08005de8   0x000000d0   Data   RO         3923    .constdata          ranging.o
    0x08005eb8   0x08005eb8   0x00006034   Data   RO         4048    .constdata          sx1280.o
    0x0800beec   0x0800beec   0x00000004   PAD
    0x0800bef0   0x0800bef0   0x00000088   Data   RO         4585    .constdata          m_wm.l(pow.o)
    0x0800bf78   0x0800bf78   0x00000008   Data   RO         4910    .constdata          m_wm.l(qnan.o)
    0x0800bf80   0x0800bf80   0x00000020   Data   RO         4983    Region$$Table       anon$$obj.o


    Execution Region RW_IRAM2 (Exec base: 0x10000000, Load base: 0x0800c08c, Size: 0x00000000, Max: 0x00008000, ABSOLUTE)

    **** No section assigned to this execution region ****


    Execution Region RW_IRAM1 (Exec base: 0x20000000, Load base: 0x0800bfa0, Size: 0x00002458, Max: 0x00018000, ABSOLUTE)

    Exec Addr    Load Addr    Size         Type   Attr      Idx    E Section Name        Object

    0x20000000   0x0800bfa0   0x0000002c   Data   RW          301    .data               main.o
    0x2000002c   0x0800bfcc   0x00000009   Data   RW         1089    .data               stm32l4xx_hal.o
    0x20000035   0x0800bfd5   0x00000003   PAD
    0x20000038   0x0800bfd8   0x00000004   Data   RW         3881    .data               system_stm32l4xx.o
    0x2000003c   0x0800bfdc   0x00000010   Data   RW         3924    .data               ranging.o
    0x2000004c   0x0800bfec   0x00000095   Data   RW         4049    .data               sx1280.o
    0x200000e1   0x0800c081   0x00000003   PAD
    0x200000e4   0x0800c084   0x00000004   Data   RW         4937    .data               mc_w.l(stdout.o)
    0x200000e8   0x0800c088   0x00000004   Data   RW         4949    .data               mc_w.l(errno.o)
    0x200000ec        -       0x00001014   Zero   RW          300    .bss                main.o
    0x20001100        -       0x00000038   Zero   RW          526    .bss                lptim.o
    0x20001138        -       0x00000064   Zero   RW          568    .bss                spi.o
    0x2000119c        -       0x00000080   Zero   RW          613    .bss                usart.o
    0x2000121c        -       0x00000039   Zero   RW         3922    .bss                ranging.o
    0x20001255        -       0x000001fe   Zero   RW         4485    .bss                sx1280-hal.o
    0x20001453   0x0800c08c   0x00000005   PAD
    0x20001458        -       0x00001000   Zero   RW            1    STACK               startup_stm32l476xx.o


==============================================================================

Image component sizes


      Code (inc. data)   RO Data    RW Data    ZI Data      Debug   Object Name

       248         20          0          0          0       2235   gpio.o
       128         20          0          0         56       1595   lptim.o
       710        188          0         44       4116     823201   main.o
       264         52        208         16         57       3923   ranging.o
         0          0          0          0          0       1444   segger_rtt.o
       200         18          0          0        100       1701   spi.o
        36          8        392          0       4096        844   startup_stm32l476xx.o
       194         32          0          9          0      14445   stm32l4xx_hal.o
       318         22          0          0          0      34403   stm32l4xx_hal_cortex.o
       590         40          0          0          0       4323   stm32l4xx_hal_gpio.o
      1108         30          0          0          0       9734   stm32l4xx_hal_lptim.o
        64          6          0          0          0        862   stm32l4xx_hal_msp.o
       156         18          0          0          0       1370   stm32l4xx_hal_pwr_ex.o
      2644        106          0          0          0       7392   stm32l4xx_hal_rcc.o
      1988         48          0          0          0       3972   stm32l4xx_hal_rcc_ex.o
      1998         12          0          0          0       7248   stm32l4xx_hal_spi.o
        44          0          0          0          0       1156   stm32l4xx_hal_spi_ex.o
      1776         56          0          0          0       6877   stm32l4xx_hal_uart.o
        76          6          0          0          0       5808   stm32l4xx_it.o
       710         58          0          0        510       7195   sx1280-hal.o
      2028         62      24628        149          0      26235   sx1280.o
        80         12         72          4          0       1261   system_stm32l4xx.o
       228         22          0          0        128       2342   usart.o

    ----------------------------------------------------------------------
     15614        836      25336        228       9068     969566   Object Totals
         0          0         32          0          0          0   (incl. Generated)
        26          0          4          6          5          0   (incl. Padding)

    ----------------------------------------------------------------------

      Code (inc. data)   RO Data    RW Data    ZI Data      Debug   Library Member Name

       164         44          0          0          0        620   dunder.o
        24          0          0          0          0        124   fabs.o
        48          0          0          0          0        124   fpclassify.o
       248          0          0          0          0        152   poly.o
      3200        296        136          0          0        352   pow.o
         0          0          8          0          0          0   qnan.o
       110          0          0          0          0        148   sqrt.o
         0          0          0          0          0          0   entry.o
         0          0          0          0          0          0   entry10a.o
         0          0          0          0          0          0   entry11a.o
         8          4          0          0          0          0   entry2.o
         4          0          0          0          0          0   entry5.o
         0          0          0          0          0          0   entry7b.o
         0          0          0          0          0          0   entry8b.o
         8          4          0          0          0          0   entry9a.o
        12          6          0          4          0         68   errno.o
        30          0          0          0          0          0   handlers.o
        36          8          0          0          0         68   init.o
         0          0          0          0          0          0   iusefp.o
        30          0          0          0          0         68   llshl.o
        36          0          0          0          0         68   llsshr.o
        32          0          0          0          0         68   llushr.o
        36          0          0          0          0         68   memcpya.o
        36          0          0          0          0        108   memseta.o
      2320         96          0          0          0        604   printfa.o
         0          0          0          4          0          0   stdout.o
        14          0          0          0          0         68   strlen.o
        44          0          0          0          0         80   uidiv.o
       104          0          0          0          0         92   uldiv.o
        48          0          0          0          0         68   cdrcmple.o
       350          0          0          0          0        148   dadd.o
       222          0          0          0          0        100   ddiv.o
       186          0          0          0          0        176   depilogue.o
        50          0          0          0          0         76   dfixui.o
        48          0          0          0          0         68   dfixul.o
        34          0          0          0          0         76   dflti.o
        26          0          0          0          0         76   dfltui.o
       234          0          0          0          0         96   dmul.o
        46          0          0          0          0         80   dscalb.o
       162          0          0          0          0        100   dsqrt.o

    ----------------------------------------------------------------------
      7962        458        144          8          0       3944   Library Totals
        12          0          0          0          0          0   (incl. Padding)

    ----------------------------------------------------------------------

      Code (inc. data)   RO Data    RW Data    ZI Data      Debug   Library Name

      3794        340        144          0          0       1520   m_wm.l
      2750        118          0          8          0       1360   mc_w.l
      1406          0          0          0          0       1064   mf_w.l

    ----------------------------------------------------------------------
      7962        458        144          8          0       3944   Library Totals

    ----------------------------------------------------------------------

==============================================================================


      Code (inc. data)   RO Data    RW Data    ZI Data      Debug   

     23576       1294      25480        236       9068     960266   Grand Totals
     23576       1294      25480        236       9068     960266   ELF Image Totals
     23576       1294      25480        236          0          0   ROM Totals

==============================================================================

    Total RO  Size (Code + RO Data)                49056 (  47.91kB)
    Total RW  Size (RW Data + ZI Data)              9304 (   9.09kB)
    Total ROM Size (Code + RO Data + RW Data)      49292 (  48.14kB)

==============================================================================

