Component: ARM Compiler 5.06 update 7 (build 960) Tool: armlink [4d3601]

==============================================================================

Section Cross References

    startup_stm32l476xx.o(RESET) refers to startup_stm32l476xx.o(STACK) for __initial_sp
    startup_stm32l476xx.o(RESET) refers to startup_stm32l476xx.o(.text) for Reset_Handler
    startup_stm32l476xx.o(RESET) refers to stm32l4xx_it.o(i.NMI_Handler) for NMI_Handler
    startup_stm32l476xx.o(RESET) refers to stm32l4xx_it.o(i.HardFault_Handler) for HardFault_Handler
    startup_stm32l476xx.o(RESET) refers to stm32l4xx_it.o(i.MemManage_Handler) for MemManage_Handler
    startup_stm32l476xx.o(RESET) refers to stm32l4xx_it.o(i.BusFault_Handler) for BusFault_Handler
    startup_stm32l476xx.o(RESET) refers to stm32l4xx_it.o(i.UsageFault_Handler) for UsageFault_Handler
    startup_stm32l476xx.o(RESET) refers to stm32l4xx_it.o(i.SVC_Handler) for SVC_Handler
    startup_stm32l476xx.o(RESET) refers to stm32l4xx_it.o(i.DebugMon_Handler) for DebugMon_Handler
    startup_stm32l476xx.o(RESET) refers to stm32l4xx_it.o(i.PendSV_Handler) for PendSV_Handler
    startup_stm32l476xx.o(RESET) refers to stm32l4xx_it.o(i.SysTick_Handler) for SysTick_Handler
    startup_stm32l476xx.o(RESET) refers to stm32l4xx_it.o(i.EXTI4_IRQHandler) for EXTI4_IRQHandler
    startup_stm32l476xx.o(RESET) refers to stm32l4xx_it.o(i.EXTI15_10_IRQHandler) for EXTI15_10_IRQHandler
    startup_stm32l476xx.o(RESET) refers to stm32l4xx_it.o(i.LPTIM1_IRQHandler) for LPTIM1_IRQHandler
    startup_stm32l476xx.o(.text) refers to system_stm32l4xx.o(i.SystemInit) for SystemInit
    startup_stm32l476xx.o(.text) refers to entry.o(.ARM.Collect$$$$00000000) for __main
    segger_rtt.o(i.SEGGER_RTT_AllocDownBuffer) refers to segger_rtt.o(i._DoInit) for _DoInit
    segger_rtt.o(i.SEGGER_RTT_AllocDownBuffer) refers to segger_rtt.o(.bss) for _SEGGER_RTT
    segger_rtt.o(i.SEGGER_RTT_AllocUpBuffer) refers to segger_rtt.o(i._DoInit) for _DoInit
    segger_rtt.o(i.SEGGER_RTT_AllocUpBuffer) refers to segger_rtt.o(.bss) for _SEGGER_RTT
    segger_rtt.o(i.SEGGER_RTT_ConfigDownBuffer) refers to segger_rtt.o(i._DoInit) for _DoInit
    segger_rtt.o(i.SEGGER_RTT_ConfigDownBuffer) refers to segger_rtt.o(.bss) for _SEGGER_RTT
    segger_rtt.o(i.SEGGER_RTT_ConfigUpBuffer) refers to segger_rtt.o(i._DoInit) for _DoInit
    segger_rtt.o(i.SEGGER_RTT_ConfigUpBuffer) refers to segger_rtt.o(.bss) for _SEGGER_RTT
    segger_rtt.o(i.SEGGER_RTT_GetAvailWriteSpace) refers to segger_rtt.o(i._GetAvailWriteSpace) for _GetAvailWriteSpace
    segger_rtt.o(i.SEGGER_RTT_GetAvailWriteSpace) refers to segger_rtt.o(.bss) for _SEGGER_RTT
    segger_rtt.o(i.SEGGER_RTT_GetBytesInBuffer) refers to segger_rtt.o(.bss) for _SEGGER_RTT
    segger_rtt.o(i.SEGGER_RTT_GetKey) refers to segger_rtt.o(i.SEGGER_RTT_Read) for SEGGER_RTT_Read
    segger_rtt.o(i.SEGGER_RTT_HasData) refers to segger_rtt.o(.bss) for _SEGGER_RTT
    segger_rtt.o(i.SEGGER_RTT_HasDataUp) refers to segger_rtt.o(.bss) for _SEGGER_RTT
    segger_rtt.o(i.SEGGER_RTT_HasKey) refers to segger_rtt.o(i._DoInit) for _DoInit
    segger_rtt.o(i.SEGGER_RTT_HasKey) refers to segger_rtt.o(.bss) for _SEGGER_RTT
    segger_rtt.o(i.SEGGER_RTT_Init) refers to segger_rtt.o(i._DoInit) for _DoInit
    segger_rtt.o(i.SEGGER_RTT_PutChar) refers to segger_rtt.o(i._DoInit) for _DoInit
    segger_rtt.o(i.SEGGER_RTT_PutChar) refers to segger_rtt.o(.bss) for _SEGGER_RTT
    segger_rtt.o(i.SEGGER_RTT_PutCharSkip) refers to segger_rtt.o(i._DoInit) for _DoInit
    segger_rtt.o(i.SEGGER_RTT_PutCharSkip) refers to segger_rtt.o(.bss) for _SEGGER_RTT
    segger_rtt.o(i.SEGGER_RTT_PutCharSkipNoLock) refers to segger_rtt.o(.bss) for _SEGGER_RTT
    segger_rtt.o(i.SEGGER_RTT_Read) refers to segger_rtt.o(i.SEGGER_RTT_ReadNoLock) for SEGGER_RTT_ReadNoLock
    segger_rtt.o(i.SEGGER_RTT_ReadNoLock) refers to segger_rtt.o(i._DoInit) for _DoInit
    segger_rtt.o(i.SEGGER_RTT_ReadNoLock) refers to memcpya.o(.text) for __aeabi_memcpy
    segger_rtt.o(i.SEGGER_RTT_ReadNoLock) refers to segger_rtt.o(.bss) for _SEGGER_RTT
    segger_rtt.o(i.SEGGER_RTT_ReadUpBuffer) refers to segger_rtt.o(i.SEGGER_RTT_ReadUpBufferNoLock) for SEGGER_RTT_ReadUpBufferNoLock
    segger_rtt.o(i.SEGGER_RTT_ReadUpBufferNoLock) refers to segger_rtt.o(i._DoInit) for _DoInit
    segger_rtt.o(i.SEGGER_RTT_ReadUpBufferNoLock) refers to memcpya.o(.text) for __aeabi_memcpy
    segger_rtt.o(i.SEGGER_RTT_ReadUpBufferNoLock) refers to segger_rtt.o(.bss) for _SEGGER_RTT
    segger_rtt.o(i.SEGGER_RTT_SetFlagsDownBuffer) refers to segger_rtt.o(i._DoInit) for _DoInit
    segger_rtt.o(i.SEGGER_RTT_SetFlagsDownBuffer) refers to segger_rtt.o(.bss) for _SEGGER_RTT
    segger_rtt.o(i.SEGGER_RTT_SetFlagsUpBuffer) refers to segger_rtt.o(i._DoInit) for _DoInit
    segger_rtt.o(i.SEGGER_RTT_SetFlagsUpBuffer) refers to segger_rtt.o(.bss) for _SEGGER_RTT
    segger_rtt.o(i.SEGGER_RTT_SetNameDownBuffer) refers to segger_rtt.o(i._DoInit) for _DoInit
[...]
    i.HAL_GPIO_ReadPin                       0x08000c04   Section        0  stm32l4xx_hal_gpio.o(i.HAL_GPIO_ReadPin)
    i.HAL_GPIO_WritePin                      0x08000c14   Section        0  stm32l4xx_hal_gpio.o(i.HAL_GPIO_WritePin)
    i.HAL_GetTick                            0x08000c20   Section        0  stm32l4xx_hal.o(i.HAL_GetTick)
    i.HAL_IncTick                            0x08000c2c   Section        0  stm32l4xx_hal.o(i.HAL_IncTick)
    i.HAL_Init                               0x08000c44   Section        0  stm32l4xx_hal.o(i.HAL_Init)
    i.HAL_InitTick                           0x08000c64   Section        0  stm32l4xx_hal.o(i.HAL_InitTick)
    i.HAL_LPTIM1_INT_Callback                0x08000cbc   Section        0  main.o(i.HAL_LPTIM1_INT_Callback)
    i.HAL_LPTIM_AutoReloadMatchCallback      0x08000d24   Section        0  stm32l4xx_hal_lptim.o(i.HAL_LPTIM_AutoReloadMatchCallback)
    i.HAL_LPTIM_AutoReloadWriteCallback      0x08000d26   Section        0  stm32l4xx_hal_lptim.o(i.HAL_LPTIM_AutoReloadWriteCallback)
    i.HAL_LPTIM_CompareMatchCallback         0x08000d28   Section        0  stm32l4xx_hal_lptim.o(i.HAL_LPTIM_CompareMatchCallback)
    i.HAL_LPTIM_CompareWriteCallback         0x08000d2a   Section        0  stm32l4xx_hal_lptim.o(i.HAL_LPTIM_CompareWriteCallback)
    i.HAL_LPTIM_DirectionDownCallback        0x08000d2c   Section        0  stm32l4xx_hal_lptim.o(i.HAL_LPTIM_DirectionDownCallback)
    i.HAL_LPTIM_DirectionUpCallback          0x08000d2e   Section        0  stm32l4xx_hal_lptim.o(i.HAL_LPTIM_DirectionUpCallback)
    i.HAL_LPTIM_GetState                     0x08000d30   Section        0  stm32l4xx_hal_lptim.o(i.HAL_LPTIM_GetState)
    i.HAL_LPTIM_IRQHandler                   0x08000d38   Section        0  stm32l4xx_hal_lptim.o(i.HAL_LPTIM_IRQHandler)
    i.HAL_LPTIM_Init                         0x08000e20   Section        0  stm32l4xx_hal_lptim.o(i.HAL_LPTIM_Init)
    i.HAL_LPTIM_MspInit                      0x08000ef0   Section        0  lptim.o(i.HAL_LPTIM_MspInit)
    i.HAL_LPTIM_TimeOut_Start_IT             0x08000f34   Section        0  stm32l4xx_hal_lptim.o(i.HAL_LPTIM_TimeOut_Start_IT)
    i.HAL_LPTIM_TriggerCallback              0x08000ff4   Section        0  stm32l4xx_hal_lptim.o(i.HAL_LPTIM_TriggerCallback)
    i.HAL_MspInit                            0x08000ff8   Section        0  stm32l4xx_hal_msp.o(i.HAL_MspInit)
    i.HAL_NVIC_EnableIRQ                     0x08001038   Section        0  stm32l4xx_hal_cortex.o(i.HAL_NVIC_EnableIRQ)
    i.HAL_NVIC_SetPriority                   0x08001060   Section        0  stm32l4xx_hal_cortex.o(i.HAL_NVIC_SetPriority)
    i.HAL_NVIC_SetPriorityGrouping           0x080010e4   Section        0  stm32l4xx_hal_cortex.o(i.HAL_NVIC_SetPriorityGrouping)
    i.HAL_PWREx_ControlVoltageScaling        0x0800110c   Section        0  stm32l4xx_hal_pwr_ex.o(i.HAL_PWREx_ControlVoltageScaling)
    i.HAL_PWREx_GetVoltageRange              0x08001198   Section        0  stm32l4xx_hal_pwr_ex.o(i.HAL_PWREx_GetVoltageRange)
    i.HAL_RCCEx_PeriphCLKConfig              0x080011a8   Section        0  stm32l4xx_hal_rcc_ex.o(i.HAL_RCCEx_PeriphCLKConfig)
    i.HAL_RCC_ClockConfig                    0x0800167c   Section        0  stm32l4xx_hal_rcc.o(i.HAL_RCC_ClockConfig)
    i.HAL_RCC_GetHCLKFreq                    0x080017f8   Section        0  stm32l4xx_hal_rcc.o(i.HAL_RCC_GetHCLKFreq)
    i.HAL_RCC_GetPCLK1Freq                   0x08001804   Section        0  stm32l4xx_hal_rcc.o(i.HAL_RCC_GetPCLK1Freq)
    i.HAL_RCC_GetPCLK2Freq                   0x08001828   Section        0  stm32l4xx_hal_rcc.o(i.HAL_RCC_GetPCLK2Freq)
    i.HAL_RCC_GetSysClockFreq                0x0800184c   Section        0  stm32l4xx_hal_rcc.o(i.HAL_RCC_GetSysClockFreq)
    i.HAL_RCC_OscConfig                      0x08001938   Section        0  stm32l4xx_hal_rcc.o(i.HAL_RCC_OscConfig)
    i.HAL_SPIEx_FlushRxFifo                  0x08002034   Section        0  stm32l4xx_hal_spi_ex.o(i.HAL_SPIEx_FlushRxFifo)
    i.HAL_SPI_Init                           0x08002060   Section        0  stm32l4xx_hal_spi.o(i.HAL_SPI_Init)
    i.HAL_SPI_MspInit                        0x08002150   Section        0  spi.o(i.HAL_SPI_MspInit)
    i.HAL_SPI_Transmit                       0x080021c8   Section        0  stm32l4xx_hal_spi.o(i.HAL_SPI_Transmit)
    i.HAL_SPI_TransmitReceive                0x080023b8   Section        0  stm32l4xx_hal_spi.o(i.HAL_SPI_TransmitReceive)
    i.HAL_SYSTICK_Config                     0x0800267a   Section        0  stm32l4xx_hal_cortex.o(i.HAL_SYSTICK_Config)
    i.HAL_UART_GetState                      0x080026ae   Section        0  stm32l4xx_hal_uart.o(i.HAL_UART_GetState)
    i.HAL_UART_Init                          0x080026ba   Section        0  stm32l4xx_hal_uart.o(i.HAL_UART_Init)
    i.HAL_UART_MspInit                       0x08002730   Section        0  usart.o(i.HAL_UART_MspInit)
    i.HAL_UART_Transmit                      0x080027a8   Section        0  stm32l4xx_hal_uart.o(i.HAL_UART_Transmit)
    i.HardFault_Handler                      0x08002880   Section        0  stm32l4xx_it.o(i.HardFault_Handler)
    i.LPTIM1_IRQHandler                      0x08002884   Section        0  stm32l4xx_it.o(i.LPTIM1_IRQHandler)
    i.LPTIM_Disable                          0x08002898   Section        0  stm32l4xx_hal_lptim.o(i.LPTIM_Disable)
    i.LPTIM_WaitForFlag                      0x08002a28   Section        0  stm32l4xx_hal_lptim.o(i.LPTIM_WaitForFlag)
    LPTIM_WaitForFlag                        0x08002a29   Thumb Code    52  stm32l4xx_hal_lptim.o(i.LPTIM_WaitForFlag)
    i.LoRaSendData                           0x08002a60   Section        0  ranging.o(i.LoRaSendData)
    i.LoRaSetPayloadLength                   0x08002a9c   Section        0  ranging.o(i.LoRaSetPayloadLength)
    i.LoRaSetRx                              0x08002ab0   Section        0  ranging.o(i.LoRaSetRx)
    i.MX_GPIO_Init                           0x08002ad8   Section        0  gpio.o(i.MX_GPIO_Init)
    i.MX_LPTIM1_Init                         0x08002bd0   Section        0  lptim.o(i.MX_LPTIM1_Init)
    i.MX_SPI1_Init                           0x08002c0c   Section        0  spi.o(i.MX_SPI1_Init)
    i.MX_USART2_UART_Init                    0x08002c5c   Section        0  usart.o(i.MX_USART2_UART_Init)
    i.MemManage_Handler                      0x08002c9c   Section        0  stm32l4xx_it.o(i.MemManage_Handler)
    i.Mesh_Handle_Broadcast                  0x08002ca0   Section        0  route.o(i.Mesh_Handle_Broadcast)
    i.Mesh_Handle_Reply                      0x08002d34   Section        0  route.o(i.Mesh_Handle_Reply)
    i.Mesh_Reply                             0x08002e08   Section        0  route.o(i.Mesh_Reply)
    i.Mesh_Reply_Join                        0x08002e54   Section        0  route.o(i.Mesh_Reply_Join)
    i.Mesh_Send                              0x08002e94   Section        0  route.o(i.Mesh_Send)
    i.Mesh_transmit                          0x08002f18   Section        0  route.o(i.Mesh_transmit)
    i.NMI_Handler                            0x08002f78   Section        0  stm32l4xx_it.o(i.NMI_Handler)
    i.PendSV_Handler                         0x08002f7c   Section        0  stm32l4xx_it.o(i.PendSV_Handler)
    i.RCCEx_PLLSAI1_Config                   0x08002f80   Section        0  stm32l4xx_hal_rcc_ex.o(i.RCCEx_PLLSAI1_Config)
    RCCEx_PLLSAI1_Config                     0x08002f81   Thumb Code   378  stm32l4xx_hal_rcc_ex.o(i.RCCEx_PLLSAI1_Config)
    i.RCCEx_PLLSAI2_Config                   0x0800310c   Section        0  stm32l4xx_hal_rcc_ex.o(i.RCCEx_PLLSAI2_Config)
    RCCEx_PLLSAI2_Config                     0x0800310d   Thumb Code   342  stm32l4xx_hal_rcc_ex.o(i.RCCEx_PLLSAI2_Config)
    i.RCC_SetFlashLatencyFromMSIRange        0x08003270   Section        0  stm32l4xx_hal_rcc.o(i.RCC_SetFlashLatencyFromMSIRange)
    RCC_SetFlashLatencyFromMSIRange          0x08003271   Thumb Code   148  stm32l4xx_hal_rcc.o(i.RCC_SetFlashLatencyFromMSIRange)
    i.RangingInitRadio                       0x0800330c   Section        0  ranging.o(i.RangingInitRadio)
    i.RangingSetParams                       0x08003358   Section        0  ranging.o(i.RangingSetParams)
    i.SPI_EndRxTxTransaction                 0x0800339c   Section        0  stm32l4xx_hal_spi.o(i.SPI_EndRxTxTransaction)
    SPI_EndRxTxTransaction                   0x0800339d   Thumb Code   100  stm32l4xx_hal_spi.o(i.SPI_EndRxTxTransaction)
    i.SPI_WaitFifoStateUntilTimeout          0x08003400   Section        0  stm32l4xx_hal_spi.o(i.SPI_WaitFifoStateUntilTimeout)
    SPI_WaitFifoStateUntilTimeout            0x08003401   Thumb Code   222  stm32l4xx_hal_spi.o(i.SPI_WaitFifoStateUntilTimeout)
    i.SPI_WaitFlagStateUntilTimeout          0x080034ec   Section        0  stm32l4xx_hal_spi.o(i.SPI_WaitFlagStateUntilTimeout)
    SPI_WaitFlagStateUntilTimeout            0x080034ed   Thumb Code   210  stm32l4xx_hal_spi.o(i.SPI_WaitFlagStateUntilTimeout)
    i.SVC_Handler                            0x080035ca   Section        0  stm32l4xx_it.o(i.SVC_Handler)
    i.SX1280ClearIrqStatus                   0x080035cc   Section        0  sx1280.o(i.SX1280ClearIrqStatus)
    i.SX1280GetFirmwareVersion               0x080035e8   Section        0  sx1280.o(i.SX1280GetFirmwareVersion)
    i.SX1280GetIrqStatus                     0x08003602   Section        0  sx1280.o(i.SX1280GetIrqStatus)
    i.SX1280GetPacketStatus                  0x0800361c   Section        0  sx1280.o(i.SX1280GetPacketStatus)
    i.SX1280GetPacketType                    0x08003924   Section        0  sx1280.o(i.SX1280GetPacketType)
    i.SX1280GetPayload                       0x08003930   Section        0  sx1280.o(i.SX1280GetPayload)
    i.SX1280GetRssiInst                      0x0800395a   Section        0  sx1280.o(i.SX1280GetRssiInst)
    i.SX1280GetRxBufferStatus                0x08003970   Section        0  sx1280.o(i.SX1280GetRxBufferStatus)
    i.SX1280HalReadBuffer                    0x080039c4   Section        0  sx1280-hal.o(i.SX1280HalReadBuffer)
    i.SX1280HalReadCommand                   0x08003a38   Section        0  sx1280-hal.o(i.SX1280HalReadCommand)
    i.SX1280HalReadRegister                  0x08003aa8   Section        0  sx1280-hal.o(i.SX1280HalReadRegister)
    i.SX1280HalReadRegisters                 0x08003abc   Section        0  sx1280-hal.o(i.SX1280HalReadRegisters)
    i.SX1280HalReset                         0x08003b34   Section        0  sx1280-hal.o(i.SX1280HalReset)
    i.SX1280HalWaitOnBusy                    0x08003b64   Section        0  sx1280-hal.o(i.SX1280HalWaitOnBusy)
    i.SX1280HalWriteBuffer                   0x08003ba0   Section        0  sx1280-hal.o(i.SX1280HalWriteBuffer)
    i.SX1280HalWriteCommand                  0x08003bf4   Section        0  sx1280-hal.o(i.SX1280HalWriteCommand)
    i.SX1280SendPayload                      0x08003c48   Section        0  sx1280.o(i.SX1280SendPayload)
    i.SX1280SetBufferBaseAddresses           0x08003c5e   Section        0  sx1280.o(i.SX1280SetBufferBaseAddresses)
    i.SX1280SetDioIrqParams                  0x08003c78   Section        0  sx1280.o(i.SX1280SetDioIrqParams)
    i.SX1280SetModulationParams              0x08003cc4   Section        0  sx1280.o(i.SX1280SetModulationParams)
    i.SX1280SetPacketParams                  0x08003d74   Section        0  sx1280.o(i.SX1280SetPacketParams)
    i.SX1280SetPacketType                    0x08003e84   Section        0  sx1280.o(i.SX1280SetPacketType)
    i.SX1280SetPayload                       0x08003ea0   Section        0  sx1280.o(i.SX1280SetPayload)
    i.SX1280SetRangingRole                   0x08003eb2   Section        0  sx1280.o(i.SX1280SetRangingRole)
    i.SX1280SetRegulatorMode                 0x08003ec4   Section        0  sx1280.o(i.SX1280SetRegulatorMode)
    i.SX1280SetRfFrequency                   0x08003ed4   Section        0  sx1280.o(i.SX1280SetRfFrequency)
    i.SX1280SetRx                            0x08003f60   Section        0  sx1280.o(i.SX1280SetRx)
    i.SX1280SetStandby                       0x08003fac   Section        0  sx1280.o(i.SX1280SetStandby)
    i.SX1280SetTx                            0x08003fd4   Section        0  sx1280.o(i.SX1280SetTx)
    i.SX1280SetTxParams                      0x08004020   Section        0  sx1280.o(i.SX1280SetTxParams)
    i.SpiIn                                  0x08004040   Section        0  sx1280-hal.o(i.SpiIn)
    i.SpiInOut                               0x0800405c   Section        0  sx1280-hal.o(i.SpiInOut)
    i.SysTick_Handler                        0x08004084   Section        0  stm32l4xx_it.o(i.SysTick_Handler)
    i.SystemClock_Config                     0x0800408c   Section        0  main.o(i.SystemClock_Config)
    i.SystemInit                             0x08004124   Section        0  system_stm32l4xx.o(i.SystemInit)
    i.UART_AdvFeatureConfig                  0x08004174   Section        0  stm32l4xx_hal_uart.o(i.UART_AdvFeatureConfig)
    i.UART_CheckIdleState                    0x0800426c   Section        0  stm32l4xx_hal_uart.o(i.UART_CheckIdleState)
    i.UART_SetConfig                         0x080042dc   Section        0  stm32l4xx_hal_uart.o(i.UART_SetConfig)
    i.UART_WaitOnFlagUntilTimeout            0x0800465a   Section        0  stm32l4xx_hal_uart.o(i.UART_WaitOnFlagUntilTimeout)
    i.UsageFault_Handler                     0x0800470e   Section        0  stm32l4xx_it.o(i.UsageFault_Handler)
    i.__0printf                              0x08004714   Section        0  printfa.o(i.__0printf)
    i.__ARM_fpclassify                       0x08004734   Section        0  fpclassify.o(i.__ARM_fpclassify)
    i.__NVIC_GetPriorityGrouping             0x08004764   Section        0  stm32l4xx_hal_cortex.o(i.__NVIC_GetPriorityGrouping)
    __NVIC_GetPriorityGrouping               0x08004765   Thumb Code    10  stm32l4xx_hal_cortex.o(i.__NVIC_GetPriorityGrouping)
    i.__NVIC_SetPriority                     0x08004774   Section        0  stm32l4xx_hal_cortex.o(i.__NVIC_SetPriority)
    __NVIC_SetPriority                       0x08004775   Thumb Code    32  stm32l4xx_hal_cortex.o(i.__NVIC_SetPriority)
    i.__hardfp_pow                           0x080047a0   Section        0  pow.o(i.__hardfp_pow)
    i.__kernel_poly                          0x08005420   Section        0  poly.o(i.__kernel_poly)
    i.__mathlib_dbl_divzero                  0x08005518   Section        0  dunder.o(i.__mathlib_dbl_divzero)
    i.__mathlib_dbl_infnan2                  0x08005548   Section        0  dunder.o(i.__mathlib_dbl_infnan2)
    i.__mathlib_dbl_invalid                  0x08005560   Section        0  dunder.o(i.__mathlib_dbl_invalid)
    i.__mathlib_dbl_overflow                 0x08005580   Section        0  dunder.o(i.__mathlib_dbl_overflow)
    i.__mathlib_dbl_underflow                0x080055a0   Section        0  dunder.o(i.__mathlib_dbl_underflow)
    i.__scatterload_copy                     0x080055c0   Section       14  handlers.o(i.__scatterload_copy)
    i.__scatterload_null                     0x080055ce   Section        2  handlers.o(i.__scatterload_null)
    i.__scatterload_zeroinit                 0x080055d0   Section       14  handlers.o(i.__scatterload_zeroinit)
    i.__set_errno                            0x080055e0   Section        0  errno.o(i.__set_errno)
    i._fp_digits                             0x080055ec   Section        0  printfa.o(i._fp_digits)
    _fp_digits                               0x080055ed   Thumb Code   366  printfa.o(i._fp_digits)
    i._printf_core                           0x08005778   Section        0  printfa.o(i._printf_core)
    _printf_core                             0x08005779   Thumb Code  1704  printfa.o(i._printf_core)
    i._printf_post_padding                   0x08005e32   Section        0  printfa.o(i._printf_post_padding)
    _printf_post_padding                     0x08005e33   Thumb Code    36  printfa.o(i._printf_post_padding)
    i._printf_pre_padding                    0x08005e56   Section        0  printfa.o(i._printf_pre_padding)
    _printf_pre_padding                      0x08005e57   Thumb Code    46  printfa.o(i._printf_pre_padding)
    i.add_RT                                 0x08005e84   Section        0  route.o(i.add_RT)
    i.add_Waitinglist                        0x08005ee4   Section        0  route.o(i.add_Waitinglist)
    i.fabs                                   0x08005f38   Section        0  fabs.o(i.fabs)
    i.findRoute_RT                           0x08005f50   Section        0  route.o(i.findRoute_RT)
    i.fputc                                  0x08005fa0   Section        0  usart.o(i.fputc)
    i.free                                   0x08005fcc   Section        0  malloc.o(i.free)
    i.get_RT                                 0x0800601c   Section        0  route.o(i.get_RT)
    i.main                                   0x0800603c   Section        0  main.o(i.main)
    i.malloc                                 0x08006118   Section        0  malloc.o(i.malloc)
    i.parse_package                          0x08006184   Section        0  main.o(i.parse_package)
    i.sqrt                                   0x08006204   Section        0  sqrt.o(i.sqrt)
    .constdata                               0x08006274   Section       72  system_stm32l4xx.o(.constdata)
    .constdata                               0x080062c0   Section      208  ranging.o(.constdata)
    .constdata                               0x08006390   Section    24628  sx1280.o(.constdata)
    .constdata                               0x0800c3c8   Section      136  pow.o(.constdata)
    bp                                       0x0800c3c8   Data          16  pow.o(.constdata)
    dp_h                                     0x0800c3d8   Data          16  pow.o(.constdata)
    dp_l                                     0x0800c3e8   Data          16  pow.o(.constdata)
    L                                        0x0800c3f8   Data          48  pow.o(.constdata)
    P                                        0x0800c428   Data          40  pow.o(.constdata)
    .constdata                               0x0800c450   Section        8  qnan.o(.constdata)
    .data                                    0x20000000   Section       44  main.o(.data)
    .data                                    0x2000002c   Section        9  stm32l4xx_hal.o(.data)
    .data                                    0x20000038   Section        4  system_stm32l4xx.o(.data)
    .data                                    0x2000003c   Section       16  ranging.o(.data)
    .data                                    0x2000004c   Section      149  sx1280.o(.data)
    PacketType                               0x200000dd   Data           1  sx1280.o(.data)
    LoRaBandwidth                            0x200000de   Data           1  sx1280.o(.data)
    PollingMode                              0x200000df   Data           1  sx1280.o(.data)
    IrqState                                 0x200000e0   Data           1  sx1280.o(.data)
    .data                                    0x200000e4   Section       26  route.o(.data)
    .data                                    0x20000100   Section        4  stdout.o(.data)
    .data                                    0x20000104   Section        4  mvars.o(.data)
    .data                                    0x20000108   Section        4  mvars.o(.data)
    .data                                    0x2000010c   Section        4  errno.o(.data)
    _errno                                   0x2000010c   Data           4  errno.o(.data)
    .bss                                     0x20000110   Section     4116  main.o(.bss)
    .bss                                     0x20001124   Section       56  lptim.o(.bss)
    .bss                                     0x2000115c   Section      100  spi.o(.bss)
    .bss                                     0x200011c0   Section      128  usart.o(.bss)
    .bss                                     0x20001240   Section       57  ranging.o(.bss)
    .bss                                     0x20001279   Section      510  sx1280-hal.o(.bss)
    halTxBuffer                              0x20001279   Data         255  sx1280-hal.o(.bss)
    halRxBuffer                              0x20001378   Data         255  sx1280-hal.o(.bss)
    HEAP                                     0x20001478   Section     4096  startup_stm32l476xx.o(HEAP)
    STACK                                    0x20002478   Section     4096  startup_stm32l476xx.o(STACK)

    Global Symbols

    Symbol Name                              Value     Ov Type        Size  Object(Section)

    BuildAttributes$$THM_ISAv4$E$P$D$K$B$S$7EM$VFPi3$EXTD16$VFPS$VFMA$PE$A:L22UL41UL21$X:L11$S22US41US21$IEEE1$IW$USESV6$~STKCKD$USESV7$~SHL$OTIME$ROPI$IEEEX$EBA8$MICROLIB$REQ8$PRES8$EABIv2 0x00000000   Number         0  anon$$obj.o ABSOLUTE
    __ARM_use_no_argv                        0x00000000   Number         0  main.o ABSOLUTE
    _printf_a                                0x00000000   Number         0  stubs.o ABSOLUTE
    _printf_c                                0x00000000   Number         0  stubs.o ABSOLUTE
    _printf_charcount                        0x00000000   Number         0  stubs.o ABSOLUTE
    _printf_d                                0x00000000   Number         0  stubs.o ABSOLUTE
    _printf_e                                0x00000000   Number         0  stubs.o ABSOLUTE
    _printf_f                                0x00000000   Number         0  stubs.o ABSOLUTE
    _printf_flags                            0x00000000   Number         0  stubs.o ABSOLUTE
    _printf_fp_dec                           0x00000000   Number         0  stubs.o ABSOLUTE
    _printf_fp_hex                           0x00000000   Number         0  stubs.o ABSOLUTE
    _printf_g                                0x00000000   Number         0  stubs.o ABSOLUTE
    _printf_i                                0x00000000   Number         0  stubs.o ABSOLUTE
    _printf_int_dec                          0x00000000   Number         0  stubs.o ABSOLUTE
    _printf_l                                0x00000000   Number         0  stubs.o ABSOLUTE
    _printf_lc                               0x00000000   Number         0  stubs.o ABSOLUTE
    _printf_ll                               0x00000000   Number         0  stubs.o ABSOLUTE
    _printf_lld                              0x00000000   Number         0  stubs.o ABSOLUTE
    _printf_lli                              0x00000000   Number         0  stubs.o ABSOLUTE
    _printf_llo                              0x00000000   Number         0  stubs.o ABSOLUTE
    _printf_llu                              0x00000000   Number         0  stubs.o ABSOLUTE
    _printf_llx                              0x00000000   Number         0  stubs.o ABSOLUTE
    _printf_longlong_dec                     0x00000000   Number         0  stubs.o ABSOLUTE
    _printf_longlong_hex                     0x00000000   Number         0  stubs.o ABSOLUTE
    _printf_longlong_oct                     0x00000000   Number         0  stubs.o ABSOLUTE
    _printf_ls                               0x00000000   Number         0  stubs.o ABSOLUTE
    _printf_mbtowc                           0x00000000   Number         0  stubs.o ABSOLUTE
    _printf_n                                0x00000000   Number         0  stubs.o ABSOLUTE
    _printf_o                                0x00000000   Number         0  stubs.o ABSOLUTE
    _printf_p                                0x00000000   Number         0  stubs.o ABSOLUTE
    _printf_percent                          0x00000000   Number         0  stubs.o ABSOLUTE
    _printf_pre_padding                      0x00000000   Number         0  stubs.o ABSOLUTE
    _printf_return_value                     0x00000000   Number         0  stubs.o ABSOLUTE
    _printf_s                                0x00000000   Number         0  stubs.o ABSOLUTE
    _printf_sizespec                         0x00000000   Number         0  stubs.o ABSOLUTE
    _printf_str                              0x00000000   Number         0  stubs.o ABSOLUTE
    _printf_truncate_signed                  0x00000000   Number         0  stubs.o ABSOLUTE
    _printf_truncate_unsigned                0x00000000   Number         0  stubs.o ABSOLUTE
    _printf_u                                0x00000000   Number         0  stubs.o ABSOLUTE
    _printf_wc                               0x00000000   Number         0  stubs.o ABSOLUTE
    _printf_wctomb                           0x00000000   Number         0  stubs.o ABSOLUTE
    _printf_widthprec                        0x00000000   Number         0  stubs.o ABSOLUTE
    _printf_x                                0x00000000   Number         0  stubs.o ABSOLUTE
    __arm_fini_                               - Undefined Weak Reference
    __cpp_initialize__aeabi_                  - Undefined Weak Reference
    __cxa_finalize                            - Undefined Weak Reference
    __decompress                              - Undefined Weak Reference
    _clock_init                               - Undefined Weak Reference
    _microlib_exit                            - Undefined Weak Reference
    _scanf_longlong                           - Undefined Weak Reference
    _scanf_real                               - Undefined Weak Reference
    _scanf_string                             - Undefined Weak Reference
    __Vectors_Size                           0x00000188   Number         0  startup_stm32l476xx.o ABSOLUTE
    __Vectors                                0x08000000   Data           4  startup_stm32l476xx.o(RESET)
    __Vectors_End                            0x08000188   Data           0  startup_stm32l476xx.o(RESET)
    __main                                   0x08000189   Thumb Code     0  entry.o(.ARM.Collect$$$$00000000)
    _main_stk                                0x08000189   Thumb Code     0  entry2.o(.ARM.Collect$$$$00000001)
    _main_scatterload                        0x0800018d   Thumb Code     0  entry5.o(.ARM.Collect$$$$00000004)
    __main_after_scatterload                 0x08000191   Thumb Code     0  entry5.o(.ARM.Collect$$$$00000004)
    _main_clock                              0x08000191   Thumb Code     0  entry7b.o(.ARM.Collect$$$$00000008)
    _main_cpp_init                           0x08000191   Thumb Code     0  entry8b.o(.ARM.Collect$$$$0000000A)
    _main_init                               0x08000191   Thumb Code     0  entry9a.o(.ARM.Collect$$$$0000000B)
    __rt_lib_shutdown_fini                   0x08000199   Thumb Code     0  entry12b.o(.ARM.Collect$$$$0000000E)
    __rt_final_cpp                           0x0800019d   Thumb Code     0  entry10a.o(.ARM.Collect$$$$0000000F)
    __rt_final_exit                          0x0800019d   Thumb Code     0  entry11a.o(.ARM.Collect$$$$00000011)
    Reset_Handler                            0x080001a1   Thumb Code     8  startup_stm32l476xx.o(.text)
    ADC1_2_IRQHandler                        0x080001bb   Thumb Code     0  startup_stm32l476xx.o(.text)
    ADC3_IRQHandler                          0x080001bb   Thumb Code     0  startup_stm32l476xx.o(.text)
    CAN1_RX0_IRQHandler                      0x080001bb   Thumb Code     0  startup_stm32l476xx.o(.text)
    CAN1_RX1_IRQHandler                      0x080001bb   Thumb Code     0  startup_stm32l476xx.o(.text)
    CAN1_SCE_IRQHandler                      0x080001bb   Thumb Code     0  startup_stm32l476xx.o(.text)
    CAN1_TX_IRQHandler                       0x080001bb   Thumb Code     0  startup_stm32l476xx.o(.text)
    COMP_IRQHandler                          0x080001bb   Thumb Code     0  startup_stm32l476xx.o(.text)
    DFSDM1_FLT0_IRQHandler                   0x080001bb   Thumb Code     0  startup_stm32l476xx.o(.text)
    DFSDM1_FLT1_IRQHandler                   0x080001bb   Thumb Code     0  startup_stm32l476xx.o(.text)
    DFSDM1_FLT2_IRQHandler                   0x080001bb   Thumb Code     0  startup_stm32l476xx.o(.text)
    DFSDM1_FLT3_IRQHandler                   0x080001bb   Thumb Code     0  startup_stm32l476xx.o(.text)
    DMA1_Channel1_IRQHandler                 0x080001bb   Thumb Code     0  startup_stm32l476xx.o(.text)
    DMA1_Channel2_IRQHandler                 0x080001bb   Thumb Code     0  startup_stm32l476xx.o(.text)
    DMA1_Channel3_IRQHandler                 0x080001bb   Thumb Code     0  startup_stm32l476xx.o(.text)
    DMA1_Channel4_IRQHandler                 0x080001bb   Thumb Code     0  startup_stm32l476xx.o(.text)
    DMA1_Channel5_IRQHandler                 0x080001bb   Thumb Code     0  startup_stm32l476xx.o(.text)
    DMA1_Channel6_IRQHandler                 0x080001bb   Thumb Code     0  startup_stm32l476xx.o(.text)
    DMA1_Channel7_IRQHandler                 0x080001bb   Thumb Code     0  startup_stm32l476xx.o(.text)
    DMA2_Channel1_IRQHandler                 0x080001bb   Thumb Code     0  startup_stm32l476xx.o(.text)
    DMA2_Channel2_IRQHandler                 0x080001bb   Thumb Code     0  startup_stm32l476xx.o(.text)
    DMA2_Channel3_IRQHandler                 0x080001bb   Thumb Code     0  startup_stm32l476xx.o(.text)
    DMA2_Channel4_IRQHandler                 0x080001bb   Thumb Code     0  startup_stm32l476xx.o(.text)
    DMA2_Channel5_IRQHandler                 0x080001bb   Thumb Code     0  startup_stm32l476xx.o(.text)
    DMA2_Channel6_IRQHandler                 0x080001bb   Thumb Code     0  startup_stm32l476xx.o(.text)
    DMA2_Channel7_IRQHandler                 0x080001bb   Thumb Code     0  startup_stm32l476xx.o(.text)
    EXTI0_IRQHandler                         0x080001bb   Thumb Code     0  startup_stm32l476xx.o(.text)
    EXTI1_IRQHandler                         0x080001bb   Thumb Code     0  startup_stm32l476xx.o(.text)
    EXTI2_IRQHandler                         0x080001bb   Thumb Code     0  startup_stm32l476xx.o(.text)
    EXTI3_IRQHandler                         0x080001bb   Thumb Code     0  startup_stm32l476xx.o(.text)
    EXTI9_5_IRQHandler                       0x080001bb   Thumb Code     0  startup_stm32l476xx.o(.text)
    FLASH_IRQHandler                         0x080001bb   Thumb Code     0  startup_stm32l476xx.o(.text)
    FMC_IRQHandler                           0x080001bb   Thumb Code     0  startup_stm32l476xx.o(.text)
    FPU_IRQHandler                           0x080001bb   Thumb Code     0  startup_stm32l476xx.o(.text)
    I2C1_ER_IRQHandler                       0x080001bb   Thumb Code     0  startup_stm32l476xx.o(.text)
    I2C1_EV_IRQHandler                       0x080001bb   Thumb Code     0  startup_stm32l476xx.o(.text)
    I2C2_ER_IRQHandler                       0x080001bb   Thumb Code     0  startup_stm32l476xx.o(.text)
    I2C2_EV_IRQHandler                       0x080001bb   Thumb Code     0  startup_stm32l476xx.o(.text)
    I2C3_ER_IRQHandler                       0x080001bb   Thumb Code     0  startup_stm32l476xx.o(.text)
    I2C3_EV_IRQHandler                       0x080001bb   Thumb Code     0  startup_stm32l476xx.o(.text)
    LCD_IRQHandler                           0x080001bb   Thumb Code     0  startup_stm32l476xx.o(.text)
    LPTIM2_IRQHandler                        0x080001bb   Thumb Code     0  startup_stm32l476xx.o(.text)
    LPUART1_IRQHandler                       0x080001bb   Thumb Code     0  startup_stm32l476xx.o(.text)
    OTG_FS_IRQHandler                        0x080001bb   Thumb Code     0  startup_stm32l476xx.o(.text)
    PVD_PVM_IRQHandler                       0x080001bb   Thumb Code     0  startup_stm32l476xx.o(.text)
    QUADSPI_IRQHandler                       0x080001bb   Thumb Code     0  startup_stm32l476xx.o(.text)
    RCC_IRQHandler                           0x080001bb   Thumb Code     0  startup_stm32l476xx.o(.text)
    RNG_IRQHandler                           0x080001bb   Thumb Code     0  startup_stm32l476xx.o(.text)
    RTC_Alarm_IRQHandler                     0x080001bb   Thumb Code     0  startup_stm32l476xx.o(.text)
    RTC_WKUP_IRQHandler                      0x080001bb   Thumb Code     0  startup_stm32l476xx.o(.text)
    SAI1_IRQHandler                          0x080001bb   Thumb Code     0  startup_stm32l476xx.o(.text)
    SAI2_IRQHandler                          0x080001bb   Thumb Code     0  startup_stm32l476xx.o(.text)
    SDMMC1_IRQHandler                        0x080001bb   Thumb Code     0  startup_stm32l476xx.o(.text)
    SPI1_IRQHandler                          0x080001bb   Thumb Code     0  startup_stm32l476xx.o(.text)
    SPI2_IRQHandler                          0x080001bb   Thumb Code     0  startup_stm32l476xx.o(.text)
    SPI3_IRQHandler                          0x080001bb   Thumb Code     0  startup_stm32l476xx.o(.text)
    SWPMI1_IRQHandler                        0x080001bb   Thumb Code     0  startup_stm32l476xx.o(.text)
    TAMP_STAMP_IRQHandler                    0x080001bb   Thumb Code     0  startup_stm32l476xx.o(.text)
    TIM1_BRK_TIM15_IRQHandler                0x080001bb   Thumb Code     0  startup_stm32l476xx.o(.text)
    TIM1_CC_IRQHandler                       0x080001bb   Thumb Code     0  startup_stm32l476xx.o(.text)
    TIM1_TRG_COM_TIM17_IRQHandler            0x080001bb   Thumb Code     0  startup_stm32l476xx.o(.text)
    TIM1_UP_TIM16_IRQHandler                 0x080001bb   Thumb Code     0  startup_stm32l476xx.o(.text)
    TIM2_IRQHandler                          0x080001bb   Thumb Code     0  startup_stm32l476xx.o(.text)
    TIM3_IRQHandler                          0x080001bb   Thumb Code     0  startup_stm32l476xx.o(.text)
    TIM4_IRQHandler                          0x080001bb   Thumb Code     0  startup_stm32l476xx.o(.text)
    TIM5_IRQHandler                          0x080001bb   Thumb Code     0  startup_stm32l476xx.o(.text)
    TIM6_DAC_IRQHandler                      0x080001bb   Thumb Code     0  startup_stm32l476xx.o(.text)
    TIM7_IRQHandler                          0x080001bb   Thumb Code     0  startup_stm32l476xx.o(.text)
    TIM8_BRK_IRQHandler                      0x080001bb   Thumb Code     0  startup_stm32l476xx.o(.text)
    TIM8_CC_IRQHandler                       0x080001bb   Thumb Code     0  startup_stm32l476xx.o(.text)
    TIM8_TRG_COM_IRQHandler                  0x080001bb   Thumb Code     0  startup_stm32l476xx.o(.text)
    TIM8_UP_IRQHandler                       0x080001bb   Thumb Code     0  startup_stm32l476xx.o(.text)
    TSC_IRQHandler                           0x080001bb   Thumb Code     0  startup_stm32l476xx.o(.text)
    UART4_IRQHandler                         0x080001bb   Thumb Code     0  startup_stm32l476xx.o(.text)
    UART5_IRQHandler                         0x080001bb   Thumb Code     0  startup_stm32l476xx.o(.text)
    USART1_IRQHandler                        0x080001bb   Thumb Code     0  startup_stm32l476xx.o(.text)
    USART2_IRQHandler                        0x080001bb   Thumb Code     0  startup_stm32l476xx.o(.text)
    USART3_IRQHandler                        0x080001bb   Thumb Code     0  startup_stm32l476xx.o(.text)
    WWDG_IRQHandler                          0x080001bb   Thumb Code     0  startup_stm32l476xx.o(.text)
    __aeabi_uldivmod                         0x080001c5   Thumb Code    98  uldiv.o(.text)
    __aeabi_memcpy                           0x0800022d   Thumb Code    36  memcpya.o(.text)
    __aeabi_memcpy4                          0x0800022d   Thumb Code     0  memcpya.o(.text)
    __aeabi_memcpy8                          0x0800022d   Thumb Code     0  memcpya.o(.text)
    __aeabi_memset                           0x08000251   Thumb Code    14  memseta.o(.text)
    __aeabi_memset4                          0x08000251   Thumb Code     0  memseta.o(.text)
    __aeabi_memset8                          0x08000251   Thumb Code     0  memseta.o(.text)
    __aeabi_memclr                           0x0800025f   Thumb Code     4  memseta.o(.text)
    __aeabi_memclr4                          0x0800025f   Thumb Code     0  memseta.o(.text)
    __aeabi_memclr8                          0x0800025f   Thumb Code     0  memseta.o(.text)
    _memset$wrapper                          0x08000263   Thumb Code    18  memseta.o(.text)
    __aeabi_dadd                             0x08000275   Thumb Code   322  dadd.o(.text)
    __aeabi_dsub                             0x080003b7   Thumb Code     6  dadd.o(.text)
    __aeabi_drsub                            0x080003bd   Thumb Code     6  dadd.o(.text)
    __aeabi_dmul                             0x080003d3   Thumb Code   228  dmul.o(.text)
    __aeabi_ddiv                             0x080004bd   Thumb Code   222  ddiv.o(.text)
    __aeabi_i2d                              0x0800059b   Thumb Code    34  dflti.o(.text)
    __aeabi_ui2d                             0x080005bd   Thumb Code    26  dfltui.o(.text)
    __aeabi_d2uiz                            0x080005d7   Thumb Code    50  dfixui.o(.text)
    __aeabi_uidiv                            0x08000609   Thumb Code     0  uidiv.o(.text)
    __aeabi_uidivmod                         0x08000609   Thumb Code    44  uidiv.o(.text)
    __aeabi_llsl                             0x08000635   Thumb Code    30  llshl.o(.text)
    _ll_shift_l                              0x08000635   Thumb Code     0  llshl.o(.text)
    __aeabi_llsr                             0x08000653   Thumb Code    32  llushr.o(.text)
    _ll_ushift_r                             0x08000653   Thumb Code     0  llushr.o(.text)
    __aeabi_lasr                             0x08000673   Thumb Code    36  llsshr.o(.text)
    _ll_sshift_r                             0x08000673   Thumb Code     0  llsshr.o(.text)
    __I$use$fp                               0x08000697   Thumb Code     0  iusefp.o(.text)
    _double_round                            0x08000697   Thumb Code    30  depilogue.o(.text)
    _double_epilogue                         0x080006b5   Thumb Code   156  depilogue.o(.text)
    __ARM_scalbn                             0x08000751   Thumb Code    46  dscalb.o(.text)
    scalbn                                   0x08000751   Thumb Code     0  dscalb.o(.text)
    __aeabi_d2ulz                            0x0800077f   Thumb Code    48  dfixul.o(.text)
    __aeabi_cdrcmple                         0x080007b1   Thumb Code    48  cdrcmple.o(.text)
    __scatterload                            0x080007e1   Thumb Code    28  init.o(.text)
    __scatterload_rt2                        0x080007e1   Thumb Code     0  init.o(.text)
    _dsqrt                                   0x08000805   Thumb Code   162  dsqrt.o(.text)
    BusFault_Handler                         0x080008a7   Thumb Code     4  stm32l4xx_it.o(i.BusFault_Handler)
    DebugMon_Handler                         0x080008ab   Thumb Code     2  stm32l4xx_it.o(i.DebugMon_Handler)
    EXTI15_10_IRQHandler                     0x080008ad   Thumb Code    12  stm32l4xx_it.o(i.EXTI15_10_IRQHandler)
    EXTI4_IRQHandler                         0x080008b9   Thumb Code    10  stm32l4xx_it.o(i.EXTI4_IRQHandler)
    Error_Handler                            0x080008c3   Thumb Code     6  main.o(i.Error_Handler)
    HAL_Delay                                0x080008c9   Thumb Code    36  stm32l4xx_hal.o(i.HAL_Delay)
    HAL_GPIO_EXTI_Callback                   0x080008f1   Thumb Code   160  main.o(i.HAL_GPIO_EXTI_Callback)
    HAL_GPIO_EXTI_IRQHandler                 0x080009e5   Thumb Code    24  stm32l4xx_hal_gpio.o(i.HAL_GPIO_EXTI_IRQHandler)
    HAL_GPIO_Init                            0x08000a01   Thumb Code   480  stm32l4xx_hal_gpio.o(i.HAL_GPIO_Init)
    HAL_GPIO_ReadPin                         0x08000c05   Thumb Code    16  stm32l4xx_hal_gpio.o(i.HAL_GPIO_ReadPin)
    HAL_GPIO_WritePin                        0x08000c15   Thumb Code    10  stm32l4xx_hal_gpio.o(i.HAL_GPIO_WritePin)
    HAL_GetTick                              0x08000c21   Thumb Code     6  stm32l4xx_hal.o(i.HAL_GetTick)
    HAL_IncTick                              0x08000c2d   Thumb Code    16  stm32l4xx_hal.o(i.HAL_IncTick)
    HAL_Init                                 0x08000c45   Thumb Code    30  stm32l4xx_hal.o(i.HAL_Init)
    HAL_InitTick                             0x08000c65   Thumb Code    74  stm32l4xx_hal.o(i.HAL_InitTick)
    HAL_LPTIM1_INT_Callback                  0x08000cbd   Thumb Code    72  main.o(i.HAL_LPTIM1_INT_Callback)
    HAL_LPTIM_AutoReloadMatchCallback        0x08000d25   Thumb Code     2  stm32l4xx_hal_lptim.o(i.HAL_LPTIM_AutoReloadMatchCallback)
    HAL_LPTIM_AutoReloadWriteCallback        0x08000d27   Thumb Code     2  stm32l4xx_hal_lptim.o(i.HAL_LPTIM_AutoReloadWriteCallback)
    HAL_LPTIM_CompareMatchCallback           0x08000d29   Thumb Code     2  stm32l4xx_hal_lptim.o(i.HAL_LPTIM_CompareMatchCallback)
    HAL_LPTIM_CompareWriteCallback           0x08000d2b   Thumb Code     2  stm32l4xx_hal_lptim.o(i.HAL_LPTIM_CompareWriteCallback)
    HAL_LPTIM_DirectionDownCallback          0x08000d2d   Thumb Code     2  stm32l4xx_hal_lptim.o(i.HAL_LPTIM_DirectionDownCallback)
    HAL_LPTIM_DirectionUpCallback            0x08000d2f   Thumb Code     2  stm32l4xx_hal_lptim.o(i.HAL_LPTIM_DirectionUpCallback)
    HAL_LPTIM_GetState                       0x08000d31   Thumb Code     8  stm32l4xx_hal_lptim.o(i.HAL_LPTIM_GetState)
    HAL_LPTIM_IRQHandler                     0x08000d39   Thumb Code   230  stm32l4xx_hal_lptim.o(i.HAL_LPTIM_IRQHandler)
    HAL_LPTIM_Init                           0x08000e21   Thumb Code   200  stm32l4xx_hal_lptim.o(i.HAL_LPTIM_Init)
    HAL_LPTIM_MspInit                        0x08000ef1   Thumb Code    58  lptim.o(i.HAL_LPTIM_MspInit)
    HAL_LPTIM_TimeOut_Start_IT               0x08000f35   Thumb Code   184  stm32l4xx_hal_lptim.o(i.HAL_LPTIM_TimeOut_Start_IT)
    HAL_LPTIM_TriggerCallback                0x08000ff5   Thumb Code     2  stm32l4xx_hal_lptim.o(i.HAL_LPTIM_TriggerCallback)
    HAL_MspInit                              0x08000ff9   Thumb Code    58  stm32l4xx_hal_msp.o(i.HAL_MspInit)
    HAL_NVIC_EnableIRQ                       0x08001039   Thumb Code    40  stm32l4xx_hal_cortex.o(i.HAL_NVIC_EnableIRQ)
    HAL_NVIC_SetPriority                     0x08001061   Thumb Code   124  stm32l4xx_hal_cortex.o(i.HAL_NVIC_SetPriority)
    HAL_NVIC_SetPriorityGrouping             0x080010e5   Thumb Code    32  stm32l4xx_hal_cortex.o(i.HAL_NVIC_SetPriorityGrouping)
    HAL_PWREx_ControlVoltageScaling          0x0800110d   Thumb Code   128  stm32l4xx_hal_pwr_ex.o(i.HAL_PWREx_ControlVoltageScaling)
    HAL_PWREx_GetVoltageRange                0x08001199   Thumb Code    10  stm32l4xx_hal_pwr_ex.o(i.HAL_PWREx_GetVoltageRange)
    HAL_RCCEx_PeriphCLKConfig                0x080011a9   Thumb Code  1230  stm32l4xx_hal_rcc_ex.o(i.HAL_RCCEx_PeriphCLKConfig)
    HAL_RCC_ClockConfig                      0x0800167d   Thumb Code   360  stm32l4xx_hal_rcc.o(i.HAL_RCC_ClockConfig)
    HAL_RCC_GetHCLKFreq                      0x080017f9   Thumb Code     6  stm32l4xx_hal_rcc.o(i.HAL_RCC_GetHCLKFreq)
    HAL_RCC_GetPCLK1Freq                     0x08001805   Thumb Code    26  stm32l4xx_hal_rcc.o(i.HAL_RCC_GetPCLK1Freq)
    HAL_RCC_GetPCLK2Freq                     0x08001829   Thumb Code    26  stm32l4xx_hal_rcc.o(i.HAL_RCC_GetPCLK2Freq)
    HAL_RCC_GetSysClockFreq                  0x0800184d   Thumb Code   220  stm32l4xx_hal_rcc.o(i.HAL_RCC_GetSysClockFreq)
    HAL_RCC_OscConfig                        0x08001939   Thumb Code  1772  stm32l4xx_hal_rcc.o(i.HAL_RCC_OscConfig)
    HAL_SPIEx_FlushRxFifo                    0x08002035   Thumb Code    44  stm32l4xx_hal_spi_ex.o(i.HAL_SPIEx_FlushRxFifo)
    HAL_SPI_Init                             0x08002061   Thumb Code   240  stm32l4xx_hal_spi.o(i.HAL_SPI_Init)
    HAL_SPI_MspInit                          0x08002151   Thumb Code   110  spi.o(i.HAL_SPI_MspInit)
    HAL_SPI_Transmit                         0x080021c9   Thumb Code   490  stm32l4xx_hal_spi.o(i.HAL_SPI_Transmit)
    HAL_SPI_TransmitReceive                  0x080023b9   Thumb Code   700  stm32l4xx_hal_spi.o(i.HAL_SPI_TransmitReceive)
    HAL_SYSTICK_Config                       0x0800267b   Thumb Code    52  stm32l4xx_hal_cortex.o(i.HAL_SYSTICK_Config)
    HAL_UART_GetState                        0x080026af   Thumb Code    12  stm32l4xx_hal_uart.o(i.HAL_UART_GetState)
    HAL_UART_Init                            0x080026bb   Thumb Code   116  stm32l4xx_hal_uart.o(i.HAL_UART_Init)
    HAL_UART_MspInit                         0x08002731   Thumb Code   110  usart.o(i.HAL_UART_MspInit)
    HAL_UART_Transmit                        0x080027a9   Thumb Code   210  stm32l4xx_hal_uart.o(i.HAL_UART_Transmit)
    HardFault_Handler                        0x08002881   Thumb Code     4  stm32l4xx_it.o(i.HardFault_Handler)
    LPTIM1_IRQHandler                        0x08002885   Thumb Code    14  stm32l4xx_it.o(i.LPTIM1_IRQHandler)
    LPTIM_Disable                            0x08002899   Thumb Code   390  stm32l4xx_hal_lptim.o(i.LPTIM_Disable)
    LoRaSendData                             0x08002a61   Thumb Code    52  ranging.o(i.LoRaSendData)
    LoRaSetPayloadLength                     0x08002a9d   Thumb Code    14  ranging.o(i.LoRaSetPayloadLength)
    LoRaSetRx                                0x08002ab1   Thumb Code    30  ranging.o(i.LoRaSetRx)
    MX_GPIO_Init                             0x08002ad9   Thumb Code   228  gpio.o(i.MX_GPIO_Init)
    MX_LPTIM1_Init                           0x08002bd1   Thumb Code    50  lptim.o(i.MX_LPTIM1_Init)
    MX_SPI1_Init                             0x08002c0d   Thumb Code    72  spi.o(i.MX_SPI1_Init)
    MX_USART2_UART_Init                      0x08002c5d   Thumb Code    56  usart.o(i.MX_USART2_UART_Init)
    MemManage_Handler                        0x08002c9d   Thumb Code     4  stm32l4xx_it.o(i.MemManage_Handler)
    Mesh_Handle_Broadcast                    0x08002ca1   Thumb Code   140  route.o(i.Mesh_Handle_Broadcast)
    Mesh_Handle_Reply                        0x08002d35   Thumb Code   170  route.o(i.Mesh_Handle_Reply)
    Mesh_Reply                               0x08002e09   Thumb Code    66  route.o(i.Mesh_Reply)
    Mesh_Reply_Join                          0x08002e55   Thumb Code    58  route.o(i.Mesh_Reply_Join)
    Mesh_Send                                0x08002e95   Thumb Code    76  route.o(i.Mesh_Send)
    Mesh_transmit                            0x08002f19   Thumb Code    90  route.o(i.Mesh_transmit)
    NMI_Handler                              0x08002f79   Thumb Code     4  stm32l4xx_it.o(i.NMI_Handler)
    PendSV_Handler                           0x08002f7d   Thumb Code     2  stm32l4xx_it.o(i.PendSV_Handler)
    RangingInitRadio                         0x0800330d   Thumb Code    62  ranging.o(i.RangingInitRadio)
    RangingSetParams                         0x08003359   Thumb Code    54  ranging.o(i.RangingSetParams)
    SVC_Handler                              0x080035cb   Thumb Code     2  stm32l4xx_it.o(i.SVC_Handler)
    SX1280ClearIrqStatus                     0x080035cd   Thumb Code    28  sx1280.o(i.SX1280ClearIrqStatus)
    SX1280GetFirmwareVersion                 0x080035e9   Thumb Code    26  sx1280.o(i.SX1280GetFirmwareVersion)
    SX1280GetIrqStatus                       0x08003603   Thumb Code    26  sx1280.o(i.SX1280GetIrqStatus)
    SX1280GetPacketStatus                    0x0800361d   Thumb Code   776  sx1280.o(i.SX1280GetPacketStatus)
    SX1280GetPacketType                      0x08003925   Thumb Code     6  sx1280.o(i.SX1280GetPacketType)
    SX1280GetPayload                         0x08003931   Thumb Code    42  sx1280.o(i.SX1280GetPayload)
    SX1280GetRssiInst                        0x0800395b   Thumb Code    22  sx1280.o(i.SX1280GetRssiInst)
    SX1280GetRxBufferStatus                  0x08003971   Thumb Code    84  sx1280.o(i.SX1280GetRxBufferStatus)
    SX1280HalReadBuffer                      0x080039c5   Thumb Code   106  sx1280-hal.o(i.SX1280HalReadBuffer)
    SX1280HalReadCommand                     0x08003a39   Thumb Code   104  sx1280-hal.o(i.SX1280HalReadCommand)
    SX1280HalReadRegister                    0x08003aa9   Thumb Code    20  sx1280-hal.o(i.SX1280HalReadRegister)
    SX1280HalReadRegisters                   0x08003abd   Thumb Code   110  sx1280-hal.o(i.SX1280HalReadRegisters)
    SX1280HalReset                           0x08003b35   Thumb Code    46  sx1280-hal.o(i.SX1280HalReset)
    SX1280HalWaitOnBusy                      0x08003b65   Thumb Code    54  sx1280-hal.o(i.SX1280HalWaitOnBusy)
    SX1280HalWriteBuffer                     0x08003ba1   Thumb Code    78  sx1280-hal.o(i.SX1280HalWriteBuffer)
    SX1280HalWriteCommand                    0x08003bf5   Thumb Code    78  sx1280-hal.o(i.SX1280HalWriteCommand)
    SX1280SendPayload                        0x08003c49   Thumb Code    22  sx1280.o(i.SX1280SendPayload)
    SX1280SetBufferBaseAddresses             0x08003c5f   Thumb Code    26  sx1280.o(i.SX1280SetBufferBaseAddresses)
    SX1280SetDioIrqParams                    0x08003c79   Thumb Code    74  sx1280.o(i.SX1280SetDioIrqParams)
    SX1280SetModulationParams                0x08003cc5   Thumb Code   168  sx1280.o(i.SX1280SetModulationParams)
    SX1280SetPacketParams                    0x08003d75   Thumb Code   268  sx1280.o(i.SX1280SetPacketParams)
    SX1280SetPacketType                      0x08003e85   Thumb Code    22  sx1280.o(i.SX1280SetPacketType)
    SX1280SetPayload                         0x08003ea1   Thumb Code    18  sx1280.o(i.SX1280SetPayload)
    SX1280SetRangingRole                     0x08003eb3   Thumb Code    18  sx1280.o(i.SX1280SetRangingRole)
    SX1280SetRegulatorMode                   0x08003ec5   Thumb Code    14  sx1280.o(i.SX1280SetRegulatorMode)
    SX1280SetRfFrequency                     0x08003ed5   Thumb Code   116  sx1280.o(i.SX1280SetRfFrequency)
    SX1280SetRx                              0x08003f61   Thumb Code    72  sx1280.o(i.SX1280SetRx)
    SX1280SetStandby                         0x08003fad   Thumb Code    34  sx1280.o(i.SX1280SetStandby)
    SX1280SetTx                              0x08003fd5   Thumb Code    72  sx1280.o(i.SX1280SetTx)
    SX1280SetTxParams                        0x08004021   Thumb Code    32  sx1280.o(i.SX1280SetTxParams)
    SpiIn                                    0x08004041   Thumb Code    22  sx1280-hal.o(i.SpiIn)
    SpiInOut                                 0x0800405d   Thumb Code    34  sx1280-hal.o(i.SpiInOut)
    SysTick_Handler                          0x08004085   Thumb Code     8  stm32l4xx_it.o(i.SysTick_Handler)
    SystemClock_Config                       0x0800408d   Thumb Code   152  main.o(i.SystemClock_Config)
    SystemInit                               0x08004125   Thumb Code    68  system_stm32l4xx.o(i.SystemInit)
    UART_AdvFeatureConfig                    0x08004175   Thumb Code   248  stm32l4xx_hal_uart.o(i.UART_AdvFeatureConfig)
    UART_CheckIdleState                      0x0800426d   Thumb Code   110  stm32l4xx_hal_uart.o(i.UART_CheckIdleState)
    UART_SetConfig                           0x080042dd   Thumb Code   852  stm32l4xx_hal_uart.o(i.UART_SetConfig)
    UART_WaitOnFlagUntilTimeout              0x0800465b   Thumb Code   180  stm32l4xx_hal_uart.o(i.UART_WaitOnFlagUntilTimeout)
    UsageFault_Handler                       0x0800470f   Thumb Code     4  stm32l4xx_it.o(i.UsageFault_Handler)
    __0printf                                0x08004715   Thumb Code    22  printfa.o(i.__0printf)
    __1printf                                0x08004715   Thumb Code     0  printfa.o(i.__0printf)
    __2printf                                0x08004715   Thumb Code     0  printfa.o(i.__0printf)
    __c89printf                              0x08004715   Thumb Code     0  printfa.o(i.__0printf)
    printf                                   0x08004715   Thumb Code     0  printfa.o(i.__0printf)
    __ARM_fpclassify                         0x08004735   Thumb Code    48  fpclassify.o(i.__ARM_fpclassify)
    __hardfp_pow                             0x080047a1   Thumb Code  3072  pow.o(i.__hardfp_pow)
    __kernel_poly                            0x08005421   Thumb Code   248  poly.o(i.__kernel_poly)
    __mathlib_dbl_divzero                    0x08005519   Thumb Code    28  dunder.o(i.__mathlib_dbl_divzero)
    __mathlib_dbl_infnan2                    0x08005549   Thumb Code    20  dunder.o(i.__mathlib_dbl_infnan2)
    __mathlib_dbl_invalid                    0x08005561   Thumb Code    24  dunder.o(i.__mathlib_dbl_invalid)
    __mathlib_dbl_overflow                   0x08005581   Thumb Code    24  dunder.o(i.__mathlib_dbl_overflow)
    __mathlib_dbl_underflow                  0x080055a1   Thumb Code    24  dunder.o(i.__mathlib_dbl_underflow)
    __scatterload_copy                       0x080055c1   Thumb Code    14  handlers.o(i.__scatterload_copy)
    __scatterload_null                       0x080055cf   Thumb Code     2  handlers.o(i.__scatterload_null)
    __scatterload_zeroinit                   0x080055d1   Thumb Code    14  handlers.o(i.__scatterload_zeroinit)
    __set_errno                              0x080055e1   Thumb Code     6  errno.o(i.__set_errno)
    add_RT                                   0x08005e85   Thumb Code    88  route.o(i.add_RT)
    add_Waitinglist                          0x08005ee5   Thumb Code    76  route.o(i.add_Waitinglist)
    fabs                                     0x08005f39   Thumb Code    24  fabs.o(i.fabs)
    findRoute_RT                             0x08005f51   Thumb Code    70  route.o(i.findRoute_RT)
    fputc                                    0x08005fa1   Thumb Code    40  usart.o(i.fputc)
    free                                     0x08005fcd   Thumb Code    76  malloc.o(i.free)
    get_RT                                   0x0800601d   Thumb Code    28  route.o(i.get_RT)
    main                                     0x0800603d   Thumb Code   144  main.o(i.main)
    malloc                                   0x08006119   Thumb Code    92  malloc.o(i.malloc)
    parse_package                            0x08006185   Thumb Code   104  main.o(i.parse_package)
    sqrt                                     0x08006205   Thumb Code   110  sqrt.o(i.sqrt)
    AHBPrescTable                            0x08006274   Data          16  system_stm32l4xx.o(.constdata)
    APBPrescTable                            0x08006284   Data           8  system_stm32l4xx.o(.constdata)
    MSIRangeTable                            0x0800628c   Data          48  system_stm32l4xx.o(.constdata)
    RNG_CALIB_0400                           0x080062c0   Data          12  ranging.o(.constdata)
    RNG_CALIB_0800                           0x080062cc   Data          12  ranging.o(.constdata)
    RNG_CALIB_1600                           0x080062d8   Data          12  ranging.o(.constdata)
    RNG_FGRAD_0400                           0x080062e8   Data          48  ranging.o(.constdata)
    RNG_FGRAD_0800                           0x08006318   Data          48  ranging.o(.constdata)
    RNG_FGRAD_1600                           0x08006348   Data          48  ranging.o(.constdata)
    RangingCorrectionSF5BW0400               0x08006390   Data        1280  sx1280.o(.constdata)
    correctionRangingPolynomeSF5BW0400       0x08006890   Data          88  sx1280.o(.constdata)
    RangingCorrectionSF6BW0400               0x080068e8   Data        1280  sx1280.o(.constdata)
    correctionRangingPolynomeSF6BW0400       0x08006de8   Data          88  sx1280.o(.constdata)
    RangingCorrectionSF7BW0400               0x08006e40   Data        1280  sx1280.o(.constdata)
    correctionRangingPolynomeSF7BW0400       0x08007340   Data          88  sx1280.o(.constdata)
    RangingCorrectionSF8BW0400               0x08007398   Data        1280  sx1280.o(.constdata)
    correctionRangingPolynomeSF8BW0400       0x08007898   Data          88  sx1280.o(.constdata)
    RangingCorrectionSF9BW0400               0x080078f0   Data        1280  sx1280.o(.constdata)
    correctionRangingPolynomeSF9BW0400       0x08007df0   Data          88  sx1280.o(.constdata)
    RangingCorrectionSF10BW0400              0x08007e48   Data        1280  sx1280.o(.constdata)
    correctionRangingPolynomeSF10BW0400      0x08008348   Data          88  sx1280.o(.constdata)
    RangingCorrectionSF5BW0800               0x080083a0   Data        1280  sx1280.o(.constdata)
    correctionRangingPolynomeSF5BW0800       0x080088a0   Data          88  sx1280.o(.constdata)
    RangingCorrectionSF6BW0800               0x080088f8   Data        1280  sx1280.o(.constdata)
    correctionRangingPolynomeSF6BW0800       0x08008df8   Data          88  sx1280.o(.constdata)
    RangingCorrectionSF7BW0800               0x08008e50   Data        1280  sx1280.o(.constdata)
    correctionRangingPolynomeSF7BW0800       0x08009350   Data          88  sx1280.o(.constdata)
    RangingCorrectionSF8BW0800               0x080093a8   Data        1280  sx1280.o(.constdata)
    correctionRangingPolynomeSF8BW0800       0x080098a8   Data          88  sx1280.o(.constdata)
    RangingCorrectionSF9BW0800               0x08009900   Data        1280  sx1280.o(.constdata)
    correctionRangingPolynomeSF9BW0800       0x08009e00   Data          88  sx1280.o(.constdata)
    RangingCorrectionSF10BW0800              0x08009e58   Data        1280  sx1280.o(.constdata)
    correctionRangingPolynomeSF10BW0800      0x0800a358   Data          88  sx1280.o(.constdata)
    RangingCorrectionSF5BW1600               0x0800a3b0   Data        1280  sx1280.o(.constdata)
    correctionRangingPolynomeSF5BW1600       0x0800a8b0   Data          88  sx1280.o(.constdata)
    RangingCorrectionSF6BW1600               0x0800a908   Data        1280  sx1280.o(.constdata)
    correctionRangingPolynomeSF6BW1600       0x0800ae08   Data          88  sx1280.o(.constdata)
    RangingCorrectionSF7BW1600               0x0800ae60   Data        1280  sx1280.o(.constdata)
    correctionRangingPolynomeSF7BW1600       0x0800b360   Data          88  sx1280.o(.constdata)
    RangingCorrectionSF8BW1600               0x0800b3b8   Data        1280  sx1280.o(.constdata)
    correctionRangingPolynomeSF8BW1600       0x0800b8b8   Data          88  sx1280.o(.constdata)
    RangingCorrectionSF9BW1600               0x0800b910   Data        1280  sx1280.o(.constdata)
    correctionRangingPolynomeSF9BW1600       0x0800be10   Data          88  sx1280.o(.constdata)
    RangingCorrectionSF10BW1600              0x0800be68   Data        1280  sx1280.o(.constdata)
    correctionRangingPolynomeSF10BW1600      0x0800c368   Data          88  sx1280.o(.constdata)
    RadioRegsInit                            0x0800c3c0   Data           4  sx1280.o(.constdata)
    __mathlib_zero                           0x0800c450   Data           8  qnan.o(.constdata)
    Region$$Table$$Base                      0x0800c458   Number         0  anon$$obj.o(Region$$Table)
    Region$$Table$$Limit                     0x0800c478   Number         0  anon$$obj.o(Region$$Table)
    DeviceState                              0x20000000   Data           1  main.o(.data)
    distance                                 0x20000008   Data           8  main.o(.data)
    RangingDemoAddress                       0x20000010   Data           4  main.o(.data)
    RangingDoneFlag                          0x20000014   Data           1  main.o(.data)
    RxDoneFlag                               0x20000015   Data           1  main.o(.data)
    RxSize                                   0x20000016   Data           1  main.o(.data)
    TxTimestamp                              0x20000018   Data           4  main.o(.data)
    TxLength                                 0x2000001c   Data           1  main.o(.data)
    TxData                                   0x20000020   Data           4  main.o(.data)
    LPTIM1Count                              0x20000024   Data           1  main.o(.data)
    AliveTxParams                            0x20000025   Data           1  main.o(.data)
    ProcDoneFlag                             0x20000026   Data           1  main.o(.data)
    RTT_Value                                0x20000028   Data           4  main.o(.data)
    uwTick                                   0x2000002c   Data           4  stm32l4xx_hal.o(.data)
    uwTickPrio                               0x20000030   Data           4  stm32l4xx_hal.o(.data)
    uwTickFreq                               0x20000034   Data           1  stm32l4xx_hal.o(.data)
    SystemCoreClock                          0x20000038   Data           4  system_stm32l4xx.o(.data)
    RngBufferSize                            0x2000003c   Data           1  ranging.o(.data)
    RngRxIrqMask                             0x2000003e   Data           2  ranging.o(.data)
    RngTxIrqMask                             0x20000040   Data           2  ranging.o(.data)
    RngSlaveIrqMask                          0x20000042   Data           2  ranging.o(.data)
    RngMasterIrqMask                         0x20000044   Data           2  ranging.o(.data)
    RngPacketStatus                          0x20000046   Data           6  ranging.o(.data)
    RangingCorrectionPerSfBwGain             0x2000004c   Data          72  sx1280.o(.data)
    RangingCorrectionPolynomesPerSfBw        0x20000094   Data          72  sx1280.o(.data)
    OperatingMode                            0x200000dc   Data           1  sx1280.o(.data)
    My_addr                                  0x200000e4   Data           4  route.o(.data)
    EntryNumber                              0x200000e8   Data           4  route.o(.data)
    RTHead                                   0x200000ec   Data           4  route.o(.data)
    WaitingNumber                            0x200000f0   Data           4  route.o(.data)
    Waitinglist                              0x200000f4   Data           4  route.o(.data)
    reply_ip                                 0x200000f8   Data           4  route.o(.data)
    SEQ                                      0x200000fc   Data           2  route.o(.data)
    __stdout                                 0x20000100   Data           4  stdout.o(.data)
    __microlib_freelist                      0x20000104   Data           4  mvars.o(.data)
    __microlib_freelist_initialised          0x20000108   Data           4  mvars.o(.data)
    RxData                                   0x20000110   Data          20  main.o(.bss)
    RTT_UpBuffer                             0x20000124   Data        4096  main.o(.bss)
    hlptim1                                  0x20001124   Data          56  lptim.o(.bss)
    hspi1                                    0x2000115c   Data         100  spi.o(.bss)
    huart2                                   0x200011c0   Data         128  usart.o(.bss)
    RngBuffer                                0x20001240   Data          20  ranging.o(.bss)
    RngPacketParams                          0x20001254   Data          24  ranging.o(.bss)
    RngModulationParams                      0x2000126c   Data          13  ranging.o(.bss)
    __heap_base                              0x20001478   Data           0  startup_stm32l476xx.o(HEAP)
    __heap_limit                             0x20002478   Data           0  startup_stm32l476xx.o(HEAP)
    __initial_sp                             0x20003478   Data           0  startup_stm32l476xx.o(STACK)



==============================================================================

Memory Map of the image

  Image Entry point : 0x08000189

  Load Region LR_IROM1 (Base: 0x08000000, Size: 0x0000c588, Max: 0x00100000, ABSOLUTE)

    Execution Region ER_IROM1 (Exec base: 0x08000000, Load base: 0x08000000, Size: 0x0000c478, Max: 0x00100000, ABSOLUTE)

    Exec Addr    Load Addr    Size         Type   Attr      Idx    E Section Name        Object

    0x08000000   0x08000000   0x00000188   Data   RO            3    RESET               startup_stm32l476xx.o
    0x08000188   0x08000188   0x00000000   Code   RO         4763  * .ARM.Collect$$$$00000000  mc_w.l(entry.o)
    0x08000188   0x08000188   0x00000004   Code   RO         5118    .ARM.Collect$$$$00000001  mc_w.l(entry2.o)
    0x0800018c   0x0800018c   0x00000004   Code   RO         5121    .ARM.Collect$$$$00000004  mc_w.l(entry5.o)
    0x08000190   0x08000190   0x00000000   Code   RO         5123    .ARM.Collect$$$$00000008  mc_w.l(entry7b.o)
    0x08000190   0x08000190   0x00000000   Code   RO         5125    .ARM.Collect$$$$0000000A  mc_w.l(entry8b.o)
    0x08000190   0x08000190   0x00000008   Code   RO         5126    .ARM.Collect$$$$0000000B  mc_w.l(entry9a.o)
    0x08000198   0x08000198   0x00000004   Code   RO         5133    .ARM.Collect$$$$0000000E  mc_w.l(entry12b.o)
    0x0800019c   0x0800019c   0x00000000   Code   RO         5128    .ARM.Collect$$$$0000000F  mc_w.l(entry10a.o)
    0x0800019c   0x0800019c   0x00000000   Code   RO         5130    .ARM.Collect$$$$00000011  mc_w.l(entry11a.o)
    0x0800019c   0x0800019c   0x00000004   Code   RO         5119    .ARM.Collect$$$$00002712  mc_w.l(entry2.o)
    0x080001a0   0x080001a0   0x00000024   Code   RO            4    .text               startup_stm32l476xx.o
    0x080001c4   0x080001c4   0x00000068   Code   RO         4766    .text               mc_w.l(uldiv.o)
    0x0800022c   0x0800022c   0x00000024   Code   RO         4768    .text               mc_w.l(memcpya.o)
    0x08000250   0x08000250   0x00000024   Code   RO         4770    .text               mc_w.l(memseta.o)
    0x08000274   0x08000274   0x0000015e   Code   RO         5069    .text               mf_w.l(dadd.o)
    0x080003d2   0x080003d2   0x000000ea   Code   RO         5071    .text               mf_w.l(dmul.o)
    0x080004bc   0x080004bc   0x000000de   Code   RO         5073    .text               mf_w.l(ddiv.o)
    0x0800059a   0x0800059a   0x00000022   Code   RO         5075    .text               mf_w.l(dflti.o)
    0x080005bc   0x080005bc   0x0000001a   Code   RO         5077    .text               mf_w.l(dfltui.o)
    0x080005d6   0x080005d6   0x00000032   Code   RO         5079    .text               mf_w.l(dfixui.o)
    0x08000608   0x08000608   0x0000002c   Code   RO         5135    .text               mc_w.l(uidiv.o)
    0x08000634   0x08000634   0x0000001e   Code   RO         5137    .text               mc_w.l(llshl.o)
    0x08000652   0x08000652   0x00000020   Code   RO         5139    .text               mc_w.l(llushr.o)
    0x08000672   0x08000672   0x00000024   Code   RO         5141    .text               mc_w.l(llsshr.o)
    0x08000696   0x08000696   0x00000000   Code   RO         5158    .text               mc_w.l(iusefp.o)
    0x08000696   0x08000696   0x000000ba   Code   RO         5159    .text               mf_w.l(depilogue.o)
    0x08000750   0x08000750   0x0000002e   Code   RO         5163    .text               mf_w.l(dscalb.o)
    0x0800077e   0x0800077e   0x00000030   Code   RO         5165    .text               mf_w.l(dfixul.o)
    0x080007ae   0x080007ae   0x00000002   PAD
    0x080007b0   0x080007b0   0x00000030   Code   RO         5167    .text               mf_w.l(cdrcmple.o)
    0x080007e0   0x080007e0   0x00000024   Code   RO         5169    .text               mc_w.l(init.o)
    0x08000804   0x08000804   0x000000a2   Code   RO         5175    .text               mf_w.l(dsqrt.o)
    0x080008a6   0x080008a6   0x00000004   Code   RO          677    i.BusFault_Handler  stm32l4xx_it.o
    0x080008aa   0x080008aa   0x00000002   Code   RO          678    i.DebugMon_Handler  stm32l4xx_it.o
    0x080008ac   0x080008ac   0x0000000c   Code   RO          679    i.EXTI15_10_IRQHandler  stm32l4xx_it.o
    0x080008b8   0x080008b8   0x0000000a   Code   RO          680    i.EXTI4_IRQHandler  stm32l4xx_it.o
    0x080008c2   0x080008c2   0x00000006   Code   RO          295    i.Error_Handler     main.o
    0x080008c8   0x080008c8   0x00000028   Code   RO         1071    i.HAL_Delay         stm32l4xx_hal.o
    0x080008f0   0x080008f0   0x000000f4   Code   RO          296    i.HAL_GPIO_EXTI_Callback  main.o
    0x080009e4   0x080009e4   0x0000001c   Code   RO         2296    i.HAL_GPIO_EXTI_IRQHandler  stm32l4xx_hal_gpio.o
    0x08000a00   0x08000a00   0x00000204   Code   RO         2297    i.HAL_GPIO_Init     stm32l4xx_hal_gpio.o
    0x08000c04   0x08000c04   0x00000010   Code   RO         2299    i.HAL_GPIO_ReadPin  stm32l4xx_hal_gpio.o
    0x08000c14   0x08000c14   0x0000000a   Code   RO         2301    i.HAL_GPIO_WritePin  stm32l4xx_hal_gpio.o
    0x08000c1e   0x08000c1e   0x00000002   PAD
    0x08000c20   0x08000c20   0x0000000c   Code   RO         1075    i.HAL_GetTick       stm32l4xx_hal.o
    0x08000c2c   0x08000c2c   0x00000018   Code   RO         1081    i.HAL_IncTick       stm32l4xx_hal.o
    0x08000c44   0x08000c44   0x0000001e   Code   RO         1082    i.HAL_Init          stm32l4xx_hal.o
    0x08000c62   0x08000c62   0x00000002   PAD
    0x08000c64   0x08000c64   0x00000058   Code   RO         1083    i.HAL_InitTick      stm32l4xx_hal.o
    0x08000cbc   0x08000cbc   0x00000068   Code   RO          297    i.HAL_LPTIM1_INT_Callback  main.o
    0x08000d24   0x08000d24   0x00000002   Code   RO          795    i.HAL_LPTIM_AutoReloadMatchCallback  stm32l4xx_hal_lptim.o
    0x08000d26   0x08000d26   0x00000002   Code   RO          796    i.HAL_LPTIM_AutoReloadWriteCallback  stm32l4xx_hal_lptim.o
    0x08000d28   0x08000d28   0x00000002   Code   RO          797    i.HAL_LPTIM_CompareMatchCallback  stm32l4xx_hal_lptim.o
    0x08000d2a   0x08000d2a   0x00000002   Code   RO          798    i.HAL_LPTIM_CompareWriteCallback  stm32l4xx_hal_lptim.o
    0x08000d2c   0x08000d2c   0x00000002   Code   RO          804    i.HAL_LPTIM_DirectionDownCallback  stm32l4xx_hal_lptim.o
    0x08000d2e   0x08000d2e   0x00000002   Code   RO          805    i.HAL_LPTIM_DirectionUpCallback  stm32l4xx_hal_lptim.o
    0x08000d30   0x08000d30   0x00000008   Code   RO          810    i.HAL_LPTIM_GetState  stm32l4xx_hal_lptim.o
    0x08000d38   0x08000d38   0x000000e6   Code   RO          811    i.HAL_LPTIM_IRQHandler  stm32l4xx_hal_lptim.o
    0x08000e1e   0x08000e1e   0x00000002   PAD
    0x08000e20   0x08000e20   0x000000d0   Code   RO          812    i.HAL_LPTIM_Init    stm32l4xx_hal_lptim.o
    0x08000ef0   0x08000ef0   0x00000044   Code   RO          534    i.HAL_LPTIM_MspInit  lptim.o
    0x08000f34   0x08000f34   0x000000c0   Code   RO          831    i.HAL_LPTIM_TimeOut_Start_IT  stm32l4xx_hal_lptim.o
    0x08000ff4   0x08000ff4   0x00000002   Code   RO          834    i.HAL_LPTIM_TriggerCallback  stm32l4xx_hal_lptim.o
    0x08000ff6   0x08000ff6   0x00000002   PAD
    0x08000ff8   0x08000ff8   0x00000040   Code   RO          771    i.HAL_MspInit       stm32l4xx_hal_msp.o
    0x08001038   0x08001038   0x00000028   Code   RO         2844    i.HAL_NVIC_EnableIRQ  stm32l4xx_hal_cortex.o
    0x08001060   0x08001060   0x00000082   Code   RO         2850    i.HAL_NVIC_SetPriority  stm32l4xx_hal_cortex.o
    0x080010e2   0x080010e2   0x00000002   PAD
    0x080010e4   0x080010e4   0x00000028   Code   RO         2851    i.HAL_NVIC_SetPriorityGrouping  stm32l4xx_hal_cortex.o
    0x0800110c   0x0800110c   0x0000008c   Code   RO         2588    i.HAL_PWREx_ControlVoltageScaling  stm32l4xx_hal_pwr_ex.o
    0x08001198   0x08001198   0x00000010   Code   RO         2619    i.HAL_PWREx_GetVoltageRange  stm32l4xx_hal_pwr_ex.o
    0x080011a8   0x080011a8   0x000004d4   Code   RO         1930    i.HAL_RCCEx_PeriphCLKConfig  stm32l4xx_hal_rcc_ex.o
    0x0800167c   0x0800167c   0x0000017c   Code   RO         1815    i.HAL_RCC_ClockConfig  stm32l4xx_hal_rcc.o
    0x080017f8   0x080017f8   0x0000000c   Code   RO         1819    i.HAL_RCC_GetHCLKFreq  stm32l4xx_hal_rcc.o
    0x08001804   0x08001804   0x00000024   Code   RO         1821    i.HAL_RCC_GetPCLK1Freq  stm32l4xx_hal_rcc.o
    0x08001828   0x08001828   0x00000024   Code   RO         1822    i.HAL_RCC_GetPCLK2Freq  stm32l4xx_hal_rcc.o
    0x0800184c   0x0800184c   0x000000ec   Code   RO         1823    i.HAL_RCC_GetSysClockFreq  stm32l4xx_hal_rcc.o
    0x08001938   0x08001938   0x000006fc   Code   RO         1826    i.HAL_RCC_OscConfig  stm32l4xx_hal_rcc.o
    0x08002034   0x08002034   0x0000002c   Code   RO         3378    i.HAL_SPIEx_FlushRxFifo  stm32l4xx_hal_spi_ex.o
    0x08002060   0x08002060   0x000000f0   Code   RO         3062    i.HAL_SPI_Init      stm32l4xx_hal_spi.o
    0x08002150   0x08002150   0x00000078   Code   RO          576    i.HAL_SPI_MspInit   spi.o
    0x080021c8   0x080021c8   0x000001f0   Code   RO         3070    i.HAL_SPI_Transmit  stm32l4xx_hal_spi.o
    0x080023b8   0x080023b8   0x000002c2   Code   RO         3071    i.HAL_SPI_TransmitReceive  stm32l4xx_hal_spi.o
    0x0800267a   0x0800267a   0x00000034   Code   RO         2855    i.HAL_SYSTICK_Config  stm32l4xx_hal_cortex.o
    0x080026ae   0x080026ae   0x0000000c   Code   RO         3464    i.HAL_UART_GetState  stm32l4xx_hal_uart.o
    0x080026ba   0x080026ba   0x00000074   Code   RO         3466    i.HAL_UART_Init     stm32l4xx_hal_uart.o
    0x0800272e   0x0800272e   0x00000002   PAD
    0x08002730   0x08002730   0x00000078   Code   RO          618    i.HAL_UART_MspInit  usart.o
    0x080027a8   0x080027a8   0x000000d8   Code   RO         3475    i.HAL_UART_Transmit  stm32l4xx_hal_uart.o
    0x08002880   0x08002880   0x00000004   Code   RO          681    i.HardFault_Handler  stm32l4xx_it.o
    0x08002884   0x08002884   0x00000014   Code   RO          682    i.LPTIM1_IRQHandler  stm32l4xx_it.o
    0x08002898   0x08002898   0x00000190   Code   RO          835    i.LPTIM_Disable     stm32l4xx_hal_lptim.o
    0x08002a28   0x08002a28   0x00000038   Code   RO          836    i.LPTIM_WaitForFlag  stm32l4xx_hal_lptim.o
    0x08002a60   0x08002a60   0x0000003c   Code   RO         3925    i.LoRaSendData      ranging.o
    0x08002a9c   0x08002a9c   0x00000014   Code   RO         3926    i.LoRaSetPayloadLength  ranging.o
    0x08002ab0   0x08002ab0   0x00000028   Code   RO         3927    i.LoRaSetRx         ranging.o
    0x08002ad8   0x08002ad8   0x000000f8   Code   RO          505    i.MX_GPIO_Init      gpio.o
    0x08002bd0   0x08002bd0   0x0000003c   Code   RO          535    i.MX_LPTIM1_Init    lptim.o
    0x08002c0c   0x08002c0c   0x00000050   Code   RO          577    i.MX_SPI1_Init      spi.o
    0x08002c5c   0x08002c5c   0x00000040   Code   RO          619    i.MX_USART2_UART_Init  usart.o
    0x08002c9c   0x08002c9c   0x00000004   Code   RO          683    i.MemManage_Handler  stm32l4xx_it.o
    0x08002ca0   0x08002ca0   0x00000094   Code   RO         4625    i.Mesh_Handle_Broadcast  route.o
    0x08002d34   0x08002d34   0x000000d4   Code   RO         4626    i.Mesh_Handle_Reply  route.o
    0x08002e08   0x08002e08   0x0000004c   Code   RO         4627    i.Mesh_Reply        route.o
    0x08002e54   0x08002e54   0x00000040   Code   RO         4628    i.Mesh_Reply_Join   route.o
    0x08002e94   0x08002e94   0x00000084   Code   RO         4629    i.Mesh_Send         route.o
    0x08002f18   0x08002f18   0x00000060   Code   RO         4630    i.Mesh_transmit     route.o
    0x08002f78   0x08002f78   0x00000004   Code   RO          684    i.NMI_Handler       stm32l4xx_it.o
    0x08002f7c   0x08002f7c   0x00000002   Code   RO          685    i.PendSV_Handler    stm32l4xx_it.o
    0x08002f7e   0x08002f7e   0x00000002   PAD
    0x08002f80   0x08002f80   0x0000018c   Code   RO         1934    i.RCCEx_PLLSAI1_Config  stm32l4xx_hal_rcc_ex.o
    0x0800310c   0x0800310c   0x00000164   Code   RO         1935    i.RCCEx_PLLSAI2_Config  stm32l4xx_hal_rcc_ex.o
    0x08003270   0x08003270   0x0000009c   Code   RO         1827    i.RCC_SetFlashLatencyFromMSIRange  stm32l4xx_hal_rcc.o
    0x0800330c   0x0800330c   0x0000004c   Code   RO         3929    i.RangingInitRadio  ranging.o
    0x08003358   0x08003358   0x00000044   Code   RO         3930    i.RangingSetParams  ranging.o
    0x0800339c   0x0800339c   0x00000064   Code   RO         3100    i.SPI_EndRxTxTransaction  stm32l4xx_hal_spi.o
    0x08003400   0x08003400   0x000000ea   Code   RO         3105    i.SPI_WaitFifoStateUntilTimeout  stm32l4xx_hal_spi.o
    0x080034ea   0x080034ea   0x00000002   PAD
    0x080034ec   0x080034ec   0x000000de   Code   RO         3106    i.SPI_WaitFlagStateUntilTimeout  stm32l4xx_hal_spi.o
    0x080035ca   0x080035ca   0x00000002   Code   RO          686    i.SVC_Handler       stm32l4xx_it.o
    0x080035cc   0x080035cc   0x0000001c   Code   RO         4021    i.SX1280ClearIrqStatus  sx1280.o
    0x080035e8   0x080035e8   0x0000001a   Code   RO         4025    i.SX1280GetFirmwareVersion  sx1280.o
    0x08003602   0x08003602   0x0000001a   Code   RO         4028    i.SX1280GetIrqStatus  sx1280.o
    0x0800361c   0x0800361c   0x00000308   Code   RO         4031    i.SX1280GetPacketStatus  sx1280.o
    0x08003924   0x08003924   0x0000000c   Code   RO         4032    i.SX1280GetPacketType  sx1280.o
    0x08003930   0x08003930   0x0000002a   Code   RO         4033    i.SX1280GetPayload  sx1280.o
    0x0800395a   0x0800395a   0x00000016   Code   RO         4037    i.SX1280GetRssiInst  sx1280.o
    0x08003970   0x08003970   0x00000054   Code   RO         4038    i.SX1280GetRxBufferStatus  sx1280.o
    0x080039c4   0x080039c4   0x00000074   Code   RO         4512    i.SX1280HalReadBuffer  sx1280-hal.o
    0x08003a38   0x08003a38   0x00000070   Code   RO         4513    i.SX1280HalReadCommand  sx1280-hal.o
    0x08003aa8   0x08003aa8   0x00000014   Code   RO         4514    i.SX1280HalReadRegister  sx1280-hal.o
    0x08003abc   0x08003abc   0x00000078   Code   RO         4515    i.SX1280HalReadRegisters  sx1280-hal.o
    0x08003b34   0x08003b34   0x0000002e   Code   RO         4516    i.SX1280HalReset    sx1280-hal.o
    0x08003b62   0x08003b62   0x00000002   PAD
    0x08003b64   0x08003b64   0x0000003c   Code   RO         4517    i.SX1280HalWaitOnBusy  sx1280-hal.o
    0x08003ba0   0x08003ba0   0x00000054   Code   RO         4519    i.SX1280HalWriteBuffer  sx1280-hal.o
    0x08003bf4   0x08003bf4   0x00000054   Code   RO         4520    i.SX1280HalWriteCommand  sx1280-hal.o
    0x08003c48   0x08003c48   0x00000016   Code   RO         4045    i.SX1280SendPayload  sx1280.o
    0x08003c5e   0x08003c5e   0x0000001a   Code   RO         4050    i.SX1280SetBufferBaseAddresses  sx1280.o
    0x08003c78   0x08003c78   0x0000004a   Code   RO         4056    i.SX1280SetDioIrqParams  sx1280.o
    0x08003cc2   0x08003cc2   0x00000002   PAD
    0x08003cc4   0x08003cc4   0x000000b0   Code   RO         4062    i.SX1280SetModulationParams  sx1280.o
    0x08003d74   0x08003d74   0x00000110   Code   RO         4063    i.SX1280SetPacketParams  sx1280.o
    0x08003e84   0x08003e84   0x0000001c   Code   RO         4064    i.SX1280SetPacketType  sx1280.o
    0x08003ea0   0x08003ea0   0x00000012   Code   RO         4065    i.SX1280SetPayload  sx1280.o
    0x08003eb2   0x08003eb2   0x00000012   Code   RO         4070    i.SX1280SetRangingRole  sx1280.o
    0x08003ec4   0x08003ec4   0x0000000e   Code   RO         4072    i.SX1280SetRegulatorMode  sx1280.o
    0x08003ed2   0x08003ed2   0x00000002   PAD
    0x08003ed4   0x08003ed4   0x0000008c   Code   RO         4073    i.SX1280SetRfFrequency  sx1280.o
    0x08003f60   0x08003f60   0x0000004c   Code   RO         4074    i.SX1280SetRx       sx1280.o
    0x08003fac   0x08003fac   0x00000028   Code   RO         4078    i.SX1280SetStandby  sx1280.o
    0x08003fd4   0x08003fd4   0x0000004c   Code   RO         4081    i.SX1280SetTx       sx1280.o
    0x08004020   0x08004020   0x00000020   Code   RO         4084    i.SX1280SetTxParams  sx1280.o
    0x08004040   0x08004040   0x0000001c   Code   RO         4523    i.SpiIn             sx1280-hal.o
    0x0800405c   0x0800405c   0x00000028   Code   RO         4524    i.SpiInOut          sx1280-hal.o
    0x08004084   0x08004084   0x00000008   Code   RO          687    i.SysTick_Handler   stm32l4xx_it.o
    0x0800408c   0x0800408c   0x00000098   Code   RO          298    i.SystemClock_Config  main.o
    0x08004124   0x08004124   0x00000050   Code   RO         3889    i.SystemInit        system_stm32l4xx.o
    0x08004174   0x08004174   0x000000f8   Code   RO         3480    i.UART_AdvFeatureConfig  stm32l4xx_hal_uart.o
    0x0800426c   0x0800426c   0x0000006e   Code   RO         3481    i.UART_CheckIdleState  stm32l4xx_hal_uart.o
    0x080042da   0x080042da   0x00000002   PAD
    0x080042dc   0x080042dc   0x0000037e   Code   RO         3497    i.UART_SetConfig    stm32l4xx_hal_uart.o
    0x0800465a   0x0800465a   0x000000b4   Code   RO         3500    i.UART_WaitOnFlagUntilTimeout  stm32l4xx_hal_uart.o
    0x0800470e   0x0800470e   0x00000004   Code   RO          688    i.UsageFault_Handler  stm32l4xx_it.o
    0x08004712   0x08004712   0x00000002   PAD
    0x08004714   0x08004714   0x00000020   Code   RO         5009    i.__0printf         mc_w.l(printfa.o)
    0x08004734   0x08004734   0x00000030   Code   RO         5101    i.__ARM_fpclassify  m_wm.l(fpclassify.o)
    0x08004764   0x08004764   0x00000010   Code   RO         2857    i.__NVIC_GetPriorityGrouping  stm32l4xx_hal_cortex.o
    0x08004774   0x08004774   0x00000028   Code   RO         2858    i.__NVIC_SetPriority  stm32l4xx_hal_cortex.o
    0x0800479c   0x0800479c   0x00000004   PAD
    0x080047a0   0x080047a0   0x00000c80   Code   RO         4749    i.__hardfp_pow      m_wm.l(pow.o)
    0x08005420   0x08005420   0x000000f8   Code   RO         5103    i.__kernel_poly     m_wm.l(poly.o)
    0x08005518   0x08005518   0x00000030   Code   RO         5081    i.__mathlib_dbl_divzero  m_wm.l(dunder.o)
    0x08005548   0x08005548   0x00000014   Code   RO         5083    i.__mathlib_dbl_infnan2  m_wm.l(dunder.o)
    0x0800555c   0x0800555c   0x00000004   PAD
    0x08005560   0x08005560   0x00000020   Code   RO         5084    i.__mathlib_dbl_invalid  m_wm.l(dunder.o)
    0x08005580   0x08005580   0x00000020   Code   RO         5085    i.__mathlib_dbl_overflow  m_wm.l(dunder.o)
    0x080055a0   0x080055a0   0x00000020   Code   RO         5087    i.__mathlib_dbl_underflow  m_wm.l(dunder.o)
    0x080055c0   0x080055c0   0x0000000e   Code   RO         5184    i.__scatterload_copy  mc_w.l(handlers.o)
    0x080055ce   0x080055ce   0x00000002   Code   RO         5185    i.__scatterload_null  mc_w.l(handlers.o)
    0x080055d0   0x080055d0   0x0000000e   Code   RO         5186    i.__scatterload_zeroinit  mc_w.l(handlers.o)
    0x080055de   0x080055de   0x00000002   PAD
    0x080055e0   0x080055e0   0x0000000c   Code   RO         5147    i.__set_errno       mc_w.l(errno.o)
    0x080055ec   0x080055ec   0x0000018a   Code   RO         5016    i._fp_digits        mc_w.l(printfa.o)
    0x08005776   0x08005776   0x00000002   PAD
    0x08005778   0x08005778   0x000006ba   Code   RO         5017    i._printf_core      mc_w.l(printfa.o)
    0x08005e32   0x08005e32   0x00000024   Code   RO         5018    i._printf_post_padding  mc_w.l(printfa.o)
    0x08005e56   0x08005e56   0x0000002e   Code   RO         5019    i._printf_pre_padding  mc_w.l(printfa.o)
    0x08005e84   0x08005e84   0x00000060   Code   RO         4631    i.add_RT            route.o
    0x08005ee4   0x08005ee4   0x00000054   Code   RO         4632    i.add_Waitinglist   route.o
    0x08005f38   0x08005f38   0x00000018   Code   RO         5097    i.fabs              m_wm.l(fabs.o)
    0x08005f50   0x08005f50   0x00000050   Code   RO         4636    i.findRoute_RT      route.o
    0x08005fa0   0x08005fa0   0x0000002c   Code   RO          622    i.fputc             usart.o
    0x08005fcc   0x08005fcc   0x00000050   Code   RO         5037    i.free              mc_w.l(malloc.o)
    0x0800601c   0x0800601c   0x00000020   Code   RO         4637    i.get_RT            route.o
    0x0800603c   0x0800603c   0x000000dc   Code   RO          299    i.main              main.o
    0x08006118   0x08006118   0x0000006c   Code   RO         5038    i.malloc            mc_w.l(malloc.o)
    0x08006184   0x08006184   0x00000080   Code   RO          300    i.parse_package     main.o
    0x08006204   0x08006204   0x0000006e   Code   RO         5108    i.sqrt              m_wm.l(sqrt.o)
    0x08006272   0x08006272   0x00000002   PAD
    0x08006274   0x08006274   0x00000048   Data   RO         3890    .constdata          system_stm32l4xx.o
    0x080062bc   0x080062bc   0x00000004   PAD
    0x080062c0   0x080062c0   0x000000d0   Data   RO         3933    .constdata          ranging.o
    0x08006390   0x08006390   0x00006034   Data   RO         4088    .constdata          sx1280.o
    0x0800c3c4   0x0800c3c4   0x00000004   PAD
    0x0800c3c8   0x0800c3c8   0x00000088   Data   RO         4752    .constdata          m_wm.l(pow.o)
    0x0800c450   0x0800c450   0x00000008   Data   RO         5105    .constdata          m_wm.l(qnan.o)
    0x0800c458   0x0800c458   0x00000020   Data   RO         5182    Region$$Table       anon$$obj.o


    Execution Region RW_IRAM2 (Exec base: 0x10000000, Load base: 0x0800c588, Size: 0x00000000, Max: 0x00008000, ABSOLUTE)

    **** No section assigned to this execution region ****


    Execution Region RW_IRAM1 (Exec base: 0x20000000, Load base: 0x0800c478, Size: 0x00003478, Max: 0x00018000, ABSOLUTE)

    Exec Addr    Load Addr    Size         Type   Attr      Idx    E Section Name        Object

    0x20000000   0x0800c478   0x0000002c   Data   RW          302    .data               main.o
    0x2000002c   0x0800c4a4   0x00000009   Data   RW         1099    .data               stm32l4xx_hal.o
    0x20000035   0x0800c4ad   0x00000003   PAD
    0x20000038   0x0800c4b0   0x00000004   Data   RW         3891    .data               system_stm32l4xx.o
    0x2000003c   0x0800c4b4   0x00000010   Data   RW         3934    .data               ranging.o
    0x2000004c   0x0800c4c4   0x00000095   Data   RW         4089    .data               sx1280.o
    0x200000e1   0x0800c559   0x00000003   PAD
    0x200000e4   0x0800c55c   0x0000001a   Data   RW         4642    .data               route.o
    0x200000fe   0x0800c576   0x00000002   PAD
    0x20000100   0x0800c578   0x00000004   Data   RW         5134    .data               mc_w.l(stdout.o)
    0x20000104   0x0800c57c   0x00000004   Data   RW         5143    .data               mc_w.l(mvars.o)
    0x20000108   0x0800c580   0x00000004   Data   RW         5144    .data               mc_w.l(mvars.o)
    0x2000010c   0x0800c584   0x00000004   Data   RW         5148    .data               mc_w.l(errno.o)
    0x20000110        -       0x00001014   Zero   RW          301    .bss                main.o
    0x20001124        -       0x00000038   Zero   RW          536    .bss                lptim.o
    0x2000115c        -       0x00000064   Zero   RW          578    .bss                spi.o
    0x200011c0        -       0x00000080   Zero   RW          623    .bss                usart.o
    0x20001240        -       0x00000039   Zero   RW         3932    .bss                ranging.o
    0x20001279        -       0x000001fe   Zero   RW         4525    .bss                sx1280-hal.o
    0x20001477   0x0800c588   0x00000001   PAD
    0x20001478        -       0x00001000   Zero   RW            2    HEAP                startup_stm32l476xx.o
    0x20002478        -       0x00001000   Zero   RW            1    STACK               startup_stm32l476xx.o


==============================================================================

Image component sizes


      Code (inc. data)   RO Data    RW Data    ZI Data      Debug   Object Name

       248         20          0          0          0       2243   gpio.o
       128         20          0          0         56       1587   lptim.o
       854        216          0         44       4116     825062   main.o
       264         52        208         16         57      17375   ranging.o
      1020        158          0         26          0       8941   route.o
         0          0          0          0          0       1444   segger_rtt.o
       200         18          0          0        100       1685   spi.o
        36          8        392          0       8192        840   startup_stm32l476xx.o
       194         32          0          9          0      14425   stm32l4xx_hal.o
       318         22          0          0          0      34387   stm32l4xx_hal_cortex.o
       570         40          0          0          0       3646   stm32l4xx_hal_gpio.o
      1108         30          0          0          0       9694   stm32l4xx_hal_lptim.o
        64          6          0          0          0        858   stm32l4xx_hal_msp.o
       156         18          0          0          0       1366   stm32l4xx_hal_pwr_ex.o
      2644        106          0          0          0       7364   stm32l4xx_hal_rcc.o
      1988         48          0          0          0       3956   stm32l4xx_hal_rcc_ex.o
      1998         12          0          0          0       7224   stm32l4xx_hal_spi.o
        44          0          0          0          0       1148   stm32l4xx_hal_spi_ex.o
      1776         56          0          0          0       6853   stm32l4xx_hal_uart.o
        76          6          0          0          0       5772   stm32l4xx_it.o
       710         58          0          0        510       7159   sx1280-hal.o
      2028         62      24628        149          0      26079   sx1280.o
        80         12         72          4          0       1249   system_stm32l4xx.o
       228         22          0          0        128       2334   usart.o

    ----------------------------------------------------------------------
     16762       1026      25340        256      13160     992691   Object Totals
         0          0         32          0          0          0   (incl. Generated)
        30          4          8          8          1          0   (incl. Padding)

    ----------------------------------------------------------------------

      Code (inc. data)   RO Data    RW Data    ZI Data      Debug   Library Member Name

       164         44          0          0          0        620   dunder.o
        24          0          0          0          0        124   fabs.o
        48          0          0          0          0        124   fpclassify.o
       248          0          0          0          0        152   poly.o
      3200        296        136          0          0        352   pow.o
         0          0          8          0          0          0   qnan.o
       110          0          0          0          0        148   sqrt.o
         0          0          0          0          0          0   entry.o
         0          0          0          0          0          0   entry10a.o
         0          0          0          0          0          0   entry11a.o
         4          0          0          0          0          0   entry12b.o
         8          4          0          0          0          0   entry2.o
         4          0          0          0          0          0   entry5.o
         0          0          0          0          0          0   entry7b.o
         0          0          0          0          0          0   entry8b.o
         8          4          0          0          0          0   entry9a.o
        12          6          0          4          0         68   errno.o
        30          0          0          0          0          0   handlers.o
        36          8          0          0          0         68   init.o
         0          0          0          0          0          0   iusefp.o
        30          0          0          0          0         68   llshl.o
        36          0          0          0          0         68   llsshr.o
        32          0          0          0          0         68   llushr.o
       188         20          0          0          0        160   malloc.o
        36          0          0          0          0         68   memcpya.o
        36          0          0          0          0        108   memseta.o
         0          0          0          8          0          0   mvars.o
      2230         90          0          0          0        464   printfa.o
         0          0          0          4          0          0   stdout.o
        44          0          0          0          0         80   uidiv.o
       104          0          0          0          0         92   uldiv.o
        48          0          0          0          0         68   cdrcmple.o
       350          0          0          0          0        148   dadd.o
       222          0          0          0          0        100   ddiv.o
       186          0          0          0          0        176   depilogue.o
        50          0          0          0          0         76   dfixui.o
        48          0          0          0          0         68   dfixul.o
        34          0          0          0          0         76   dflti.o
        26          0          0          0          0         76   dfltui.o
       234          0          0          0          0         96   dmul.o
        46          0          0          0          0         80   dscalb.o
       162          0          0          0          0        100   dsqrt.o

    ----------------------------------------------------------------------
      8050        472        144         16          0       3896   Library Totals
        12          0          0          0          0          0   (incl. Padding)

    ----------------------------------------------------------------------

      Code (inc. data)   RO Data    RW Data    ZI Data      Debug   Library Name

      3794        340        144          0          0       1520   m_wm.l
      2838        132          0         16          0       1312   mc_w.l
      1406          0          0          0          0       1064   mf_w.l

    ----------------------------------------------------------------------
      8050        472        144         16          0       3896   Library Totals

    ----------------------------------------------------------------------

==============================================================================


      Code (inc. data)   RO Data    RW Data    ZI Data      Debug   

     24812       1498      25484        272      13160     982343   Grand Totals
     24812       1498      25484        272      13160     982343   ELF Image Totals
     24812       1498      25484        272          0          0   ROM Totals

==============================================================================

    Total RO  Size (Code + RO Data)                50296 (  49.12kB)
    Total RW  Size (RW Data + ZI Data)             13432 (  13.12kB)
    Total ROM Size (Code + RO Data + RW Data)      50568 (  49.38kB)

==============================================================================

